******************************************************************************
                  MSP430 Linker PC v4.3.3                      
******************************************************************************
>> Linked Tue Apr 14 01:32:06 2015

OUTPUT FILE NAME:   <User_Interface.out>
ENTRY POINT SYMBOL: "_c_int00"  address: 0000de40


MEMORY CONFIGURATION

         name            origin    length      used     unused   attr    fill
----------------------  --------  ---------  --------  --------  ----  --------
  SFR                   00000000   00000010  00000000  00000010  RWIX
  PERIPHERALS_8BIT      00000010   000000f0  00000000  000000f0  RWIX
  PERIPHERALS_16BIT     00000100   00000100  00000000  00000100  RWIX
  RAM                   00000200   00000200  0000008a  00000176  RWIX
  INFOD                 00001000   00000040  00000000  00000040  RWIX
  INFOC                 00001040   00000040  00000000  00000040  RWIX
  INFOB                 00001080   00000040  00000000  00000040  RWIX
  INFOA                 000010c0   00000040  00000000  00000040  RWIX
  FLASH                 0000c000   00003fe0  00002093  00001f4d  RWIX
  INT00                 0000ffe0   00000002  00000000  00000002  RWIX
  INT01                 0000ffe2   00000002  00000000  00000002  RWIX
  INT02                 0000ffe4   00000002  00000002  00000000  RWIX
  INT03                 0000ffe6   00000002  00000002  00000000  RWIX
  INT04                 0000ffe8   00000002  00000000  00000002  RWIX
  INT05                 0000ffea   00000002  00000002  00000000  RWIX
  INT06                 0000ffec   00000002  00000002  00000000  RWIX
  INT07                 0000ffee   00000002  00000002  00000000  RWIX
  INT08                 0000fff0   00000002  00000002  00000000  RWIX
  INT09                 0000fff2   00000002  00000002  00000000  RWIX
  INT10                 0000fff4   00000002  00000002  00000000  RWIX
  INT11                 0000fff6   00000002  00000002  00000000  RWIX
  INT12                 0000fff8   00000002  00000002  00000000  RWIX
  INT13                 0000fffa   00000002  00000002  00000000  RWIX
  INT14                 0000fffc   00000002  00000002  00000000  RWIX
  RESET                 0000fffe   00000002  00000002  00000000  RWIX


SECTION ALLOCATION MAP

 output                                  attributes/
section   page    origin      length       input sections
--------  ----  ----------  ----------   ----------------
.init_array 
*          0    0000c000    00000000     UNINITIALIZED

.data      0    00000200    00000036     UNINITIALIZED
                  00000200    00000036     main.obj (.data)

.TI.persistent 
*          0    00000200    00000000     UNINITIALIZED

.bss       0    00000236    00000004     UNINITIALIZED
                  00000236    00000002     (.common:i)
                  00000238    00000002     (.common:j)

.TI.noinit 
*          0    00000236    00000000     UNINITIALIZED

.stack     0    000003b0    00000050     UNINITIALIZED
                  000003b0    00000002     rts430_eabi.lib : boot.obj (.stack)
                  000003b2    0000004e     --HOLE--

.text      0    0000c000    00001fb2     
                  0000c000    0000054a     main.obj (.text:main)
                  0000c54a    00000462     rts430_eabi.lib : frcdivd.obj (.text:__TI_frcdivd)
                  0000c9ac    000002e8                     : addd.obj (.text:__mspabi_addd)
                  0000cc94    00000260                     : frcaddd.obj (.text:__TI_frcaddd)
                  0000cef4    00000238                     : divd.obj (.text:__mspabi_divd)
                  0000d12c    00000130                     : fs_add.obj (.text)
                  0000d25c    000000d8     main.obj (.text:recalculate_times)
                  0000d334    000000c6     main.obj (.text:print)
                  0000d3fa    000000c2     rts430_eabi.lib : fs_mpy.obj (.text)
                  0000d4bc    000000be                     : renormd.obj (.text:__TI_renormd)
                  0000d57a    000000a6     main.obj (.text:printBolusCountdown)
                  0000d620    000000a2     rts430_eabi.lib : fltlid.obj (.text:__mspabi_fltlid)
                  0000d6c2    0000009a                     : fs_div.obj (.text)
                  0000d75c    0000008a     main.obj (.text:Port_1)
                  0000d7e6    00000072     rts430_eabi.lib : fixdli.obj (.text:__mspabi_fixdli)
                  0000d858    00000068                     : cvtfd.obj (.text:__mspabi_cvtfd)
                  0000d8c0    00000068                     : fs_toi.obj (.text)
                  0000d928    00000066     main.obj (.text:itoa)
                  0000d98e    0000005e     rts430_eabi.lib : copy_decompress_rle.obj (.text:__TI_decompress_rle_core)
                  0000d9ec    0000005e                     : autoinit.obj (.text:_auto_init)
                  0000da4a    0000005c                     : lsr32.obj (.text:l_lsr_const)
                  0000daa6    00000054     main.obj (.text:lcd_init)
                  0000dafa    0000004c     rts430_eabi.lib : lsr16.obj (.text)
                  0000db46    0000003e                     : asr32.obj (.text:l_asr_const)
                  0000db84    0000003e                     : lsl32.obj (.text:l_lsl_const)
                  0000dbc2    0000003e     main.obj (.text:send_command)
                  0000dc00    0000003e     main.obj (.text:send_data)
                  0000dc3e    00000036     main.obj (.text:reverse)
                  0000dc74    00000036     rts430_eabi.lib : fs_itof.obj (.text)
                  0000dcaa    0000002e                     : subd.obj (.text:__mspabi_subd)
                  0000dcd8    0000002e     main.obj (.text:delay)
                  0000dd06    0000002c     rts430_eabi.lib : asr16.obj (.text)
                  0000dd32    0000002c                     : div16s.obj (.text)
                  0000dd5e    0000002c                     : lsl16.obj (.text)
                  0000dd8a    0000002a     main.obj (.text:deliverBolusDosage)
                  0000ddb4    00000028     rts430_eabi.lib : fixdi.obj (.text:__mspabi_fixdi)
                  0000dddc    00000026                     : mult32.obj (.text)
                  0000de02    00000020     main.obj (.text:Timer_A0)
                  0000de22    0000001e     main.obj (.text:print_screen)
                  0000de40    0000001a     rts430_eabi.lib : boot.obj (.text:_c_int00_noexit)
                  0000de5a    0000001a                     : strcat.obj (.text:strcat)
                  0000de74    00000016     main.obj (.text:factoryReset)
                  0000de8a    00000016     rts430_eabi.lib : div16u.obj (.text)
                  0000dea0    00000014                     : copy_zero_init.obj (.text:decompress:ZI:__TI_zero_init)
                  0000deb4    00000014                     : memset.obj (.text:memset)
                  0000dec8    00000014                     : mult16.obj (.text)
                  0000dedc    00000014     main.obj (.text:send_string)
                  0000def0    00000012     rts430_eabi.lib : copy_decompress_none.obj (.text:decompress:none:__TI_decompress_none)
                  0000df02    00000012                     : lsr32.obj (.text:l_lsr)
                  0000df14    00000012                     : memcpy.obj (.text:memcpy)
                  0000df26    00000010     main.obj (.text:data_write)
                  0000df36    00000010     rts430_eabi.lib : asr32.obj (.text:l_asr)
                  0000df46    00000010                     : lsl32.obj (.text:l_lsl)
                  0000df56    00000010                     : epilog.obj (.text)
                  0000df66    00000010                     : strcpy.obj (.text:strcpy)
                  0000df76    0000000e     main.obj (.text:check_busy)
                  0000df84    0000000e     rts430_eabi.lib : strlen.obj (.text:strlen)
                  0000df92    0000000c                     : fltid.obj (.text:__mspabi_fltid)
                  0000df9e    00000006                     : isr_trap.obj (.text:__TI_ISR_TRAP)
                  0000dfa4    00000006                     : copy_decompress_rle.obj (.text:decompress:rle24:__TI_decompress_rle24)
                  0000dfaa    00000004                     : pre_init.obj (.text:_system_pre_init)
                  0000dfae    00000004                     : exit.obj (.text:abort)

.const     0    0000dfb2    000000bb     
                  0000dfb2    000000a2     main.obj (.const:.string)
                  0000e054    00000014     main.obj (.const)
                  0000e068    00000005     main.obj (.const:.string:$P$T0$1)

.cinit     0    0000e06e    00000026     
                  0000e06e    00000013     (.cinit..data.load) [load image, compression = rle]
                  0000e081    00000001     --HOLE-- [fill = 0]
                  0000e082    00000006     (__TI_handler_table)
                  0000e088    00000004     (.cinit..bss.load) [load image, compression = zero_init]
                  0000e08c    00000008     (__TI_cinit_table)

PORT1      0    0000ffe4    00000002     
                  0000ffe4    00000002     main.obj (.int02)

PORT2      0    0000ffe6    00000002     
                  0000ffe6    00000002     rts430_eabi.lib : int03.obj (.int03)

ADC10      0    0000ffea    00000002     
                  0000ffea    00000002     rts430_eabi.lib : int05.obj (.int05)

USCIAB0TX 
*          0    0000ffec    00000002     
                  0000ffec    00000002     rts430_eabi.lib : int06.obj (.int06)

USCIAB0RX 
*          0    0000ffee    00000002     
                  0000ffee    00000002     rts430_eabi.lib : int07.obj (.int07)

TIMER0_A1 
*          0    0000fff0    00000002     
                  0000fff0    00000002     rts430_eabi.lib : int08.obj (.int08)

TIMER0_A0 
*          0    0000fff2    00000002     
                  0000fff2    00000002     main.obj (.int09)

WDT        0    0000fff4    00000002     
                  0000fff4    00000002     rts430_eabi.lib : int10.obj (.int10)

COMPARATORA 
*          0    0000fff6    00000002     
                  0000fff6    00000002     rts430_eabi.lib : int11.obj (.int11)

TIMER1_A1 
*          0    0000fff8    00000002     
                  0000fff8    00000002     rts430_eabi.lib : int12.obj (.int12)

TIMER1_A0 
*          0    0000fffa    00000002     
                  0000fffa    00000002     rts430_eabi.lib : int13.obj (.int13)

NMI        0    0000fffc    00000002     
                  0000fffc    00000002     rts430_eabi.lib : int14.obj (.int14)

.reset     0    0000fffe    00000002     
                  0000fffe    00000002     rts430_eabi.lib : boot.obj (.reset)


LINKER GENERATED COPY TABLES

__TI_cinit_table @ 0000e08c records: 2, size/record: 4, table size: 8
	.data: load addr=0000e06e, load size=00000013 bytes, run addr=00000200, run size=00000036 bytes, compression=rle
	.bss: load addr=0000e088, load size=00000004 bytes, run addr=00000236, run size=00000004 bytes, compression=zero_init


LINKER GENERATED HANDLER TABLE

__TI_handler_table @ 0000e082 records: 3, size/record: 2, table size: 6
	index: 0, handler: __TI_zero_init
	index: 1, handler: __TI_decompress_rle24
	index: 2, handler: __TI_decompress_none


GLOBAL SYMBOLS: SORTED ALPHABETICALLY BY Name 

address    name
--------   ----
0000004a   ADC10AE0
000001b0   ADC10CTL0
000001b2   ADC10CTL1
00000048   ADC10DTC0
00000049   ADC10DTC1
000001b4   ADC10MEM
000001bc   ADC10SA
00000057   BCSCTL1
00000058   BCSCTL2
00000053   BCSCTL3
0000dfae   C$$EXIT
00000059   CACTL1
0000005a   CACTL2
000010fb   CALBC1_12MHZ
000010f9   CALBC1_16MHZ
000010ff   CALBC1_1MHZ
000010fd   CALBC1_8MHZ
000010fa   CALDCO_12MHZ
000010f8   CALDCO_16MHZ
000010fe   CALDCO_1MHZ
000010fc   CALDCO_8MHZ
0000005b   CAPD
0000e05a   CAPSULE_VOLUME
00000056   DCOCTL
0000e054   DEFAULT_BOLUS_DOSAGE
0000e056   DEFAULT_BOLUS_MINS
0000e058   DEFAULT_FLOW_RATE
00000128   FCTL1
0000012a   FCTL2
0000012c   FCTL3
00000000   IE1
00000001   IE2
00000002   IFG1
00000003   IFG2
0000e05e   MAX_BOLUS_DOSAGE
0000e060   MAX_BOLUS_MINS
0000e064   MAX_FLOW_RATE
0000e062   MINIMUM_BOLUS_MINS
0000e066   MIN_FLOW_RATE
00000022   P1DIR
00000025   P1IE
00000024   P1IES
00000023   P1IFG
00000020   P1IN
00000021   P1OUT
00000027   P1REN
00000026   P1SEL
00000041   P1SEL2
0000002a   P2DIR
0000002d   P2IE
0000002c   P2IES
0000002b   P2IFG
00000028   P2IN
00000029   P2OUT
0000002f   P2REN
0000002e   P2SEL
00000042   P2SEL2
0000001a   P3DIR
00000018   P3IN
00000019   P3OUT
00000010   P3REN
0000001b   P3SEL
00000043   P3SEL2
00000202   PWM_Duty
00000200   PWM_Period
0000d75c   Port_1
00000172   TA0CCR0
00000174   TA0CCR1
00000176   TA0CCR2
00000162   TA0CCTL0
00000164   TA0CCTL1
00000166   TA0CCTL2
00000160   TA0CTL
0000012e   TA0IV
00000170   TA0R
00000192   TA1CCR0
00000194   TA1CCR1
00000196   TA1CCR2
00000182   TA1CCTL0
00000184   TA1CCTL1
00000186   TA1CCTL2
00000180   TA1CTL
0000011e   TA1IV
00000190   TA1R
000010db   TLV_ADC10_1_LEN
000010da   TLV_ADC10_1_TAG
000010c0   TLV_CHECKSUM
000010f7   TLV_DCO_30_LEN
000010f6   TLV_DCO_30_TAG
0000de02   Timer_A0
0000005d   UCA0ABCTL
00000062   UCA0BR0
00000063   UCA0BR1
00000060   UCA0CTL0
00000061   UCA0CTL1
0000005f   UCA0IRRCTL
0000005e   UCA0IRTCTL
00000064   UCA0MCTL
00000066   UCA0RXBUF
00000065   UCA0STAT
00000067   UCA0TXBUF
0000006a   UCB0BR0
0000006b   UCB0BR1
00000068   UCB0CTL0
00000069   UCB0CTL1
0000006c   UCB0I2CIE
00000118   UCB0I2COA
0000011a   UCB0I2CSA
0000006e   UCB0RXBUF
0000006d   UCB0STAT
0000006f   UCB0TXBUF
00000120   WDTCTL
00000400   __STACK_END
00000050   __STACK_SIZE
0000e08c   __TI_CINIT_Base
0000e094   __TI_CINIT_Limit
0000e082   __TI_Handler_Table_Base
0000e088   __TI_Handler_Table_Limit
UNDEFED    __TI_INITARRAY_Base
UNDEFED    __TI_INITARRAY_Limit
0000df9e   __TI_ISR_TRAP
00000001   __TI_args_main
0000def0   __TI_decompress_none
0000dfa4   __TI_decompress_rle24
00000001   __TI_exit
0000cc94   __TI_frcaddd
0000c54a   __TI_frcdivd
0000ffe4   __TI_int02
0000ffe6   __TI_int03
0000ffea   __TI_int05
0000ffec   __TI_int06
0000ffee   __TI_int07
0000fff0   __TI_int08
0000fff2   __TI_int09
0000fff4   __TI_int10
0000fff6   __TI_int11
0000fff8   __TI_int12
0000fffa   __TI_int13
0000fffc   __TI_int14
0000d4bc   __TI_renormd
0000dea0   __TI_zero_init
ffffffff   __binit__
ffffffff   __c_args__
0000c9ac   __mspabi_addd
0000d132   __mspabi_addf
0000d858   __mspabi_cvtfd
0000cef4   __mspabi_divd
0000d6c2   __mspabi_divf
0000dd32   __mspabi_divi
0000de8a   __mspabi_divu
0000ddb4   __mspabi_fixdi
0000d7e6   __mspabi_fixdli
0000d8c0   __mspabi_fixfi
0000df92   __mspabi_fltid
0000dc74   __mspabi_fltif
0000d620   __mspabi_fltlid
0000df62   __mspabi_func_epilog_1
0000df60   __mspabi_func_epilog_2
0000df5e   __mspabi_func_epilog_3
0000df5c   __mspabi_func_epilog_4
0000df5a   __mspabi_func_epilog_5
0000df58   __mspabi_func_epilog_6
0000df56   __mspabi_func_epilog_7
0000d3fa   __mspabi_mpyf
0000dec8   __mspabi_mpyi
0000dddc   __mspabi_mpyl
0000dd32   __mspabi_remi
0000de8a   __mspabi_remu
0000dd5e   __mspabi_slli
0000dd86   __mspabi_slli_1
0000dd74   __mspabi_slli_10
0000dd72   __mspabi_slli_11
0000dd70   __mspabi_slli_12
0000dd6e   __mspabi_slli_13
0000dd6c   __mspabi_slli_14
0000dd6a   __mspabi_slli_15
0000dd84   __mspabi_slli_2
0000dd82   __mspabi_slli_3
0000dd80   __mspabi_slli_4
0000dd7e   __mspabi_slli_5
0000dd7c   __mspabi_slli_6
0000dd7a   __mspabi_slli_7
0000dd78   __mspabi_slli_8
0000dd76   __mspabi_slli_9
0000df46   __mspabi_slll
0000dbbc   __mspabi_slll_1
0000db98   __mspabi_slll_10
0000db94   __mspabi_slll_11
0000db90   __mspabi_slll_12
0000db8c   __mspabi_slll_13
0000db88   __mspabi_slll_14
0000db84   __mspabi_slll_15
0000dbb8   __mspabi_slll_2
0000dbb4   __mspabi_slll_3
0000dbb0   __mspabi_slll_4
0000dbac   __mspabi_slll_5
0000dba8   __mspabi_slll_6
0000dba4   __mspabi_slll_7
0000dba0   __mspabi_slll_8
0000db9c   __mspabi_slll_9
0000dd06   __mspabi_srai
0000dd2e   __mspabi_srai_1
0000dd1c   __mspabi_srai_10
0000dd1a   __mspabi_srai_11
0000dd18   __mspabi_srai_12
0000dd16   __mspabi_srai_13
0000dd14   __mspabi_srai_14
0000dd12   __mspabi_srai_15
0000dd2c   __mspabi_srai_2
0000dd2a   __mspabi_srai_3
0000dd28   __mspabi_srai_4
0000dd26   __mspabi_srai_5
0000dd24   __mspabi_srai_6
0000dd22   __mspabi_srai_7
0000dd20   __mspabi_srai_8
0000dd1e   __mspabi_srai_9
0000df36   __mspabi_sral
0000db7e   __mspabi_sral_1
0000db5a   __mspabi_sral_10
0000db56   __mspabi_sral_11
0000db52   __mspabi_sral_12
0000db4e   __mspabi_sral_13
0000db4a   __mspabi_sral_14
0000db46   __mspabi_sral_15
0000db7a   __mspabi_sral_2
0000db76   __mspabi_sral_3
0000db72   __mspabi_sral_4
0000db6e   __mspabi_sral_5
0000db6a   __mspabi_sral_6
0000db66   __mspabi_sral_7
0000db62   __mspabi_sral_8
0000db5e   __mspabi_sral_9
0000dafa   __mspabi_srli
0000db40   __mspabi_srli_1
0000db1c   __mspabi_srli_10
0000db18   __mspabi_srli_11
0000db14   __mspabi_srli_12
0000db10   __mspabi_srli_13
0000db0c   __mspabi_srli_14
0000db08   __mspabi_srli_15
0000db3c   __mspabi_srli_2
0000db38   __mspabi_srli_3
0000db34   __mspabi_srli_4
0000db30   __mspabi_srli_5
0000db2c   __mspabi_srli_6
0000db28   __mspabi_srli_7
0000db24   __mspabi_srli_8
0000db20   __mspabi_srli_9
0000df02   __mspabi_srll
0000da9e   __mspabi_srll_1
0000da68   __mspabi_srll_10
0000da62   __mspabi_srll_11
0000da5c   __mspabi_srll_12
0000da56   __mspabi_srll_13
0000da50   __mspabi_srll_14
0000da4a   __mspabi_srll_15
0000da98   __mspabi_srll_2
0000da92   __mspabi_srll_3
0000da8c   __mspabi_srll_4
0000da86   __mspabi_srll_5
0000da80   __mspabi_srll_6
0000da7a   __mspabi_srll_7
0000da74   __mspabi_srll_8
0000da6e   __mspabi_srll_9
0000dcaa   __mspabi_subd
0000d12c   __mspabi_subf
0000d9ec   _auto_init
0000de40   _c_int00
0000de40   _c_int00_noexit
0000fffe   _reset_vector
000003b0   _stack
0000dfaa   _system_pre_init
0000dfae   abort
ffffffff   binit
00000212   bolus_active
00000234   bolus_count
00000218   bolus_countdown
0000021a   bolus_countdown_prev
0000020a   bolus_dosage
0000021e   bolus_dosage_changed
0000020c   bolus_mins
00000204   button
0000df76   check_busy
00000206   count
00000214   current_time
0000df26   data_write
0000dcd8   delay
0000dd8a   deliverBolusDosage
00000220   dosage_cycle
0000de74   factoryReset
00000228   fill_time
0000020e   flow_rate
0000021c   flow_rate_changed
00000236   i
0000d928   itoa
00000238   j
0000daa6   lcd_init
0000c000   main
00000232   max_bolus_count
0000df14   memcpy
0000deb4   memset
00000216   next_valve_change
0000d334   print
0000d57a   printBolusCountdown
0000de22   print_screen
0000d25c   recalculate_times
0000dc3e   reverse
0000dbc2   send_command
0000dc00   send_data
0000dedc   send_string
0000de5a   strcat
0000df66   strcpy
0000df84   strlen
00000230   timercount
00000210   total_delivered
00000208   valve


GLOBAL SYMBOLS: SORTED BY Symbol Address 

address    name
--------   ----
00000000   IE1
00000001   IE2
00000001   __TI_args_main
00000001   __TI_exit
00000002   IFG1
00000003   IFG2
00000010   P3REN
00000018   P3IN
00000019   P3OUT
0000001a   P3DIR
0000001b   P3SEL
00000020   P1IN
00000021   P1OUT
00000022   P1DIR
00000023   P1IFG
00000024   P1IES
00000025   P1IE
00000026   P1SEL
00000027   P1REN
00000028   P2IN
00000029   P2OUT
0000002a   P2DIR
0000002b   P2IFG
0000002c   P2IES
0000002d   P2IE
0000002e   P2SEL
0000002f   P2REN
00000041   P1SEL2
00000042   P2SEL2
00000043   P3SEL2
00000048   ADC10DTC0
00000049   ADC10DTC1
0000004a   ADC10AE0
00000050   __STACK_SIZE
00000053   BCSCTL3
00000056   DCOCTL
00000057   BCSCTL1
00000058   BCSCTL2
00000059   CACTL1
0000005a   CACTL2
0000005b   CAPD
0000005d   UCA0ABCTL
0000005e   UCA0IRTCTL
0000005f   UCA0IRRCTL
00000060   UCA0CTL0
00000061   UCA0CTL1
00000062   UCA0BR0
00000063   UCA0BR1
00000064   UCA0MCTL
00000065   UCA0STAT
00000066   UCA0RXBUF
00000067   UCA0TXBUF
00000068   UCB0CTL0
00000069   UCB0CTL1
0000006a   UCB0BR0
0000006b   UCB0BR1
0000006c   UCB0I2CIE
0000006d   UCB0STAT
0000006e   UCB0RXBUF
0000006f   UCB0TXBUF
00000118   UCB0I2COA
0000011a   UCB0I2CSA
0000011e   TA1IV
00000120   WDTCTL
00000128   FCTL1
0000012a   FCTL2
0000012c   FCTL3
0000012e   TA0IV
00000160   TA0CTL
00000162   TA0CCTL0
00000164   TA0CCTL1
00000166   TA0CCTL2
00000170   TA0R
00000172   TA0CCR0
00000174   TA0CCR1
00000176   TA0CCR2
00000180   TA1CTL
00000182   TA1CCTL0
00000184   TA1CCTL1
00000186   TA1CCTL2
00000190   TA1R
00000192   TA1CCR0
00000194   TA1CCR1
00000196   TA1CCR2
000001b0   ADC10CTL0
000001b2   ADC10CTL1
000001b4   ADC10MEM
000001bc   ADC10SA
00000200   PWM_Period
00000202   PWM_Duty
00000204   button
00000206   count
00000208   valve
0000020a   bolus_dosage
0000020c   bolus_mins
0000020e   flow_rate
00000210   total_delivered
00000212   bolus_active
00000214   current_time
00000216   next_valve_change
00000218   bolus_countdown
0000021a   bolus_countdown_prev
0000021c   flow_rate_changed
0000021e   bolus_dosage_changed
00000220   dosage_cycle
00000228   fill_time
00000230   timercount
00000232   max_bolus_count
00000234   bolus_count
00000236   i
00000238   j
000003b0   _stack
00000400   __STACK_END
000010c0   TLV_CHECKSUM
000010da   TLV_ADC10_1_TAG
000010db   TLV_ADC10_1_LEN
000010f6   TLV_DCO_30_TAG
000010f7   TLV_DCO_30_LEN
000010f8   CALDCO_16MHZ
000010f9   CALBC1_16MHZ
000010fa   CALDCO_12MHZ
000010fb   CALBC1_12MHZ
000010fc   CALDCO_8MHZ
000010fd   CALBC1_8MHZ
000010fe   CALDCO_1MHZ
000010ff   CALBC1_1MHZ
0000c000   main
0000c54a   __TI_frcdivd
0000c9ac   __mspabi_addd
0000cc94   __TI_frcaddd
0000cef4   __mspabi_divd
0000d12c   __mspabi_subf
0000d132   __mspabi_addf
0000d25c   recalculate_times
0000d334   print
0000d3fa   __mspabi_mpyf
0000d4bc   __TI_renormd
0000d57a   printBolusCountdown
0000d620   __mspabi_fltlid
0000d6c2   __mspabi_divf
0000d75c   Port_1
0000d7e6   __mspabi_fixdli
0000d858   __mspabi_cvtfd
0000d8c0   __mspabi_fixfi
0000d928   itoa
0000d9ec   _auto_init
0000da4a   __mspabi_srll_15
0000da50   __mspabi_srll_14
0000da56   __mspabi_srll_13
0000da5c   __mspabi_srll_12
0000da62   __mspabi_srll_11
0000da68   __mspabi_srll_10
0000da6e   __mspabi_srll_9
0000da74   __mspabi_srll_8
0000da7a   __mspabi_srll_7
0000da80   __mspabi_srll_6
0000da86   __mspabi_srll_5
0000da8c   __mspabi_srll_4
0000da92   __mspabi_srll_3
0000da98   __mspabi_srll_2
0000da9e   __mspabi_srll_1
0000daa6   lcd_init
0000dafa   __mspabi_srli
0000db08   __mspabi_srli_15
0000db0c   __mspabi_srli_14
0000db10   __mspabi_srli_13
0000db14   __mspabi_srli_12
0000db18   __mspabi_srli_11
0000db1c   __mspabi_srli_10
0000db20   __mspabi_srli_9
0000db24   __mspabi_srli_8
0000db28   __mspabi_srli_7
0000db2c   __mspabi_srli_6
0000db30   __mspabi_srli_5
0000db34   __mspabi_srli_4
0000db38   __mspabi_srli_3
0000db3c   __mspabi_srli_2
0000db40   __mspabi_srli_1
0000db46   __mspabi_sral_15
0000db4a   __mspabi_sral_14
0000db4e   __mspabi_sral_13
0000db52   __mspabi_sral_12
0000db56   __mspabi_sral_11
0000db5a   __mspabi_sral_10
0000db5e   __mspabi_sral_9
0000db62   __mspabi_sral_8
0000db66   __mspabi_sral_7
0000db6a   __mspabi_sral_6
0000db6e   __mspabi_sral_5
0000db72   __mspabi_sral_4
0000db76   __mspabi_sral_3
0000db7a   __mspabi_sral_2
0000db7e   __mspabi_sral_1
0000db84   __mspabi_slll_15
0000db88   __mspabi_slll_14
0000db8c   __mspabi_slll_13
0000db90   __mspabi_slll_12
0000db94   __mspabi_slll_11
0000db98   __mspabi_slll_10
0000db9c   __mspabi_slll_9
0000dba0   __mspabi_slll_8
0000dba4   __mspabi_slll_7
0000dba8   __mspabi_slll_6
0000dbac   __mspabi_slll_5
0000dbb0   __mspabi_slll_4
0000dbb4   __mspabi_slll_3
0000dbb8   __mspabi_slll_2
0000dbbc   __mspabi_slll_1
0000dbc2   send_command
0000dc00   send_data
0000dc3e   reverse
0000dc74   __mspabi_fltif
0000dcaa   __mspabi_subd
0000dcd8   delay
0000dd06   __mspabi_srai
0000dd12   __mspabi_srai_15
0000dd14   __mspabi_srai_14
0000dd16   __mspabi_srai_13
0000dd18   __mspabi_srai_12
0000dd1a   __mspabi_srai_11
0000dd1c   __mspabi_srai_10
0000dd1e   __mspabi_srai_9
0000dd20   __mspabi_srai_8
0000dd22   __mspabi_srai_7
0000dd24   __mspabi_srai_6
0000dd26   __mspabi_srai_5
0000dd28   __mspabi_srai_4
0000dd2a   __mspabi_srai_3
0000dd2c   __mspabi_srai_2
0000dd2e   __mspabi_srai_1
0000dd32   __mspabi_divi
0000dd32   __mspabi_remi
0000dd5e   __mspabi_slli
0000dd6a   __mspabi_slli_15
0000dd6c   __mspabi_slli_14
0000dd6e   __mspabi_slli_13
0000dd70   __mspabi_slli_12
0000dd72   __mspabi_slli_11
0000dd74   __mspabi_slli_10
0000dd76   __mspabi_slli_9
0000dd78   __mspabi_slli_8
0000dd7a   __mspabi_slli_7
0000dd7c   __mspabi_slli_6
0000dd7e   __mspabi_slli_5
0000dd80   __mspabi_slli_4
0000dd82   __mspabi_slli_3
0000dd84   __mspabi_slli_2
0000dd86   __mspabi_slli_1
0000dd8a   deliverBolusDosage
0000ddb4   __mspabi_fixdi
0000dddc   __mspabi_mpyl
0000de02   Timer_A0
0000de22   print_screen
0000de40   _c_int00
0000de40   _c_int00_noexit
0000de5a   strcat
0000de74   factoryReset
0000de8a   __mspabi_divu
0000de8a   __mspabi_remu
0000dea0   __TI_zero_init
0000deb4   memset
0000dec8   __mspabi_mpyi
0000dedc   send_string
0000def0   __TI_decompress_none
0000df02   __mspabi_srll
0000df14   memcpy
0000df26   data_write
0000df36   __mspabi_sral
0000df46   __mspabi_slll
0000df56   __mspabi_func_epilog_7
0000df58   __mspabi_func_epilog_6
0000df5a   __mspabi_func_epilog_5
0000df5c   __mspabi_func_epilog_4
0000df5e   __mspabi_func_epilog_3
0000df60   __mspabi_func_epilog_2
0000df62   __mspabi_func_epilog_1
0000df66   strcpy
0000df76   check_busy
0000df84   strlen
0000df92   __mspabi_fltid
0000df9e   __TI_ISR_TRAP
0000dfa4   __TI_decompress_rle24
0000dfaa   _system_pre_init
0000dfae   C$$EXIT
0000dfae   abort
0000e054   DEFAULT_BOLUS_DOSAGE
0000e056   DEFAULT_BOLUS_MINS
0000e058   DEFAULT_FLOW_RATE
0000e05a   CAPSULE_VOLUME
0000e05e   MAX_BOLUS_DOSAGE
0000e060   MAX_BOLUS_MINS
0000e062   MINIMUM_BOLUS_MINS
0000e064   MAX_FLOW_RATE
0000e066   MIN_FLOW_RATE
0000e082   __TI_Handler_Table_Base
0000e088   __TI_Handler_Table_Limit
0000e08c   __TI_CINIT_Base
0000e094   __TI_CINIT_Limit
0000ffe4   __TI_int02
0000ffe6   __TI_int03
0000ffea   __TI_int05
0000ffec   __TI_int06
0000ffee   __TI_int07
0000fff0   __TI_int08
0000fff2   __TI_int09
0000fff4   __TI_int10
0000fff6   __TI_int11
0000fff8   __TI_int12
0000fffa   __TI_int13
0000fffc   __TI_int14
0000fffe   _reset_vector
ffffffff   __binit__
ffffffff   __c_args__
ffffffff   binit
UNDEFED    __TI_INITARRAY_Base
UNDEFED    __TI_INITARRAY_Limit

[316 symbols]
