<?xml version="1.0"?>
<link_info>
   <banner>MSP430 Linker PC v4.3.3</banner>
   <copyright>Copyright (c) 2003-2014 Texas Instruments Incorporated</copyright>
   <link_time>0x552c38f0</link_time>
   <link_errors>0x0</link_errors>
   <output_file>User_Interface.out</output_file>
   <entry_point>
      <name>_c_int00</name>
      <address>0xda18</address>
   </entry_point>
   <input_file_list>
      <input_file id="fl-2">
         <path>.\</path>
         <kind>object</kind>
         <file>main.obj</file>
         <name>main.obj</name>
      </input_file>
      <input_file id="fl-30">
         <path>c:\ti\ccsv6\tools\compiler\msp430_4.3.3\lib\</path>
         <kind>archive</kind>
         <file>rts430_eabi.lib</file>
         <name>addd.obj</name>
      </input_file>
      <input_file id="fl-31">
         <path>c:\ti\ccsv6\tools\compiler\msp430_4.3.3\lib\</path>
         <kind>archive</kind>
         <file>rts430_eabi.lib</file>
         <name>asr16.obj</name>
      </input_file>
      <input_file id="fl-32">
         <path>c:\ti\ccsv6\tools\compiler\msp430_4.3.3\lib\</path>
         <kind>archive</kind>
         <file>rts430_eabi.lib</file>
         <name>boot.obj</name>
      </input_file>
      <input_file id="fl-33">
         <path>c:\ti\ccsv6\tools\compiler\msp430_4.3.3\lib\</path>
         <kind>archive</kind>
         <file>rts430_eabi.lib</file>
         <name>copy_decompress_none.obj</name>
      </input_file>
      <input_file id="fl-34">
         <path>c:\ti\ccsv6\tools\compiler\msp430_4.3.3\lib\</path>
         <kind>archive</kind>
         <file>rts430_eabi.lib</file>
         <name>copy_decompress_rle.obj</name>
      </input_file>
      <input_file id="fl-35">
         <path>c:\ti\ccsv6\tools\compiler\msp430_4.3.3\lib\</path>
         <kind>archive</kind>
         <file>rts430_eabi.lib</file>
         <name>copy_zero_init.obj</name>
      </input_file>
      <input_file id="fl-36">
         <path>c:\ti\ccsv6\tools\compiler\msp430_4.3.3\lib\</path>
         <kind>archive</kind>
         <file>rts430_eabi.lib</file>
         <name>cvtfd.obj</name>
      </input_file>
      <input_file id="fl-37">
         <path>c:\ti\ccsv6\tools\compiler\msp430_4.3.3\lib\</path>
         <kind>archive</kind>
         <file>rts430_eabi.lib</file>
         <name>div16s.obj</name>
      </input_file>
      <input_file id="fl-38">
         <path>c:\ti\ccsv6\tools\compiler\msp430_4.3.3\lib\</path>
         <kind>archive</kind>
         <file>rts430_eabi.lib</file>
         <name>div16u.obj</name>
      </input_file>
      <input_file id="fl-39">
         <path>c:\ti\ccsv6\tools\compiler\msp430_4.3.3\lib\</path>
         <kind>archive</kind>
         <file>rts430_eabi.lib</file>
         <name>epilog.obj</name>
      </input_file>
      <input_file id="fl-3a">
         <path>c:\ti\ccsv6\tools\compiler\msp430_4.3.3\lib\</path>
         <kind>archive</kind>
         <file>rts430_eabi.lib</file>
         <name>exit.obj</name>
      </input_file>
      <input_file id="fl-3b">
         <path>c:\ti\ccsv6\tools\compiler\msp430_4.3.3\lib\</path>
         <kind>archive</kind>
         <file>rts430_eabi.lib</file>
         <name>fixdi.obj</name>
      </input_file>
      <input_file id="fl-3c">
         <path>c:\ti\ccsv6\tools\compiler\msp430_4.3.3\lib\</path>
         <kind>archive</kind>
         <file>rts430_eabi.lib</file>
         <name>fixdli.obj</name>
      </input_file>
      <input_file id="fl-3d">
         <path>c:\ti\ccsv6\tools\compiler\msp430_4.3.3\lib\</path>
         <kind>archive</kind>
         <file>rts430_eabi.lib</file>
         <name>fltud.obj</name>
      </input_file>
      <input_file id="fl-3e">
         <path>c:\ti\ccsv6\tools\compiler\msp430_4.3.3\lib\</path>
         <kind>archive</kind>
         <file>rts430_eabi.lib</file>
         <name>fltuld.obj</name>
      </input_file>
      <input_file id="fl-3f">
         <path>c:\ti\ccsv6\tools\compiler\msp430_4.3.3\lib\</path>
         <kind>archive</kind>
         <file>rts430_eabi.lib</file>
         <name>frcaddd.obj</name>
      </input_file>
      <input_file id="fl-40">
         <path>c:\ti\ccsv6\tools\compiler\msp430_4.3.3\lib\</path>
         <kind>archive</kind>
         <file>rts430_eabi.lib</file>
         <name>fs_add.obj</name>
      </input_file>
      <input_file id="fl-41">
         <path>c:\ti\ccsv6\tools\compiler\msp430_4.3.3\lib\</path>
         <kind>archive</kind>
         <file>rts430_eabi.lib</file>
         <name>fs_div.obj</name>
      </input_file>
      <input_file id="fl-42">
         <path>c:\ti\ccsv6\tools\compiler\msp430_4.3.3\lib\</path>
         <kind>archive</kind>
         <file>rts430_eabi.lib</file>
         <name>fs_itof.obj</name>
      </input_file>
      <input_file id="fl-43">
         <path>c:\ti\ccsv6\tools\compiler\msp430_4.3.3\lib\</path>
         <kind>archive</kind>
         <file>rts430_eabi.lib</file>
         <name>fs_toi.obj</name>
      </input_file>
      <input_file id="fl-44">
         <path>c:\ti\ccsv6\tools\compiler\msp430_4.3.3\lib\</path>
         <kind>archive</kind>
         <file>rts430_eabi.lib</file>
         <name>int03.obj</name>
      </input_file>
      <input_file id="fl-45">
         <path>c:\ti\ccsv6\tools\compiler\msp430_4.3.3\lib\</path>
         <kind>archive</kind>
         <file>rts430_eabi.lib</file>
         <name>int05.obj</name>
      </input_file>
      <input_file id="fl-46">
         <path>c:\ti\ccsv6\tools\compiler\msp430_4.3.3\lib\</path>
         <kind>archive</kind>
         <file>rts430_eabi.lib</file>
         <name>int06.obj</name>
      </input_file>
      <input_file id="fl-47">
         <path>c:\ti\ccsv6\tools\compiler\msp430_4.3.3\lib\</path>
         <kind>archive</kind>
         <file>rts430_eabi.lib</file>
         <name>int07.obj</name>
      </input_file>
      <input_file id="fl-48">
         <path>c:\ti\ccsv6\tools\compiler\msp430_4.3.3\lib\</path>
         <kind>archive</kind>
         <file>rts430_eabi.lib</file>
         <name>int08.obj</name>
      </input_file>
      <input_file id="fl-49">
         <path>c:\ti\ccsv6\tools\compiler\msp430_4.3.3\lib\</path>
         <kind>archive</kind>
         <file>rts430_eabi.lib</file>
         <name>int10.obj</name>
      </input_file>
      <input_file id="fl-4a">
         <path>c:\ti\ccsv6\tools\compiler\msp430_4.3.3\lib\</path>
         <kind>archive</kind>
         <file>rts430_eabi.lib</file>
         <name>int11.obj</name>
      </input_file>
      <input_file id="fl-4b">
         <path>c:\ti\ccsv6\tools\compiler\msp430_4.3.3\lib\</path>
         <kind>archive</kind>
         <file>rts430_eabi.lib</file>
         <name>int12.obj</name>
      </input_file>
      <input_file id="fl-4c">
         <path>c:\ti\ccsv6\tools\compiler\msp430_4.3.3\lib\</path>
         <kind>archive</kind>
         <file>rts430_eabi.lib</file>
         <name>int13.obj</name>
      </input_file>
      <input_file id="fl-4d">
         <path>c:\ti\ccsv6\tools\compiler\msp430_4.3.3\lib\</path>
         <kind>archive</kind>
         <file>rts430_eabi.lib</file>
         <name>int14.obj</name>
      </input_file>
      <input_file id="fl-4e">
         <path>c:\ti\ccsv6\tools\compiler\msp430_4.3.3\lib\</path>
         <kind>archive</kind>
         <file>rts430_eabi.lib</file>
         <name>isr_trap.obj</name>
      </input_file>
      <input_file id="fl-4f">
         <path>c:\ti\ccsv6\tools\compiler\msp430_4.3.3\lib\</path>
         <kind>archive</kind>
         <file>rts430_eabi.lib</file>
         <name>lsl16.obj</name>
      </input_file>
      <input_file id="fl-50">
         <path>c:\ti\ccsv6\tools\compiler\msp430_4.3.3\lib\</path>
         <kind>archive</kind>
         <file>rts430_eabi.lib</file>
         <name>lsl32.obj</name>
      </input_file>
      <input_file id="fl-51">
         <path>c:\ti\ccsv6\tools\compiler\msp430_4.3.3\lib\</path>
         <kind>archive</kind>
         <file>rts430_eabi.lib</file>
         <name>lsr16.obj</name>
      </input_file>
      <input_file id="fl-52">
         <path>c:\ti\ccsv6\tools\compiler\msp430_4.3.3\lib\</path>
         <kind>archive</kind>
         <file>rts430_eabi.lib</file>
         <name>lsr32.obj</name>
      </input_file>
      <input_file id="fl-53">
         <path>c:\ti\ccsv6\tools\compiler\msp430_4.3.3\lib\</path>
         <kind>archive</kind>
         <file>rts430_eabi.lib</file>
         <name>memcpy.obj</name>
      </input_file>
      <input_file id="fl-54">
         <path>c:\ti\ccsv6\tools\compiler\msp430_4.3.3\lib\</path>
         <kind>archive</kind>
         <file>rts430_eabi.lib</file>
         <name>memset.obj</name>
      </input_file>
      <input_file id="fl-55">
         <path>c:\ti\ccsv6\tools\compiler\msp430_4.3.3\lib\</path>
         <kind>archive</kind>
         <file>rts430_eabi.lib</file>
         <name>mpu_init.obj</name>
      </input_file>
      <input_file id="fl-56">
         <path>c:\ti\ccsv6\tools\compiler\msp430_4.3.3\lib\</path>
         <kind>archive</kind>
         <file>rts430_eabi.lib</file>
         <name>mult16.obj</name>
      </input_file>
      <input_file id="fl-57">
         <path>c:\ti\ccsv6\tools\compiler\msp430_4.3.3\lib\</path>
         <kind>archive</kind>
         <file>rts430_eabi.lib</file>
         <name>pre_init.obj</name>
      </input_file>
      <input_file id="fl-58">
         <path>c:\ti\ccsv6\tools\compiler\msp430_4.3.3\lib\</path>
         <kind>archive</kind>
         <file>rts430_eabi.lib</file>
         <name>renormd.obj</name>
      </input_file>
      <input_file id="fl-59">
         <path>c:\ti\ccsv6\tools\compiler\msp430_4.3.3\lib\</path>
         <kind>archive</kind>
         <file>rts430_eabi.lib</file>
         <name>sprintf.obj</name>
      </input_file>
      <input_file id="fl-5a">
         <path>c:\ti\ccsv6\tools\compiler\msp430_4.3.3\lib\</path>
         <kind>archive</kind>
         <file>rts430_eabi.lib</file>
         <name>strcat.obj</name>
      </input_file>
      <input_file id="fl-5b">
         <path>c:\ti\ccsv6\tools\compiler\msp430_4.3.3\lib\</path>
         <kind>archive</kind>
         <file>rts430_eabi.lib</file>
         <name>_lock.obj</name>
      </input_file>
      <input_file id="fl-5c">
         <path>c:\ti\ccsv6\tools\compiler\msp430_4.3.3\lib\</path>
         <kind>archive</kind>
         <file>rts430_eabi.lib</file>
         <name>_printfi_min.obj</name>
      </input_file>
      <input_file id="fl-5d">
         <path>c:\ti\ccsv6\tools\compiler\msp430_4.3.3\lib\</path>
         <kind>archive</kind>
         <file>rts430_eabi.lib</file>
         <name>args_main.obj</name>
      </input_file>
      <input_file id="fl-5e">
         <path>c:\ti\ccsv6\tools\compiler\msp430_4.3.3\lib\</path>
         <kind>archive</kind>
         <file>rts430_eabi.lib</file>
         <name>asr32.obj</name>
      </input_file>
      <input_file id="fl-5f">
         <path>c:\ti\ccsv6\tools\compiler\msp430_4.3.3\lib\</path>
         <kind>archive</kind>
         <file>rts430_eabi.lib</file>
         <name>autoinit.obj</name>
      </input_file>
      <input_file id="fl-60">
         <path>c:\ti\ccsv6\tools\compiler\msp430_4.3.3\lib\</path>
         <kind>archive</kind>
         <file>rts430_eabi.lib</file>
         <name>memccpy.obj</name>
      </input_file>
      <input_file id="fl-61">
         <path>c:\ti\ccsv6\tools\compiler\msp430_4.3.3\lib\</path>
         <kind>archive</kind>
         <file>rts430_eabi.lib</file>
         <name>strlen.obj</name>
      </input_file>
   </input_file_list>
   <object_component_list>
      <object_component id="oc-52">
         <name>.stack</name>
         <uninitialized>true</uninitialized>
         <run_address>0x3b0</run_address>
         <size>0x2</size>
         <input_file_ref idref="fl-32"/>
      </object_component>
      <object_component id="oc-2c9">
         <name>.stack</name>
         <uninitialized>true</uninitialized>
         <run_address>0x3b0</run_address>
         <size>0x0</size>
      </object_component>
      <object_component id="oc-73">
         <name>.text:main</name>
         <load_address>0xc000</load_address>
         <run_address>0xc000</run_address>
         <size>0x7bc</size>
         <input_file_ref idref="fl-2"/>
      </object_component>
      <object_component id="oc-f8">
         <name>.text:__mspabi_addd</name>
         <load_address>0xc7bc</load_address>
         <run_address>0xc7bc</run_address>
         <size>0x2e8</size>
         <input_file_ref idref="fl-30"/>
      </object_component>
      <object_component id="oc-187">
         <name>.text:__TI_frcaddd</name>
         <load_address>0xcaa4</load_address>
         <run_address>0xcaa4</run_address>
         <size>0x260</size>
         <input_file_ref idref="fl-3f"/>
      </object_component>
      <object_component id="oc-e8">
         <name>.text</name>
         <load_address>0xcd04</load_address>
         <run_address>0xcd04</run_address>
         <size>0x130</size>
         <input_file_ref idref="fl-40"/>
      </object_component>
      <object_component id="oc-1b8">
         <name>.text:_setfield</name>
         <load_address>0xce34</load_address>
         <run_address>0xce34</run_address>
         <size>0x116</size>
         <input_file_ref idref="fl-5c"/>
      </object_component>
      <object_component id="oc-13b">
         <name>.text:__TI_printfi_minimal</name>
         <load_address>0xcf4a</load_address>
         <run_address>0xcf4a</run_address>
         <size>0xca</size>
         <input_file_ref idref="fl-5c"/>
      </object_component>
      <object_component id="oc-222">
         <name>.text:__TI_renormd</name>
         <load_address>0xd014</load_address>
         <run_address>0xd014</run_address>
         <size>0xbe</size>
         <input_file_ref idref="fl-58"/>
      </object_component>
      <object_component id="oc-16b">
         <name>.text</name>
         <load_address>0xd0d2</load_address>
         <run_address>0xd0d2</run_address>
         <size>0x9a</size>
         <input_file_ref idref="fl-41"/>
      </object_component>
      <object_component id="oc-c9">
         <name>.text:printBolusCountdown</name>
         <load_address>0xd16c</load_address>
         <run_address>0xd16c</run_address>
         <size>0x96</size>
         <input_file_ref idref="fl-2"/>
      </object_component>
      <object_component id="oc-56">
         <name>.text:Port_1</name>
         <load_address>0xd202</load_address>
         <run_address>0xd202</run_address>
         <size>0x8a</size>
         <input_file_ref idref="fl-2"/>
      </object_component>
      <object_component id="oc-17a">
         <name>.text:__mspabi_fltuld</name>
         <load_address>0xd28c</load_address>
         <run_address>0xd28c</run_address>
         <size>0x80</size>
         <input_file_ref idref="fl-3e"/>
      </object_component>
      <object_component id="oc-199">
         <name>.text:__mspabi_fixdli</name>
         <load_address>0xd30c</load_address>
         <run_address>0xd30c</run_address>
         <size>0x72</size>
         <input_file_ref idref="fl-3c"/>
      </object_component>
      <object_component id="oc-170">
         <name>.text:__mspabi_cvtfd</name>
         <load_address>0xd37e</load_address>
         <run_address>0xd37e</run_address>
         <size>0x68</size>
         <input_file_ref idref="fl-36"/>
      </object_component>
      <object_component id="oc-ed">
         <name>.text</name>
         <load_address>0xd3e6</load_address>
         <run_address>0xd3e6</run_address>
         <size>0x68</size>
         <input_file_ref idref="fl-43"/>
      </object_component>
      <object_component id="oc-94">
         <name>.text:__TI_decompress_rle_core</name>
         <load_address>0xd44e</load_address>
         <run_address>0xd44e</run_address>
         <size>0x5e</size>
         <input_file_ref idref="fl-34"/>
      </object_component>
      <object_component id="oc-6d">
         <name>.text:_auto_init</name>
         <load_address>0xd4ac</load_address>
         <run_address>0xd4ac</run_address>
         <size>0x5e</size>
         <input_file_ref idref="fl-5f"/>
      </object_component>
      <object_component id="oc-dd">
         <name>.text:recalculate_times</name>
         <load_address>0xd50a</load_address>
         <run_address>0xd50a</run_address>
         <size>0x5e</size>
         <input_file_ref idref="fl-2"/>
      </object_component>
      <object_component id="oc-204">
         <name>.text:l_lsr_const</name>
         <load_address>0xd568</load_address>
         <run_address>0xd568</run_address>
         <size>0x5c</size>
         <input_file_ref idref="fl-52"/>
      </object_component>
      <object_component id="oc-270">
         <name>.text:_ltostr</name>
         <load_address>0xd5c4</load_address>
         <run_address>0xd5c4</run_address>
         <size>0x56</size>
         <input_file_ref idref="fl-5c"/>
      </object_component>
      <object_component id="oc-143">
         <name>.text:lcd_init</name>
         <load_address>0xd61a</load_address>
         <run_address>0xd61a</run_address>
         <size>0x54</size>
         <input_file_ref idref="fl-2"/>
      </object_component>
      <object_component id="oc-235">
         <name>.text:_pproc_diouxp</name>
         <load_address>0xd66e</load_address>
         <run_address>0xd66e</run_address>
         <size>0x4e</size>
         <input_file_ref idref="fl-5c"/>
      </object_component>
      <object_component id="oc-20e">
         <name>.text</name>
         <load_address>0xd6bc</load_address>
         <run_address>0xd6bc</run_address>
         <size>0x4c</size>
         <input_file_ref idref="fl-51"/>
      </object_component>
      <object_component id="oc-1be">
         <name>.text:_pproc_str</name>
         <load_address>0xd708</load_address>
         <run_address>0xd708</run_address>
         <size>0x48</size>
         <input_file_ref idref="fl-5c"/>
      </object_component>
      <object_component id="oc-1f3">
         <name>.text:l_asr_const</name>
         <load_address>0xd750</load_address>
         <run_address>0xd750</run_address>
         <size>0x3e</size>
         <input_file_ref idref="fl-5e"/>
      </object_component>
      <object_component id="oc-1ff">
         <name>.text:l_lsl_const</name>
         <load_address>0xd78e</load_address>
         <run_address>0xd78e</run_address>
         <size>0x3e</size>
         <input_file_ref idref="fl-50"/>
      </object_component>
      <object_component id="oc-14f">
         <name>.text:send_command</name>
         <load_address>0xd7cc</load_address>
         <run_address>0xd7cc</run_address>
         <size>0x3e</size>
         <input_file_ref idref="fl-2"/>
      </object_component>
      <object_component id="oc-1d8">
         <name>.text:send_data</name>
         <load_address>0xd80a</load_address>
         <run_address>0xd80a</run_address>
         <size>0x3e</size>
         <input_file_ref idref="fl-2"/>
      </object_component>
      <object_component id="oc-b7">
         <name>.text:sprintf</name>
         <load_address>0xd848</load_address>
         <run_address>0xd848</run_address>
         <size>0x38</size>
         <input_file_ref idref="fl-59"/>
      </object_component>
      <object_component id="oc-e3">
         <name>.text</name>
         <load_address>0xd880</load_address>
         <run_address>0xd880</run_address>
         <size>0x36</size>
         <input_file_ref idref="fl-42"/>
      </object_component>
      <object_component id="oc-26a">
         <name>.text:_getarg_diouxp</name>
         <load_address>0xd8b6</load_address>
         <run_address>0xd8b6</run_address>
         <size>0x2e</size>
         <input_file_ref idref="fl-5c"/>
      </object_component>
      <object_component id="oc-24c">
         <name>.text:delay</name>
         <load_address>0xd8e4</load_address>
         <run_address>0xd8e4</run_address>
         <size>0x2e</size>
         <input_file_ref idref="fl-2"/>
      </object_component>
      <object_component id="oc-182">
         <name>.text</name>
         <load_address>0xd912</load_address>
         <run_address>0xd912</run_address>
         <size>0x2c</size>
         <input_file_ref idref="fl-31"/>
      </object_component>
      <object_component id="oc-104">
         <name>.text</name>
         <load_address>0xd93e</load_address>
         <run_address>0xd93e</run_address>
         <size>0x2c</size>
         <input_file_ref idref="fl-37"/>
      </object_component>
      <object_component id="oc-18d">
         <name>.text</name>
         <load_address>0xd96a</load_address>
         <run_address>0xd96a</run_address>
         <size>0x2c</size>
         <input_file_ref idref="fl-4f"/>
      </object_component>
      <object_component id="oc-fe">
         <name>.text:__mspabi_fixdi</name>
         <load_address>0xd996</load_address>
         <run_address>0xd996</run_address>
         <size>0x28</size>
         <input_file_ref idref="fl-3b"/>
      </object_component>
      <object_component id="oc-61">
         <name>.text:Timer_A0</name>
         <load_address>0xd9be</load_address>
         <run_address>0xd9be</run_address>
         <size>0x20</size>
         <input_file_ref idref="fl-2"/>
      </object_component>
      <object_component id="oc-bd">
         <name>.text:print_screen</name>
         <load_address>0xd9de</load_address>
         <run_address>0xd9de</run_address>
         <size>0x1e</size>
         <input_file_ref idref="fl-2"/>
      </object_component>
      <object_component id="oc-23b">
         <name>.text:memccpy</name>
         <load_address>0xd9fc</load_address>
         <run_address>0xd9fc</run_address>
         <size>0x1c</size>
         <input_file_ref idref="fl-60"/>
      </object_component>
      <object_component id="oc-3a">
         <name>.text:_c_int00_noexit</name>
         <load_address>0xda18</load_address>
         <run_address>0xda18</run_address>
         <size>0x1a</size>
         <input_file_ref idref="fl-32"/>
      </object_component>
      <object_component id="oc-12f">
         <name>.text:_outs</name>
         <load_address>0xda32</load_address>
         <run_address>0xda32</run_address>
         <size>0x1a</size>
         <input_file_ref idref="fl-59"/>
      </object_component>
      <object_component id="oc-c3">
         <name>.text:deliverBolusDosage</name>
         <load_address>0xda4c</load_address>
         <run_address>0xda4c</run_address>
         <size>0x1a</size>
         <input_file_ref idref="fl-2"/>
      </object_component>
      <object_component id="oc-160">
         <name>.text:strcat</name>
         <load_address>0xda66</load_address>
         <run_address>0xda66</run_address>
         <size>0x1a</size>
         <input_file_ref idref="fl-5a"/>
      </object_component>
      <object_component id="oc-285">
         <name>.text:_div</name>
         <load_address>0xda80</load_address>
         <run_address>0xda80</run_address>
         <size>0x18</size>
         <input_file_ref idref="fl-5c"/>
      </object_component>
      <object_component id="oc-cf">
         <name>.text:factoryReset</name>
         <load_address>0xda98</load_address>
         <run_address>0xda98</run_address>
         <size>0x16</size>
         <input_file_ref idref="fl-2"/>
      </object_component>
      <object_component id="oc-1a1">
         <name>.text</name>
         <load_address>0xdaae</load_address>
         <run_address>0xdaae</run_address>
         <size>0x16</size>
         <input_file_ref idref="fl-38"/>
      </object_component>
      <object_component id="oc-46">
         <name>.text:decompress:ZI:__TI_zero_init</name>
         <load_address>0xdac4</load_address>
         <run_address>0xdac4</run_address>
         <size>0x14</size>
         <input_file_ref idref="fl-35"/>
      </object_component>
      <object_component id="oc-157">
         <name>.text:memset</name>
         <load_address>0xdad8</load_address>
         <run_address>0xdad8</run_address>
         <size>0x14</size>
         <input_file_ref idref="fl-54"/>
      </object_component>
      <object_component id="oc-d8">
         <name>.text</name>
         <load_address>0xdaec</load_address>
         <run_address>0xdaec</run_address>
         <size>0x14</size>
         <input_file_ref idref="fl-56"/>
      </object_component>
      <object_component id="oc-149">
         <name>.text:send_string</name>
         <load_address>0xdb00</load_address>
         <run_address>0xdb00</run_address>
         <size>0x14</size>
         <input_file_ref idref="fl-2"/>
      </object_component>
      <object_component id="oc-135">
         <name>.text:_outc</name>
         <load_address>0xdb14</load_address>
         <run_address>0xdb14</run_address>
         <size>0x12</size>
         <input_file_ref idref="fl-59"/>
      </object_component>
      <object_component id="oc-40">
         <name>.text:decompress:none:__TI_decompress_none</name>
         <load_address>0xdb26</load_address>
         <run_address>0xdb26</run_address>
         <size>0x12</size>
         <input_file_ref idref="fl-33"/>
      </object_component>
      <object_component id="oc-218">
         <name>.text:l_lsr</name>
         <load_address>0xdb38</load_address>
         <run_address>0xdb38</run_address>
         <size>0x12</size>
         <input_file_ref idref="fl-52"/>
      </object_component>
      <object_component id="oc-80">
         <name>.text:memcpy</name>
         <load_address>0xdb4a</load_address>
         <run_address>0xdb4a</run_address>
         <size>0x12</size>
         <input_file_ref idref="fl-53"/>
      </object_component>
      <object_component id="oc-1e5">
         <name>.text:data_write</name>
         <load_address>0xdb5c</load_address>
         <run_address>0xdb5c</run_address>
         <size>0x10</size>
         <input_file_ref idref="fl-2"/>
      </object_component>
      <object_component id="oc-21d">
         <name>.text:l_asr</name>
         <load_address>0xdb6c</load_address>
         <run_address>0xdb6c</run_address>
         <size>0x10</size>
         <input_file_ref idref="fl-5e"/>
      </object_component>
      <object_component id="oc-213">
         <name>.text:l_lsl</name>
         <load_address>0xdb7c</load_address>
         <run_address>0xdb7c</run_address>
         <size>0x10</size>
         <input_file_ref idref="fl-50"/>
      </object_component>
      <object_component id="oc-af">
         <name>.text</name>
         <load_address>0xdb8c</load_address>
         <run_address>0xdb8c</run_address>
         <size>0x10</size>
         <input_file_ref idref="fl-39"/>
      </object_component>
      <object_component id="oc-1df">
         <name>.text:check_busy</name>
         <load_address>0xdb9c</load_address>
         <run_address>0xdb9c</run_address>
         <size>0xe</size>
         <input_file_ref idref="fl-2"/>
      </object_component>
      <object_component id="oc-1b2">
         <name>.text:strlen</name>
         <load_address>0xdbaa</load_address>
         <run_address>0xdbaa</run_address>
         <size>0xe</size>
         <input_file_ref idref="fl-61"/>
      </object_component>
      <object_component id="oc-5c">
         <name>.text:__TI_ISR_TRAP</name>
         <load_address>0xdbb8</load_address>
         <run_address>0xdbb8</run_address>
         <size>0x6</size>
         <input_file_ref idref="fl-4e"/>
      </object_component>
      <object_component id="oc-f2">
         <name>.text:__mspabi_fltud</name>
         <load_address>0xdbbe</load_address>
         <run_address>0xdbbe</run_address>
         <size>0x6</size>
         <input_file_ref idref="fl-3d"/>
      </object_component>
      <object_component id="oc-4c">
         <name>.text:decompress:rle24:__TI_decompress_rle24</name>
         <load_address>0xdbc4</load_address>
         <run_address>0xdbc4</run_address>
         <size>0x6</size>
         <input_file_ref idref="fl-34"/>
      </object_component>
      <object_component id="oc-67">
         <name>.text:_system_pre_init</name>
         <load_address>0xdbca</load_address>
         <run_address>0xdbca</run_address>
         <size>0x4</size>
         <input_file_ref idref="fl-57"/>
      </object_component>
      <object_component id="oc-79">
         <name>.text:abort</name>
         <load_address>0xdbce</load_address>
         <run_address>0xdbce</run_address>
         <size>0x4</size>
         <input_file_ref idref="fl-3a"/>
      </object_component>
      <object_component id="oc-2c8">
         <name>.cinit..data.load</name>
         <load_address>0xdcaa</load_address>
         <run_address>0xdcaa</run_address>
         <size>0x13</size>
      </object_component>
      <object_component id="oc-2c5">
         <name>__TI_handler_table</name>
         <load_address>0xdcbe</load_address>
         <run_address>0xdcbe</run_address>
         <size>0x6</size>
      </object_component>
      <object_component id="oc-2c7">
         <name>.cinit..bss.load</name>
         <load_address>0xdcc4</load_address>
         <run_address>0xdcc4</run_address>
         <size>0x4</size>
      </object_component>
      <object_component id="oc-2c6">
         <name>__TI_cinit_table</name>
         <load_address>0xdcc8</load_address>
         <run_address>0xdcc8</run_address>
         <size>0x8</size>
      </object_component>
      <object_component id="oc-b6">
         <name>.const:.string</name>
         <load_address>0xdbd2</load_address>
         <run_address>0xdbd2</run_address>
         <size>0xaa</size>
         <input_file_ref idref="fl-2"/>
      </object_component>
      <object_component id="oc-234">
         <name>.const:.string</name>
         <load_address>0xdc7c</load_address>
         <run_address>0xdc7c</run_address>
         <size>0x14</size>
         <input_file_ref idref="fl-5c"/>
      </object_component>
      <object_component id="oc-d5">
         <name>.const</name>
         <load_address>0xdc90</load_address>
         <run_address>0xdc90</run_address>
         <size>0x14</size>
         <input_file_ref idref="fl-2"/>
      </object_component>
      <object_component id="oc-15d">
         <name>.const:.string:$P$T0$1</name>
         <load_address>0xdca4</load_address>
         <run_address>0xdca4</run_address>
         <size>0x5</size>
         <input_file_ref idref="fl-2"/>
      </object_component>
      <object_component id="oc-2e">
         <name>.int02</name>
         <load_address>0xffe4</load_address>
         <run_address>0xffe4</run_address>
         <size>0x2</size>
         <input_file_ref idref="fl-2"/>
      </object_component>
      <object_component id="oc-2f">
         <name>.int03</name>
         <load_address>0xffe6</load_address>
         <run_address>0xffe6</run_address>
         <size>0x2</size>
         <input_file_ref idref="fl-44"/>
      </object_component>
      <object_component id="oc-30">
         <name>.int05</name>
         <load_address>0xffea</load_address>
         <run_address>0xffea</run_address>
         <size>0x2</size>
         <input_file_ref idref="fl-45"/>
      </object_component>
      <object_component id="oc-31">
         <name>.int06</name>
         <load_address>0xffec</load_address>
         <run_address>0xffec</run_address>
         <size>0x2</size>
         <input_file_ref idref="fl-46"/>
      </object_component>
      <object_component id="oc-32">
         <name>.int07</name>
         <load_address>0xffee</load_address>
         <run_address>0xffee</run_address>
         <size>0x2</size>
         <input_file_ref idref="fl-47"/>
      </object_component>
      <object_component id="oc-33">
         <name>.int08</name>
         <load_address>0xfff0</load_address>
         <run_address>0xfff0</run_address>
         <size>0x2</size>
         <input_file_ref idref="fl-48"/>
      </object_component>
      <object_component id="oc-34">
         <name>.int09</name>
         <load_address>0xfff2</load_address>
         <run_address>0xfff2</run_address>
         <size>0x2</size>
         <input_file_ref idref="fl-2"/>
      </object_component>
      <object_component id="oc-35">
         <name>.int10</name>
         <load_address>0xfff4</load_address>
         <run_address>0xfff4</run_address>
         <size>0x2</size>
         <input_file_ref idref="fl-49"/>
      </object_component>
      <object_component id="oc-36">
         <name>.int11</name>
         <load_address>0xfff6</load_address>
         <run_address>0xfff6</run_address>
         <size>0x2</size>
         <input_file_ref idref="fl-4a"/>
      </object_component>
      <object_component id="oc-37">
         <name>.int12</name>
         <load_address>0xfff8</load_address>
         <run_address>0xfff8</run_address>
         <size>0x2</size>
         <input_file_ref idref="fl-4b"/>
      </object_component>
      <object_component id="oc-38">
         <name>.int13</name>
         <load_address>0xfffa</load_address>
         <run_address>0xfffa</run_address>
         <size>0x2</size>
         <input_file_ref idref="fl-4c"/>
      </object_component>
      <object_component id="oc-39">
         <name>.int14</name>
         <load_address>0xfffc</load_address>
         <run_address>0xfffc</run_address>
         <size>0x2</size>
         <input_file_ref idref="fl-4d"/>
      </object_component>
      <object_component id="oc-55">
         <name>.reset</name>
         <load_address>0xfffe</load_address>
         <run_address>0xfffe</run_address>
         <size>0x2</size>
         <input_file_ref idref="fl-32"/>
      </object_component>
      <object_component id="oc-27e">
         <name>.common:i</name>
         <uninitialized>true</uninitialized>
         <run_address>0x232</run_address>
         <size>0x2</size>
      </object_component>
      <object_component id="oc-280">
         <name>.common:j</name>
         <uninitialized>true</uninitialized>
         <run_address>0x234</run_address>
         <size>0x2</size>
      </object_component>
      <object_component id="oc-a8">
         <name>.data</name>
         <load_address>0x200</load_address>
         <run_address>0x200</run_address>
         <size>0x32</size>
         <input_file_ref idref="fl-2"/>
      </object_component>
      <object_component id="oc-3b">
         <name>.debug_info</name>
         <load_address>0x0</load_address>
         <run_address>0x0</run_address>
         <size>0x125</size>
         <input_file_ref idref="fl-32"/>
      </object_component>
      <object_component id="oc-41">
         <name>.debug_info</name>
         <load_address>0x125</load_address>
         <run_address>0x125</run_address>
         <size>0x194</size>
         <input_file_ref idref="fl-33"/>
      </object_component>
      <object_component id="oc-49">
         <name>.debug_info</name>
         <load_address>0x2b9</load_address>
         <run_address>0x2b9</run_address>
         <size>0x16a</size>
         <input_file_ref idref="fl-35"/>
      </object_component>
      <object_component id="oc-4d">
         <name>.debug_info</name>
         <load_address>0x423</load_address>
         <run_address>0x423</run_address>
         <size>0x18e</size>
         <input_file_ref idref="fl-34"/>
      </object_component>
      <object_component id="oc-53">
         <name>.debug_info</name>
         <load_address>0x5b1</load_address>
         <run_address>0x5b1</run_address>
         <size>0xaa</size>
         <input_file_ref idref="fl-32"/>
      </object_component>
      <object_component id="oc-57">
         <name>.debug_info</name>
         <load_address>0x65b</load_address>
         <run_address>0x65b</run_address>
         <size>0x13a</size>
         <input_file_ref idref="fl-2"/>
      </object_component>
      <object_component id="oc-5f">
         <name>.debug_info</name>
         <load_address>0x795</load_address>
         <run_address>0x795</run_address>
         <size>0xc2</size>
         <input_file_ref idref="fl-4e"/>
      </object_component>
      <object_component id="oc-62">
         <name>.debug_info</name>
         <load_address>0x857</load_address>
         <run_address>0x857</run_address>
         <size>0x13e</size>
         <input_file_ref idref="fl-2"/>
      </object_component>
      <object_component id="oc-69">
         <name>.debug_info</name>
         <load_address>0x995</load_address>
         <run_address>0x995</run_address>
         <size>0xfd</size>
         <input_file_ref idref="fl-57"/>
      </object_component>
      <object_component id="oc-70">
         <name>.debug_info</name>
         <load_address>0xa92</load_address>
         <run_address>0xa92</run_address>
         <size>0x153</size>
         <input_file_ref idref="fl-5f"/>
      </object_component>
      <object_component id="oc-74">
         <name>.debug_info</name>
         <load_address>0xbe5</load_address>
         <run_address>0xbe5</run_address>
         <size>0x664</size>
         <input_file_ref idref="fl-2"/>
      </object_component>
      <object_component id="oc-7b">
         <name>.debug_info</name>
         <load_address>0x1249</load_address>
         <run_address>0x1249</run_address>
         <size>0xcc</size>
         <input_file_ref idref="fl-3a"/>
      </object_component>
      <object_component id="oc-82">
         <name>.debug_info</name>
         <load_address>0x1315</load_address>
         <run_address>0x1315</run_address>
         <size>0x157</size>
         <input_file_ref idref="fl-53"/>
      </object_component>
      <object_component id="oc-87">
         <name>.debug_info</name>
         <load_address>0x146c</load_address>
         <run_address>0x146c</run_address>
         <size>0x46</size>
         <input_file_ref idref="fl-33"/>
      </object_component>
      <object_component id="oc-8c">
         <name>.debug_info</name>
         <load_address>0x14b2</load_address>
         <run_address>0x14b2</run_address>
         <size>0x167</size>
         <input_file_ref idref="fl-33"/>
      </object_component>
      <object_component id="oc-8e">
         <name>.debug_info</name>
         <load_address>0x1619</load_address>
         <run_address>0x1619</run_address>
         <size>0x46</size>
         <input_file_ref idref="fl-35"/>
      </object_component>
      <object_component id="oc-93">
         <name>.debug_info</name>
         <load_address>0x165f</load_address>
         <run_address>0x165f</run_address>
         <size>0x11f</size>
         <input_file_ref idref="fl-35"/>
      </object_component>
      <object_component id="oc-96">
         <name>.debug_info</name>
         <load_address>0x177e</load_address>
         <run_address>0x177e</run_address>
         <size>0x1ef</size>
         <input_file_ref idref="fl-34"/>
      </object_component>
      <object_component id="oc-9b">
         <name>.debug_info</name>
         <load_address>0x196d</load_address>
         <run_address>0x196d</run_address>
         <size>0x129</size>
         <input_file_ref idref="fl-34"/>
      </object_component>
      <object_component id="oc-9c">
         <name>.debug_info</name>
         <load_address>0x1a96</load_address>
         <run_address>0x1a96</run_address>
         <size>0x39</size>
         <input_file_ref idref="fl-34"/>
      </object_component>
      <object_component id="oc-a3">
         <name>.debug_info</name>
         <load_address>0x1acf</load_address>
         <run_address>0x1acf</run_address>
         <size>0x84</size>
         <input_file_ref idref="fl-2"/>
      </object_component>
      <object_component id="oc-a9">
         <name>.debug_info</name>
         <load_address>0x1b53</load_address>
         <run_address>0x1b53</run_address>
         <size>0x3f2</size>
         <input_file_ref idref="fl-2"/>
      </object_component>
      <object_component id="oc-b1">
         <name>.debug_info</name>
         <load_address>0x1f45</load_address>
         <run_address>0x1f45</run_address>
         <size>0xe1</size>
         <input_file_ref idref="fl-39"/>
      </object_component>
      <object_component id="oc-b5">
         <name>.debug_info</name>
         <load_address>0x2026</load_address>
         <run_address>0x2026</run_address>
         <size>0x2ba</size>
         <input_file_ref idref="fl-5f"/>
      </object_component>
      <object_component id="oc-b8">
         <name>.debug_info</name>
         <load_address>0x22e0</load_address>
         <run_address>0x22e0</run_address>
         <size>0x17d</size>
         <input_file_ref idref="fl-59"/>
      </object_component>
      <object_component id="oc-be">
         <name>.debug_info</name>
         <load_address>0x245d</load_address>
         <run_address>0x245d</run_address>
         <size>0x1cc</size>
         <input_file_ref idref="fl-2"/>
      </object_component>
      <object_component id="oc-c4">
         <name>.debug_info</name>
         <load_address>0x2629</load_address>
         <run_address>0x2629</run_address>
         <size>0x169</size>
         <input_file_ref idref="fl-2"/>
      </object_component>
      <object_component id="oc-ca">
         <name>.debug_info</name>
         <load_address>0x2792</load_address>
         <run_address>0x2792</run_address>
         <size>0x216</size>
         <input_file_ref idref="fl-2"/>
      </object_component>
      <object_component id="oc-d0">
         <name>.debug_info</name>
         <load_address>0x29a8</load_address>
         <run_address>0x29a8</run_address>
         <size>0x149</size>
         <input_file_ref idref="fl-2"/>
      </object_component>
      <object_component id="oc-d6">
         <name>.debug_info</name>
         <load_address>0x2af1</load_address>
         <run_address>0x2af1</run_address>
         <size>0x2a6</size>
         <input_file_ref idref="fl-2"/>
      </object_component>
      <object_component id="oc-da">
         <name>.debug_info</name>
         <load_address>0x2d97</load_address>
         <run_address>0x2d97</run_address>
         <size>0xd4</size>
         <input_file_ref idref="fl-56"/>
      </object_component>
      <object_component id="oc-de">
         <name>.debug_info</name>
         <load_address>0x2e6b</load_address>
         <run_address>0x2e6b</run_address>
         <size>0x1cd</size>
         <input_file_ref idref="fl-2"/>
      </object_component>
      <object_component id="oc-e4">
         <name>.debug_info</name>
         <load_address>0x3038</load_address>
         <run_address>0x3038</run_address>
         <size>0xdd</size>
         <input_file_ref idref="fl-42"/>
      </object_component>
      <object_component id="oc-ea">
         <name>.debug_info</name>
         <load_address>0x3115</load_address>
         <run_address>0x3115</run_address>
         <size>0xd4</size>
         <input_file_ref idref="fl-40"/>
      </object_component>
      <object_component id="oc-f0">
         <name>.debug_info</name>
         <load_address>0x31e9</load_address>
         <run_address>0x31e9</run_address>
         <size>0xe8</size>
         <input_file_ref idref="fl-43"/>
      </object_component>
      <object_component id="oc-f4">
         <name>.debug_info</name>
         <load_address>0x32d1</load_address>
         <run_address>0x32d1</run_address>
         <size>0x11b</size>
         <input_file_ref idref="fl-3d"/>
      </object_component>
      <object_component id="oc-fc">
         <name>.debug_info</name>
         <load_address>0x33ec</load_address>
         <run_address>0x33ec</run_address>
         <size>0x208</size>
         <input_file_ref idref="fl-30"/>
      </object_component>
      <object_component id="oc-100">
         <name>.debug_info</name>
         <load_address>0x35f4</load_address>
         <run_address>0x35f4</run_address>
         <size>0x126</size>
         <input_file_ref idref="fl-3b"/>
      </object_component>
      <object_component id="oc-105">
         <name>.debug_info</name>
         <load_address>0x371a</load_address>
         <run_address>0x371a</run_address>
         <size>0xe8</size>
         <input_file_ref idref="fl-37"/>
      </object_component>
      <object_component id="oc-10a">
         <name>.debug_info</name>
         <load_address>0x3802</load_address>
         <run_address>0x3802</run_address>
         <size>0xf9</size>
         <input_file_ref idref="fl-2"/>
      </object_component>
      <object_component id="oc-10f">
         <name>.debug_info</name>
         <load_address>0x38fb</load_address>
         <run_address>0x38fb</run_address>
         <size>0x431</size>
         <input_file_ref idref="fl-2"/>
      </object_component>
      <object_component id="oc-113">
         <name>.debug_info</name>
         <load_address>0x3d2c</load_address>
         <run_address>0x3d2c</run_address>
         <size>0x127</size>
         <input_file_ref idref="fl-53"/>
      </object_component>
      <object_component id="oc-114">
         <name>.debug_info</name>
         <load_address>0x3e53</load_address>
         <run_address>0x3e53</run_address>
         <size>0x2c</size>
         <input_file_ref idref="fl-35"/>
      </object_component>
      <object_component id="oc-119">
         <name>.debug_info</name>
         <load_address>0x3e7f</load_address>
         <run_address>0x3e7f</run_address>
         <size>0x2c</size>
         <input_file_ref idref="fl-33"/>
      </object_component>
      <object_component id="oc-12a">
         <name>.debug_info</name>
         <load_address>0x3eab</load_address>
         <run_address>0x3eab</run_address>
         <size>0x39</size>
         <input_file_ref idref="fl-5f"/>
      </object_component>
      <object_component id="oc-130">
         <name>.debug_info</name>
         <load_address>0x3ee4</load_address>
         <run_address>0x3ee4</run_address>
         <size>0x142</size>
         <input_file_ref idref="fl-59"/>
      </object_component>
      <object_component id="oc-136">
         <name>.debug_info</name>
         <load_address>0x4026</load_address>
         <run_address>0x4026</run_address>
         <size>0x117</size>
         <input_file_ref idref="fl-59"/>
      </object_component>
      <object_component id="oc-13d">
         <name>.debug_info</name>
         <load_address>0x413d</load_address>
         <run_address>0x413d</run_address>
         <size>0x25c</size>
         <input_file_ref idref="fl-5c"/>
      </object_component>
      <object_component id="oc-142">
         <name>.debug_info</name>
         <load_address>0x4399</load_address>
         <run_address>0x4399</run_address>
         <size>0x1e2</size>
         <input_file_ref idref="fl-59"/>
      </object_component>
      <object_component id="oc-144">
         <name>.debug_info</name>
         <load_address>0x457b</load_address>
         <run_address>0x457b</run_address>
         <size>0x1cf</size>
         <input_file_ref idref="fl-2"/>
      </object_component>
      <object_component id="oc-14a">
         <name>.debug_info</name>
         <load_address>0x474a</load_address>
         <run_address>0x474a</run_address>
         <size>0x176</size>
         <input_file_ref idref="fl-2"/>
      </object_component>
      <object_component id="oc-150">
         <name>.debug_info</name>
         <load_address>0x48c0</load_address>
         <run_address>0x48c0</run_address>
         <size>0x1b9</size>
         <input_file_ref idref="fl-2"/>
      </object_component>
      <object_component id="oc-158">
         <name>.debug_info</name>
         <load_address>0x4a79</load_address>
         <run_address>0x4a79</run_address>
         <size>0x183</size>
         <input_file_ref idref="fl-54"/>
      </object_component>
      <object_component id="oc-15e">
         <name>.debug_info</name>
         <load_address>0x4bfc</load_address>
         <run_address>0x4bfc</run_address>
         <size>0x10e</size>
         <input_file_ref idref="fl-2"/>
      </object_component>
      <object_component id="oc-162">
         <name>.debug_info</name>
         <load_address>0x4d0a</load_address>
         <run_address>0x4d0a</run_address>
         <size>0x189</size>
         <input_file_ref idref="fl-5a"/>
      </object_component>
      <object_component id="oc-16c">
         <name>.debug_info</name>
         <load_address>0x4e93</load_address>
         <run_address>0x4e93</run_address>
         <size>0xd4</size>
         <input_file_ref idref="fl-41"/>
      </object_component>
      <object_component id="oc-172">
         <name>.debug_info</name>
         <load_address>0x4f67</load_address>
         <run_address>0x4f67</run_address>
         <size>0x179</size>
         <input_file_ref idref="fl-36"/>
      </object_component>
      <object_component id="oc-17e">
         <name>.debug_info</name>
         <load_address>0x50e0</load_address>
         <run_address>0x50e0</run_address>
         <size>0x1a9</size>
         <input_file_ref idref="fl-3e"/>
      </object_component>
      <object_component id="oc-181">
         <name>.debug_info</name>
         <load_address>0x5289</load_address>
         <run_address>0x5289</run_address>
         <size>0x185</size>
         <input_file_ref idref="fl-3d"/>
      </object_component>
      <object_component id="oc-183">
         <name>.debug_info</name>
         <load_address>0x540e</load_address>
         <run_address>0x540e</run_address>
         <size>0xd3</size>
         <input_file_ref idref="fl-31"/>
      </object_component>
      <object_component id="oc-18a">
         <name>.debug_info</name>
         <load_address>0x54e1</load_address>
         <run_address>0x54e1</run_address>
         <size>0x2d3</size>
         <input_file_ref idref="fl-3f"/>
      </object_component>
      <object_component id="oc-18e">
         <name>.debug_info</name>
         <load_address>0x57b4</load_address>
         <run_address>0x57b4</run_address>
         <size>0xd3</size>
         <input_file_ref idref="fl-4f"/>
      </object_component>
      <object_component id="oc-193">
         <name>.debug_info</name>
         <load_address>0x5887</load_address>
         <run_address>0x5887</run_address>
         <size>0x1c7</size>
         <input_file_ref idref="fl-30"/>
      </object_component>
      <object_component id="oc-194">
         <name>.debug_info</name>
         <load_address>0x5a4e</load_address>
         <run_address>0x5a4e</run_address>
         <size>0x94</size>
         <input_file_ref idref="fl-30"/>
      </object_component>
      <object_component id="oc-19b">
         <name>.debug_info</name>
         <load_address>0x5ae2</load_address>
         <run_address>0x5ae2</run_address>
         <size>0x1a9</size>
         <input_file_ref idref="fl-3c"/>
      </object_component>
      <object_component id="oc-1a0">
         <name>.debug_info</name>
         <load_address>0x5c8b</load_address>
         <run_address>0x5c8b</run_address>
         <size>0x185</size>
         <input_file_ref idref="fl-3b"/>
      </object_component>
      <object_component id="oc-1a3">
         <name>.debug_info</name>
         <load_address>0x5e10</load_address>
         <run_address>0x5e10</run_address>
         <size>0xd4</size>
         <input_file_ref idref="fl-38"/>
      </object_component>
      <object_component id="oc-1a9">
         <name>.debug_info</name>
         <load_address>0x5ee4</load_address>
         <run_address>0x5ee4</run_address>
         <size>0xc8</size>
         <input_file_ref idref="fl-2"/>
      </object_component>
      <object_component id="oc-1b3">
         <name>.debug_info</name>
         <load_address>0x5fac</load_address>
         <run_address>0x5fac</run_address>
         <size>0x153</size>
         <input_file_ref idref="fl-61"/>
      </object_component>
      <object_component id="oc-1b9">
         <name>.debug_info</name>
         <load_address>0x60ff</load_address>
         <run_address>0x60ff</run_address>
         <size>0x239</size>
         <input_file_ref idref="fl-5c"/>
      </object_component>
      <object_component id="oc-1c0">
         <name>.debug_info</name>
         <load_address>0x6338</load_address>
         <run_address>0x6338</run_address>
         <size>0x1dc</size>
         <input_file_ref idref="fl-5c"/>
      </object_component>
      <object_component id="oc-1c5">
         <name>.debug_info</name>
         <load_address>0x6514</load_address>
         <run_address>0x6514</run_address>
         <size>0x30c</size>
         <input_file_ref idref="fl-5c"/>
      </object_component>
      <object_component id="oc-1c6">
         <name>.debug_info</name>
         <load_address>0x6820</load_address>
         <run_address>0x6820</run_address>
         <size>0x2c</size>
         <input_file_ref idref="fl-2"/>
      </object_component>
      <object_component id="oc-1cb">
         <name>.debug_info</name>
         <load_address>0x684c</load_address>
         <run_address>0x684c</run_address>
         <size>0x86</size>
         <input_file_ref idref="fl-5c"/>
      </object_component>
      <object_component id="oc-1d2">
         <name>.debug_info</name>
         <load_address>0x68d2</load_address>
         <run_address>0x68d2</run_address>
         <size>0x2c</size>
         <input_file_ref idref="fl-59"/>
      </object_component>
      <object_component id="oc-1d9">
         <name>.debug_info</name>
         <load_address>0x68fe</load_address>
         <run_address>0x68fe</run_address>
         <size>0x1b7</size>
         <input_file_ref idref="fl-2"/>
      </object_component>
      <object_component id="oc-1e0">
         <name>.debug_info</name>
         <load_address>0x6ab5</load_address>
         <run_address>0x6ab5</run_address>
         <size>0x14e</size>
         <input_file_ref idref="fl-2"/>
      </object_component>
      <object_component id="oc-1e6">
         <name>.debug_info</name>
         <load_address>0x6c03</load_address>
         <run_address>0x6c03</run_address>
         <size>0x15a</size>
         <input_file_ref idref="fl-2"/>
      </object_component>
      <object_component id="oc-1ed">
         <name>.debug_info</name>
         <load_address>0x6d5d</load_address>
         <run_address>0x6d5d</run_address>
         <size>0x117</size>
         <input_file_ref idref="fl-54"/>
      </object_component>
      <object_component id="oc-1f1">
         <name>.debug_info</name>
         <load_address>0x6e74</load_address>
         <run_address>0x6e74</run_address>
         <size>0x11c</size>
         <input_file_ref idref="fl-5a"/>
      </object_component>
      <object_component id="oc-1f4">
         <name>.debug_info</name>
         <load_address>0x6f90</load_address>
         <run_address>0x6f90</run_address>
         <size>0xd9</size>
         <input_file_ref idref="fl-5e"/>
      </object_component>
      <object_component id="oc-1f9">
         <name>.debug_info</name>
         <load_address>0x7069</load_address>
         <run_address>0x7069</run_address>
         <size>0x1a8</size>
         <input_file_ref idref="fl-36"/>
      </object_component>
      <object_component id="oc-1fa">
         <name>.debug_info</name>
         <load_address>0x7211</load_address>
         <run_address>0x7211</run_address>
         <size>0xdb</size>
         <input_file_ref idref="fl-36"/>
      </object_component>
      <object_component id="oc-200">
         <name>.debug_info</name>
         <load_address>0x72ec</load_address>
         <run_address>0x72ec</run_address>
         <size>0xd9</size>
         <input_file_ref idref="fl-50"/>
      </object_component>
      <object_component id="oc-206">
         <name>.debug_info</name>
         <load_address>0x73c5</load_address>
         <run_address>0x73c5</run_address>
         <size>0xd9</size>
         <input_file_ref idref="fl-52"/>
      </object_component>
      <object_component id="oc-20a">
         <name>.debug_info</name>
         <load_address>0x749e</load_address>
         <run_address>0x749e</run_address>
         <size>0x186</size>
         <input_file_ref idref="fl-3e"/>
      </object_component>
      <object_component id="oc-20f">
         <name>.debug_info</name>
         <load_address>0x7624</load_address>
         <run_address>0x7624</run_address>
         <size>0xd3</size>
         <input_file_ref idref="fl-51"/>
      </object_component>
      <object_component id="oc-216">
         <name>.debug_info</name>
         <load_address>0x76f7</load_address>
         <run_address>0x76f7</run_address>
         <size>0xd3</size>
         <input_file_ref idref="fl-50"/>
      </object_component>
      <object_component id="oc-21a">
         <name>.debug_info</name>
         <load_address>0x77ca</load_address>
         <run_address>0x77ca</run_address>
         <size>0xd3</size>
         <input_file_ref idref="fl-52"/>
      </object_component>
      <object_component id="oc-21f">
         <name>.debug_info</name>
         <load_address>0x789d</load_address>
         <run_address>0x789d</run_address>
         <size>0xd3</size>
         <input_file_ref idref="fl-5e"/>
      </object_component>
      <object_component id="oc-224">
         <name>.debug_info</name>
         <load_address>0x7970</load_address>
         <run_address>0x7970</run_address>
         <size>0x1a3</size>
         <input_file_ref idref="fl-58"/>
      </object_component>
      <object_component id="oc-229">
         <name>.debug_info</name>
         <load_address>0x7b13</load_address>
         <run_address>0x7b13</run_address>
         <size>0x1bb</size>
         <input_file_ref idref="fl-3f"/>
      </object_component>
      <object_component id="oc-22e">
         <name>.debug_info</name>
         <load_address>0x7cce</load_address>
         <run_address>0x7cce</run_address>
         <size>0x186</size>
         <input_file_ref idref="fl-3c"/>
      </object_component>
      <object_component id="oc-233">
         <name>.debug_info</name>
         <load_address>0x7e54</load_address>
         <run_address>0x7e54</run_address>
         <size>0x111</size>
         <input_file_ref idref="fl-61"/>
      </object_component>
      <object_component id="oc-237">
         <name>.debug_info</name>
         <load_address>0x7f65</load_address>
         <run_address>0x7f65</run_address>
         <size>0x1e4</size>
         <input_file_ref idref="fl-5c"/>
      </object_component>
      <object_component id="oc-23c">
         <name>.debug_info</name>
         <load_address>0x8149</load_address>
         <run_address>0x8149</run_address>
         <size>0x160</size>
         <input_file_ref idref="fl-60"/>
      </object_component>
      <object_component id="oc-245">
         <name>.debug_info</name>
         <load_address>0x82a9</load_address>
         <run_address>0x82a9</run_address>
         <size>0x39</size>
         <input_file_ref idref="fl-5c"/>
      </object_component>
      <object_component id="oc-24d">
         <name>.debug_info</name>
         <load_address>0x82e2</load_address>
         <run_address>0x82e2</run_address>
         <size>0x15a</size>
         <input_file_ref idref="fl-2"/>
      </object_component>
      <object_component id="oc-263">
         <name>.debug_info</name>
         <load_address>0x843c</load_address>
         <run_address>0x843c</run_address>
         <size>0x18d</size>
         <input_file_ref idref="fl-58"/>
      </object_component>
      <object_component id="oc-26b">
         <name>.debug_info</name>
         <load_address>0x85c9</load_address>
         <run_address>0x85c9</run_address>
         <size>0x15c</size>
         <input_file_ref idref="fl-5c"/>
      </object_component>
      <object_component id="oc-271">
         <name>.debug_info</name>
         <load_address>0x8725</load_address>
         <run_address>0x8725</run_address>
         <size>0x1a1</size>
         <input_file_ref idref="fl-5c"/>
      </object_component>
      <object_component id="oc-278">
         <name>.debug_info</name>
         <load_address>0x88c6</load_address>
         <run_address>0x88c6</run_address>
         <size>0x118</size>
         <input_file_ref idref="fl-60"/>
      </object_component>
      <object_component id="oc-286">
         <name>.debug_info</name>
         <load_address>0x89de</load_address>
         <run_address>0x89de</run_address>
         <size>0x168</size>
         <input_file_ref idref="fl-5c"/>
      </object_component>
      <object_component id="oc-2ca">
         <name>.debug_info</name>
         <load_address>0x8b46</load_address>
         <run_address>0x8b46</run_address>
         <size>0xe6</size>
      </object_component>
      <object_component id="oc-3c">
         <name>.debug_aranges</name>
         <load_address>0x0</load_address>
         <run_address>0x0</run_address>
         <size>0x20</size>
         <input_file_ref idref="fl-32"/>
      </object_component>
      <object_component id="oc-43">
         <name>.debug_aranges</name>
         <load_address>0x20</load_address>
         <run_address>0x20</run_address>
         <size>0x20</size>
         <input_file_ref idref="fl-33"/>
      </object_component>
      <object_component id="oc-4a">
         <name>.debug_aranges</name>
         <load_address>0x40</load_address>
         <run_address>0x40</run_address>
         <size>0x20</size>
         <input_file_ref idref="fl-35"/>
      </object_component>
      <object_component id="oc-4f">
         <name>.debug_aranges</name>
         <load_address>0x60</load_address>
         <run_address>0x60</run_address>
         <size>0x20</size>
         <input_file_ref idref="fl-34"/>
      </object_component>
      <object_component id="oc-58">
         <name>.debug_aranges</name>
         <load_address>0x80</load_address>
         <run_address>0x80</run_address>
         <size>0x20</size>
         <input_file_ref idref="fl-2"/>
      </object_component>
      <object_component id="oc-5d">
         <name>.debug_aranges</name>
         <load_address>0xa0</load_address>
         <run_address>0xa0</run_address>
         <size>0x20</size>
         <input_file_ref idref="fl-4e"/>
      </object_component>
      <object_component id="oc-63">
         <name>.debug_aranges</name>
         <load_address>0xc0</load_address>
         <run_address>0xc0</run_address>
         <size>0x20</size>
         <input_file_ref idref="fl-2"/>
      </object_component>
      <object_component id="oc-68">
         <name>.debug_aranges</name>
         <load_address>0xe0</load_address>
         <run_address>0xe0</run_address>
         <size>0x20</size>
         <input_file_ref idref="fl-57"/>
      </object_component>
      <object_component id="oc-72">
         <name>.debug_aranges</name>
         <load_address>0x100</load_address>
         <run_address>0x100</run_address>
         <size>0x20</size>
         <input_file_ref idref="fl-5f"/>
      </object_component>
      <object_component id="oc-75">
         <name>.debug_aranges</name>
         <load_address>0x120</load_address>
         <run_address>0x120</run_address>
         <size>0x20</size>
         <input_file_ref idref="fl-2"/>
      </object_component>
      <object_component id="oc-7a">
         <name>.debug_aranges</name>
         <load_address>0x140</load_address>
         <run_address>0x140</run_address>
         <size>0x20</size>
         <input_file_ref idref="fl-3a"/>
      </object_component>
      <object_component id="oc-83">
         <name>.debug_aranges</name>
         <load_address>0x160</load_address>
         <run_address>0x160</run_address>
         <size>0x20</size>
         <input_file_ref idref="fl-53"/>
      </object_component>
      <object_component id="oc-98">
         <name>.debug_aranges</name>
         <load_address>0x180</load_address>
         <run_address>0x180</run_address>
         <size>0x20</size>
         <input_file_ref idref="fl-34"/>
      </object_component>
      <object_component id="oc-b2">
         <name>.debug_aranges</name>
         <load_address>0x1a0</load_address>
         <run_address>0x1a0</run_address>
         <size>0x20</size>
         <input_file_ref idref="fl-39"/>
      </object_component>
      <object_component id="oc-ba">
         <name>.debug_aranges</name>
         <load_address>0x1c0</load_address>
         <run_address>0x1c0</run_address>
         <size>0x20</size>
         <input_file_ref idref="fl-59"/>
      </object_component>
      <object_component id="oc-bf">
         <name>.debug_aranges</name>
         <load_address>0x1e0</load_address>
         <run_address>0x1e0</run_address>
         <size>0x20</size>
         <input_file_ref idref="fl-2"/>
      </object_component>
      <object_component id="oc-c5">
         <name>.debug_aranges</name>
         <load_address>0x200</load_address>
         <run_address>0x200</run_address>
         <size>0x20</size>
         <input_file_ref idref="fl-2"/>
      </object_component>
      <object_component id="oc-cb">
         <name>.debug_aranges</name>
         <load_address>0x220</load_address>
         <run_address>0x220</run_address>
         <size>0x20</size>
         <input_file_ref idref="fl-2"/>
      </object_component>
      <object_component id="oc-d1">
         <name>.debug_aranges</name>
         <load_address>0x240</load_address>
         <run_address>0x240</run_address>
         <size>0x20</size>
         <input_file_ref idref="fl-2"/>
      </object_component>
      <object_component id="oc-dc">
         <name>.debug_aranges</name>
         <load_address>0x260</load_address>
         <run_address>0x260</run_address>
         <size>0x20</size>
         <input_file_ref idref="fl-56"/>
      </object_component>
      <object_component id="oc-df">
         <name>.debug_aranges</name>
         <load_address>0x280</load_address>
         <run_address>0x280</run_address>
         <size>0x20</size>
         <input_file_ref idref="fl-2"/>
      </object_component>
      <object_component id="oc-e5">
         <name>.debug_aranges</name>
         <load_address>0x2a0</load_address>
         <run_address>0x2a0</run_address>
         <size>0x20</size>
         <input_file_ref idref="fl-42"/>
      </object_component>
      <object_component id="oc-ec">
         <name>.debug_aranges</name>
         <load_address>0x2c0</load_address>
         <run_address>0x2c0</run_address>
         <size>0x20</size>
         <input_file_ref idref="fl-40"/>
      </object_component>
      <object_component id="oc-ef">
         <name>.debug_aranges</name>
         <load_address>0x2e0</load_address>
         <run_address>0x2e0</run_address>
         <size>0x20</size>
         <input_file_ref idref="fl-43"/>
      </object_component>
      <object_component id="oc-f3">
         <name>.debug_aranges</name>
         <load_address>0x300</load_address>
         <run_address>0x300</run_address>
         <size>0x20</size>
         <input_file_ref idref="fl-3d"/>
      </object_component>
      <object_component id="oc-f9">
         <name>.debug_aranges</name>
         <load_address>0x320</load_address>
         <run_address>0x320</run_address>
         <size>0x20</size>
         <input_file_ref idref="fl-30"/>
      </object_component>
      <object_component id="oc-ff">
         <name>.debug_aranges</name>
         <load_address>0x340</load_address>
         <run_address>0x340</run_address>
         <size>0x20</size>
         <input_file_ref idref="fl-3b"/>
      </object_component>
      <object_component id="oc-107">
         <name>.debug_aranges</name>
         <load_address>0x360</load_address>
         <run_address>0x360</run_address>
         <size>0x20</size>
         <input_file_ref idref="fl-37"/>
      </object_component>
      <object_component id="oc-132">
         <name>.debug_aranges</name>
         <load_address>0x380</load_address>
         <run_address>0x380</run_address>
         <size>0x20</size>
         <input_file_ref idref="fl-59"/>
      </object_component>
      <object_component id="oc-138">
         <name>.debug_aranges</name>
         <load_address>0x3a0</load_address>
         <run_address>0x3a0</run_address>
         <size>0x20</size>
         <input_file_ref idref="fl-59"/>
      </object_component>
      <object_component id="oc-13f">
         <name>.debug_aranges</name>
         <load_address>0x3c0</load_address>
         <run_address>0x3c0</run_address>
         <size>0x20</size>
         <input_file_ref idref="fl-5c"/>
      </object_component>
      <object_component id="oc-145">
         <name>.debug_aranges</name>
         <load_address>0x3e0</load_address>
         <run_address>0x3e0</run_address>
         <size>0x20</size>
         <input_file_ref idref="fl-2"/>
      </object_component>
      <object_component id="oc-14b">
         <name>.debug_aranges</name>
         <load_address>0x400</load_address>
         <run_address>0x400</run_address>
         <size>0x20</size>
         <input_file_ref idref="fl-2"/>
      </object_component>
      <object_component id="oc-151">
         <name>.debug_aranges</name>
         <load_address>0x420</load_address>
         <run_address>0x420</run_address>
         <size>0x20</size>
         <input_file_ref idref="fl-2"/>
      </object_component>
      <object_component id="oc-159">
         <name>.debug_aranges</name>
         <load_address>0x440</load_address>
         <run_address>0x440</run_address>
         <size>0x20</size>
         <input_file_ref idref="fl-54"/>
      </object_component>
      <object_component id="oc-161">
         <name>.debug_aranges</name>
         <load_address>0x460</load_address>
         <run_address>0x460</run_address>
         <size>0x20</size>
         <input_file_ref idref="fl-5a"/>
      </object_component>
      <object_component id="oc-16e">
         <name>.debug_aranges</name>
         <load_address>0x480</load_address>
         <run_address>0x480</run_address>
         <size>0x20</size>
         <input_file_ref idref="fl-41"/>
      </object_component>
      <object_component id="oc-174">
         <name>.debug_aranges</name>
         <load_address>0x4a0</load_address>
         <run_address>0x4a0</run_address>
         <size>0x20</size>
         <input_file_ref idref="fl-36"/>
      </object_component>
      <object_component id="oc-17d">
         <name>.debug_aranges</name>
         <load_address>0x4c0</load_address>
         <run_address>0x4c0</run_address>
         <size>0x20</size>
         <input_file_ref idref="fl-3e"/>
      </object_component>
      <object_component id="oc-184">
         <name>.debug_aranges</name>
         <load_address>0x4e0</load_address>
         <run_address>0x4e0</run_address>
         <size>0x20</size>
         <input_file_ref idref="fl-31"/>
      </object_component>
      <object_component id="oc-18b">
         <name>.debug_aranges</name>
         <load_address>0x500</load_address>
         <run_address>0x500</run_address>
         <size>0x20</size>
         <input_file_ref idref="fl-3f"/>
      </object_component>
      <object_component id="oc-190">
         <name>.debug_aranges</name>
         <load_address>0x520</load_address>
         <run_address>0x520</run_address>
         <size>0x20</size>
         <input_file_ref idref="fl-4f"/>
      </object_component>
      <object_component id="oc-19c">
         <name>.debug_aranges</name>
         <load_address>0x540</load_address>
         <run_address>0x540</run_address>
         <size>0x20</size>
         <input_file_ref idref="fl-3c"/>
      </object_component>
      <object_component id="oc-1a5">
         <name>.debug_aranges</name>
         <load_address>0x560</load_address>
         <run_address>0x560</run_address>
         <size>0x20</size>
         <input_file_ref idref="fl-38"/>
      </object_component>
      <object_component id="oc-1b4">
         <name>.debug_aranges</name>
         <load_address>0x580</load_address>
         <run_address>0x580</run_address>
         <size>0x20</size>
         <input_file_ref idref="fl-61"/>
      </object_component>
      <object_component id="oc-1bb">
         <name>.debug_aranges</name>
         <load_address>0x5a0</load_address>
         <run_address>0x5a0</run_address>
         <size>0x20</size>
         <input_file_ref idref="fl-5c"/>
      </object_component>
      <object_component id="oc-1c1">
         <name>.debug_aranges</name>
         <load_address>0x5c0</load_address>
         <run_address>0x5c0</run_address>
         <size>0x20</size>
         <input_file_ref idref="fl-5c"/>
      </object_component>
      <object_component id="oc-1da">
         <name>.debug_aranges</name>
         <load_address>0x5e0</load_address>
         <run_address>0x5e0</run_address>
         <size>0x20</size>
         <input_file_ref idref="fl-2"/>
      </object_component>
      <object_component id="oc-1e1">
         <name>.debug_aranges</name>
         <load_address>0x600</load_address>
         <run_address>0x600</run_address>
         <size>0x20</size>
         <input_file_ref idref="fl-2"/>
      </object_component>
      <object_component id="oc-1e7">
         <name>.debug_aranges</name>
         <load_address>0x620</load_address>
         <run_address>0x620</run_address>
         <size>0x20</size>
         <input_file_ref idref="fl-2"/>
      </object_component>
      <object_component id="oc-1f5">
         <name>.debug_aranges</name>
         <load_address>0x640</load_address>
         <run_address>0x640</run_address>
         <size>0x20</size>
         <input_file_ref idref="fl-5e"/>
      </object_component>
      <object_component id="oc-201">
         <name>.debug_aranges</name>
         <load_address>0x660</load_address>
         <run_address>0x660</run_address>
         <size>0x20</size>
         <input_file_ref idref="fl-50"/>
      </object_component>
      <object_component id="oc-208">
         <name>.debug_aranges</name>
         <load_address>0x680</load_address>
         <run_address>0x680</run_address>
         <size>0x20</size>
         <input_file_ref idref="fl-52"/>
      </object_component>
      <object_component id="oc-211">
         <name>.debug_aranges</name>
         <load_address>0x6a0</load_address>
         <run_address>0x6a0</run_address>
         <size>0x20</size>
         <input_file_ref idref="fl-51"/>
      </object_component>
      <object_component id="oc-215">
         <name>.debug_aranges</name>
         <load_address>0x6c0</load_address>
         <run_address>0x6c0</run_address>
         <size>0x20</size>
         <input_file_ref idref="fl-50"/>
      </object_component>
      <object_component id="oc-219">
         <name>.debug_aranges</name>
         <load_address>0x6e0</load_address>
         <run_address>0x6e0</run_address>
         <size>0x20</size>
         <input_file_ref idref="fl-52"/>
      </object_component>
      <object_component id="oc-221">
         <name>.debug_aranges</name>
         <load_address>0x700</load_address>
         <run_address>0x700</run_address>
         <size>0x20</size>
         <input_file_ref idref="fl-5e"/>
      </object_component>
      <object_component id="oc-225">
         <name>.debug_aranges</name>
         <load_address>0x720</load_address>
         <run_address>0x720</run_address>
         <size>0x20</size>
         <input_file_ref idref="fl-58"/>
      </object_component>
      <object_component id="oc-239">
         <name>.debug_aranges</name>
         <load_address>0x740</load_address>
         <run_address>0x740</run_address>
         <size>0x20</size>
         <input_file_ref idref="fl-5c"/>
      </object_component>
      <object_component id="oc-23e">
         <name>.debug_aranges</name>
         <load_address>0x760</load_address>
         <run_address>0x760</run_address>
         <size>0x20</size>
         <input_file_ref idref="fl-60"/>
      </object_component>
      <object_component id="oc-24e">
         <name>.debug_aranges</name>
         <load_address>0x780</load_address>
         <run_address>0x780</run_address>
         <size>0x20</size>
         <input_file_ref idref="fl-2"/>
      </object_component>
      <object_component id="oc-26c">
         <name>.debug_aranges</name>
         <load_address>0x7a0</load_address>
         <run_address>0x7a0</run_address>
         <size>0x20</size>
         <input_file_ref idref="fl-5c"/>
      </object_component>
      <object_component id="oc-273">
         <name>.debug_aranges</name>
         <load_address>0x7c0</load_address>
         <run_address>0x7c0</run_address>
         <size>0x20</size>
         <input_file_ref idref="fl-5c"/>
      </object_component>
      <object_component id="oc-287">
         <name>.debug_aranges</name>
         <load_address>0x7e0</load_address>
         <run_address>0x7e0</run_address>
         <size>0x20</size>
         <input_file_ref idref="fl-5c"/>
      </object_component>
      <object_component id="oc-3d">
         <name>.debug_pubnames</name>
         <load_address>0x0</load_address>
         <run_address>0x0</run_address>
         <size>0x26</size>
         <input_file_ref idref="fl-32"/>
      </object_component>
      <object_component id="oc-42">
         <name>.debug_pubnames</name>
         <load_address>0x26</load_address>
         <run_address>0x26</run_address>
         <size>0x2b</size>
         <input_file_ref idref="fl-33"/>
      </object_component>
      <object_component id="oc-4b">
         <name>.debug_pubnames</name>
         <load_address>0x51</load_address>
         <run_address>0x51</run_address>
         <size>0x25</size>
         <input_file_ref idref="fl-35"/>
      </object_component>
      <object_component id="oc-4e">
         <name>.debug_pubnames</name>
         <load_address>0x76</load_address>
         <run_address>0x76</run_address>
         <size>0x2c</size>
         <input_file_ref idref="fl-34"/>
      </object_component>
      <object_component id="oc-54">
         <name>.debug_pubnames</name>
         <load_address>0xa2</load_address>
         <run_address>0xa2</run_address>
         <size>0x1d</size>
         <input_file_ref idref="fl-32"/>
      </object_component>
      <object_component id="oc-59">
         <name>.debug_pubnames</name>
         <load_address>0xbf</load_address>
         <run_address>0xbf</run_address>
         <size>0x1d</size>
         <input_file_ref idref="fl-2"/>
      </object_component>
      <object_component id="oc-60">
         <name>.debug_pubnames</name>
         <load_address>0xdc</load_address>
         <run_address>0xdc</run_address>
         <size>0x2b</size>
         <input_file_ref idref="fl-4e"/>
      </object_component>
      <object_component id="oc-64">
         <name>.debug_pubnames</name>
         <load_address>0x107</load_address>
         <run_address>0x107</run_address>
         <size>0x1f</size>
         <input_file_ref idref="fl-2"/>
      </object_component>
      <object_component id="oc-6a">
         <name>.debug_pubnames</name>
         <load_address>0x126</load_address>
         <run_address>0x126</run_address>
         <size>0x27</size>
         <input_file_ref idref="fl-57"/>
      </object_component>
      <object_component id="oc-71">
         <name>.debug_pubnames</name>
         <load_address>0x14d</load_address>
         <run_address>0x14d</run_address>
         <size>0x21</size>
         <input_file_ref idref="fl-5f"/>
      </object_component>
      <object_component id="oc-76">
         <name>.debug_pubnames</name>
         <load_address>0x16e</load_address>
         <run_address>0x16e</run_address>
         <size>0x1b</size>
         <input_file_ref idref="fl-2"/>
      </object_component>
      <object_component id="oc-7c">
         <name>.debug_pubnames</name>
         <load_address>0x189</load_address>
         <run_address>0x189</run_address>
         <size>0x1c</size>
         <input_file_ref idref="fl-3a"/>
      </object_component>
      <object_component id="oc-84">
         <name>.debug_pubnames</name>
         <load_address>0x1a5</load_address>
         <run_address>0x1a5</run_address>
         <size>0x1d</size>
         <input_file_ref idref="fl-53"/>
      </object_component>
      <object_component id="oc-97">
         <name>.debug_pubnames</name>
[...]
         <object_component_ref idref="oc-1a1"/>
      </symbol>
      <symbol id="sm-276">
         <name>__mspabi_divu</name>
         <value>0xdaae</value>
         <object_component_ref idref="oc-1a1"/>
      </symbol>
      <symbol id="sm-27f">
         <name>__mspabi_func_epilog_2</name>
         <value>0xdb96</value>
         <object_component_ref idref="oc-af"/>
      </symbol>
      <symbol id="sm-280">
         <name>__mspabi_func_epilog_3</name>
         <value>0xdb94</value>
         <object_component_ref idref="oc-af"/>
      </symbol>
      <symbol id="sm-281">
         <name>__mspabi_func_epilog_1</name>
         <value>0xdb98</value>
         <object_component_ref idref="oc-af"/>
      </symbol>
      <symbol id="sm-282">
         <name>__mspabi_func_epilog_6</name>
         <value>0xdb8e</value>
         <object_component_ref idref="oc-af"/>
      </symbol>
      <symbol id="sm-283">
         <name>__mspabi_func_epilog_7</name>
         <value>0xdb8c</value>
         <object_component_ref idref="oc-af"/>
      </symbol>
      <symbol id="sm-284">
         <name>__mspabi_func_epilog_4</name>
         <value>0xdb92</value>
         <object_component_ref idref="oc-af"/>
      </symbol>
      <symbol id="sm-285">
         <name>__mspabi_func_epilog_5</name>
         <value>0xdb90</value>
         <object_component_ref idref="oc-af"/>
      </symbol>
      <symbol id="sm-28f">
         <name>C$$EXIT</name>
         <value>0xdbce</value>
         <object_component_ref idref="oc-79"/>
      </symbol>
      <symbol id="sm-290">
         <name>abort</name>
         <value>0xdbce</value>
         <object_component_ref idref="oc-79"/>
      </symbol>
      <symbol id="sm-2a0">
         <name>__mspabi_fixdi</name>
         <value>0xd996</value>
         <object_component_ref idref="oc-fe"/>
      </symbol>
      <symbol id="sm-2b2">
         <name>__mspabi_fixdli</name>
         <value>0xd30c</value>
         <object_component_ref idref="oc-199"/>
      </symbol>
      <symbol id="sm-2be">
         <name>__mspabi_fltud</name>
         <value>0xdbbe</value>
         <object_component_ref idref="oc-f2"/>
      </symbol>
      <symbol id="sm-2d3">
         <name>__mspabi_fltuld</name>
         <value>0xd28c</value>
         <object_component_ref idref="oc-17a"/>
      </symbol>
      <symbol id="sm-2f4">
         <name>__TI_frcaddd</name>
         <value>0xcaa4</value>
         <object_component_ref idref="oc-187"/>
      </symbol>
      <symbol id="sm-30f">
         <name>__mspabi_subf</name>
         <value>0xcd04</value>
         <object_component_ref idref="oc-e8"/>
      </symbol>
      <symbol id="sm-310">
         <name>__mspabi_addf</name>
         <value>0xcd0a</value>
         <object_component_ref idref="oc-e8"/>
      </symbol>
      <symbol id="sm-322">
         <name>__mspabi_divf</name>
         <value>0xd0d2</value>
         <object_component_ref idref="oc-16b"/>
      </symbol>
      <symbol id="sm-32f">
         <name>__mspabi_fltif</name>
         <value>0xd880</value>
         <object_component_ref idref="oc-e3"/>
      </symbol>
      <symbol id="sm-341">
         <name>__mspabi_fixfi</name>
         <value>0xd3e6</value>
         <object_component_ref idref="oc-ed"/>
      </symbol>
      <symbol id="sm-344">
         <name>__TI_int03</name>
         <value>0xffe6</value>
         <object_component_ref idref="oc-2f"/>
      </symbol>
      <symbol id="sm-347">
         <name>__TI_int05</name>
         <value>0xffea</value>
         <object_component_ref idref="oc-30"/>
      </symbol>
      <symbol id="sm-34a">
         <name>__TI_int06</name>
         <value>0xffec</value>
         <object_component_ref idref="oc-31"/>
      </symbol>
      <symbol id="sm-34d">
         <name>__TI_int07</name>
         <value>0xffee</value>
         <object_component_ref idref="oc-32"/>
      </symbol>
      <symbol id="sm-350">
         <name>__TI_int08</name>
         <value>0xfff0</value>
         <object_component_ref idref="oc-33"/>
      </symbol>
      <symbol id="sm-353">
         <name>__TI_int10</name>
         <value>0xfff4</value>
         <object_component_ref idref="oc-35"/>
      </symbol>
      <symbol id="sm-356">
         <name>__TI_int11</name>
         <value>0xfff6</value>
         <object_component_ref idref="oc-36"/>
      </symbol>
      <symbol id="sm-359">
         <name>__TI_int12</name>
         <value>0xfff8</value>
         <object_component_ref idref="oc-37"/>
      </symbol>
      <symbol id="sm-35c">
         <name>__TI_int13</name>
         <value>0xfffa</value>
         <object_component_ref idref="oc-38"/>
      </symbol>
      <symbol id="sm-35f">
         <name>__TI_int14</name>
         <value>0xfffc</value>
         <object_component_ref idref="oc-39"/>
      </symbol>
      <symbol id="sm-367">
         <name>__TI_ISR_TRAP</name>
         <value>0xdbb8</value>
         <object_component_ref idref="oc-5c"/>
      </symbol>
      <symbol id="sm-36f">
         <name>__mspabi_slli</name>
         <value>0xd96a</value>
         <object_component_ref idref="oc-18d"/>
      </symbol>
      <symbol id="sm-370">
         <name>__mspabi_slli_9</name>
         <value>0xd982</value>
         <object_component_ref idref="oc-18d"/>
      </symbol>
      <symbol id="sm-371">
         <name>__mspabi_slli_8</name>
         <value>0xd984</value>
         <object_component_ref idref="oc-18d"/>
      </symbol>
      <symbol id="sm-372">
         <name>__mspabi_slli_7</name>
         <value>0xd986</value>
         <object_component_ref idref="oc-18d"/>
      </symbol>
      <symbol id="sm-373">
         <name>__mspabi_slli_6</name>
         <value>0xd988</value>
         <object_component_ref idref="oc-18d"/>
      </symbol>
      <symbol id="sm-374">
         <name>__mspabi_slli_5</name>
         <value>0xd98a</value>
         <object_component_ref idref="oc-18d"/>
      </symbol>
      <symbol id="sm-375">
         <name>__mspabi_slli_4</name>
         <value>0xd98c</value>
         <object_component_ref idref="oc-18d"/>
      </symbol>
      <symbol id="sm-376">
         <name>__mspabi_slli_3</name>
         <value>0xd98e</value>
         <object_component_ref idref="oc-18d"/>
      </symbol>
      <symbol id="sm-377">
         <name>__mspabi_slli_2</name>
         <value>0xd990</value>
         <object_component_ref idref="oc-18d"/>
      </symbol>
      <symbol id="sm-378">
         <name>__mspabi_slli_1</name>
         <value>0xd992</value>
         <object_component_ref idref="oc-18d"/>
      </symbol>
      <symbol id="sm-379">
         <name>__mspabi_slli_15</name>
         <value>0xd976</value>
         <object_component_ref idref="oc-18d"/>
      </symbol>
      <symbol id="sm-37a">
         <name>__mspabi_slli_14</name>
         <value>0xd978</value>
         <object_component_ref idref="oc-18d"/>
      </symbol>
      <symbol id="sm-37b">
         <name>__mspabi_slli_13</name>
         <value>0xd97a</value>
         <object_component_ref idref="oc-18d"/>
      </symbol>
      <symbol id="sm-37c">
         <name>__mspabi_slli_12</name>
         <value>0xd97c</value>
         <object_component_ref idref="oc-18d"/>
      </symbol>
      <symbol id="sm-37d">
         <name>__mspabi_slli_11</name>
         <value>0xd97e</value>
         <object_component_ref idref="oc-18d"/>
      </symbol>
      <symbol id="sm-37e">
         <name>__mspabi_slli_10</name>
         <value>0xd980</value>
         <object_component_ref idref="oc-18d"/>
      </symbol>
      <symbol id="sm-38e">
         <name>__mspabi_slll_9</name>
         <value>0xd7a6</value>
         <object_component_ref idref="oc-1ff"/>
      </symbol>
      <symbol id="sm-38f">
         <name>__mspabi_slll_8</name>
         <value>0xd7aa</value>
         <object_component_ref idref="oc-1ff"/>
      </symbol>
      <symbol id="sm-390">
         <name>__mspabi_slll_7</name>
         <value>0xd7ae</value>
         <object_component_ref idref="oc-1ff"/>
      </symbol>
      <symbol id="sm-391">
         <name>__mspabi_slll_6</name>
         <value>0xd7b2</value>
         <object_component_ref idref="oc-1ff"/>
      </symbol>
      <symbol id="sm-392">
         <name>__mspabi_slll_5</name>
         <value>0xd7b6</value>
         <object_component_ref idref="oc-1ff"/>
      </symbol>
      <symbol id="sm-393">
         <name>__mspabi_slll_4</name>
         <value>0xd7ba</value>
         <object_component_ref idref="oc-1ff"/>
      </symbol>
      <symbol id="sm-394">
         <name>__mspabi_slll_3</name>
         <value>0xd7be</value>
         <object_component_ref idref="oc-1ff"/>
      </symbol>
      <symbol id="sm-395">
         <name>__mspabi_slll_2</name>
         <value>0xd7c2</value>
         <object_component_ref idref="oc-1ff"/>
      </symbol>
      <symbol id="sm-396">
         <name>__mspabi_slll_1</name>
         <value>0xd7c6</value>
         <object_component_ref idref="oc-1ff"/>
      </symbol>
      <symbol id="sm-397">
         <name>__mspabi_slll</name>
         <value>0xdb7c</value>
         <object_component_ref idref="oc-213"/>
      </symbol>
      <symbol id="sm-398">
         <name>__mspabi_slll_15</name>
         <value>0xd78e</value>
         <object_component_ref idref="oc-1ff"/>
      </symbol>
      <symbol id="sm-399">
         <name>__mspabi_slll_14</name>
         <value>0xd792</value>
         <object_component_ref idref="oc-1ff"/>
      </symbol>
      <symbol id="sm-39a">
         <name>__mspabi_slll_13</name>
         <value>0xd796</value>
         <object_component_ref idref="oc-1ff"/>
      </symbol>
      <symbol id="sm-39b">
         <name>__mspabi_slll_12</name>
         <value>0xd79a</value>
         <object_component_ref idref="oc-1ff"/>
      </symbol>
      <symbol id="sm-39c">
         <name>__mspabi_slll_11</name>
         <value>0xd79e</value>
         <object_component_ref idref="oc-1ff"/>
      </symbol>
      <symbol id="sm-39d">
         <name>__mspabi_slll_10</name>
         <value>0xd7a2</value>
         <object_component_ref idref="oc-1ff"/>
      </symbol>
      <symbol id="sm-3a5">
         <name>__mspabi_srli_8</name>
         <value>0xd6e6</value>
         <object_component_ref idref="oc-20e"/>
      </symbol>
      <symbol id="sm-3a6">
         <name>__mspabi_srli_9</name>
         <value>0xd6e2</value>
         <object_component_ref idref="oc-20e"/>
      </symbol>
      <symbol id="sm-3a7">
         <name>__mspabi_srli_6</name>
         <value>0xd6ee</value>
         <object_component_ref idref="oc-20e"/>
      </symbol>
      <symbol id="sm-3a8">
         <name>__mspabi_srli_7</name>
         <value>0xd6ea</value>
         <object_component_ref idref="oc-20e"/>
      </symbol>
      <symbol id="sm-3a9">
         <name>__mspabi_srli_4</name>
         <value>0xd6f6</value>
         <object_component_ref idref="oc-20e"/>
      </symbol>
      <symbol id="sm-3aa">
         <name>__mspabi_srli_5</name>
         <value>0xd6f2</value>
         <object_component_ref idref="oc-20e"/>
      </symbol>
      <symbol id="sm-3ab">
         <name>__mspabi_srli_2</name>
         <value>0xd6fe</value>
         <object_component_ref idref="oc-20e"/>
      </symbol>
      <symbol id="sm-3ac">
         <name>__mspabi_srli_3</name>
         <value>0xd6fa</value>
         <object_component_ref idref="oc-20e"/>
      </symbol>
      <symbol id="sm-3ad">
         <name>__mspabi_srli_1</name>
         <value>0xd702</value>
         <object_component_ref idref="oc-20e"/>
      </symbol>
      <symbol id="sm-3ae">
         <name>__mspabi_srli</name>
         <value>0xd6bc</value>
         <object_component_ref idref="oc-20e"/>
      </symbol>
      <symbol id="sm-3af">
         <name>__mspabi_srli_15</name>
         <value>0xd6ca</value>
         <object_component_ref idref="oc-20e"/>
      </symbol>
      <symbol id="sm-3b0">
         <name>__mspabi_srli_14</name>
         <value>0xd6ce</value>
         <object_component_ref idref="oc-20e"/>
      </symbol>
      <symbol id="sm-3b1">
         <name>__mspabi_srli_13</name>
         <value>0xd6d2</value>
         <object_component_ref idref="oc-20e"/>
      </symbol>
      <symbol id="sm-3b2">
         <name>__mspabi_srli_12</name>
         <value>0xd6d6</value>
         <object_component_ref idref="oc-20e"/>
      </symbol>
      <symbol id="sm-3b3">
         <name>__mspabi_srli_11</name>
         <value>0xd6da</value>
         <object_component_ref idref="oc-20e"/>
      </symbol>
      <symbol id="sm-3b4">
         <name>__mspabi_srli_10</name>
         <value>0xd6de</value>
         <object_component_ref idref="oc-20e"/>
      </symbol>
      <symbol id="sm-3c4">
         <name>__mspabi_srll_8</name>
         <value>0xd592</value>
         <object_component_ref idref="oc-204"/>
      </symbol>
      <symbol id="sm-3c5">
         <name>__mspabi_srll_9</name>
         <value>0xd58c</value>
         <object_component_ref idref="oc-204"/>
      </symbol>
      <symbol id="sm-3c6">
         <name>__mspabi_srll_6</name>
         <value>0xd59e</value>
         <object_component_ref idref="oc-204"/>
      </symbol>
      <symbol id="sm-3c7">
         <name>__mspabi_srll_7</name>
         <value>0xd598</value>
         <object_component_ref idref="oc-204"/>
      </symbol>
      <symbol id="sm-3c8">
         <name>__mspabi_srll_4</name>
         <value>0xd5aa</value>
         <object_component_ref idref="oc-204"/>
      </symbol>
      <symbol id="sm-3c9">
         <name>__mspabi_srll_5</name>
         <value>0xd5a4</value>
         <object_component_ref idref="oc-204"/>
      </symbol>
      <symbol id="sm-3ca">
         <name>__mspabi_srll_2</name>
         <value>0xd5b6</value>
         <object_component_ref idref="oc-204"/>
      </symbol>
      <symbol id="sm-3cb">
         <name>__mspabi_srll_3</name>
         <value>0xd5b0</value>
         <object_component_ref idref="oc-204"/>
      </symbol>
      <symbol id="sm-3cc">
         <name>__mspabi_srll_1</name>
         <value>0xd5bc</value>
         <object_component_ref idref="oc-204"/>
      </symbol>
      <symbol id="sm-3cd">
         <name>__mspabi_srll_15</name>
         <value>0xd568</value>
         <object_component_ref idref="oc-204"/>
      </symbol>
      <symbol id="sm-3ce">
         <name>__mspabi_srll_14</name>
         <value>0xd56e</value>
         <object_component_ref idref="oc-204"/>
      </symbol>
      <symbol id="sm-3cf">
         <name>__mspabi_srll_13</name>
         <value>0xd574</value>
         <object_component_ref idref="oc-204"/>
      </symbol>
      <symbol id="sm-3d0">
         <name>__mspabi_srll_12</name>
         <value>0xd57a</value>
         <object_component_ref idref="oc-204"/>
      </symbol>
      <symbol id="sm-3d1">
         <name>__mspabi_srll_11</name>
         <value>0xd580</value>
         <object_component_ref idref="oc-204"/>
      </symbol>
      <symbol id="sm-3d2">
         <name>__mspabi_srll_10</name>
         <value>0xd586</value>
         <object_component_ref idref="oc-204"/>
      </symbol>
      <symbol id="sm-3d3">
         <name>__mspabi_srll</name>
         <value>0xdb38</value>
         <object_component_ref idref="oc-218"/>
      </symbol>
      <symbol id="sm-3e1">
         <name>memcpy</name>
         <value>0xdb4a</value>
         <object_component_ref idref="oc-80"/>
      </symbol>
      <symbol id="sm-3ef">
         <name>memset</name>
         <value>0xdad8</value>
         <object_component_ref idref="oc-157"/>
      </symbol>
      <symbol id="sm-3fa">
         <name>__mspabi_mpyi</name>
         <value>0xdaec</value>
         <object_component_ref idref="oc-d8"/>
      </symbol>
      <symbol id="sm-403">
         <name>_system_pre_init</name>
         <value>0xdbca</value>
         <object_component_ref idref="oc-67"/>
      </symbol>
      <symbol id="sm-416">
         <name>__TI_renormd</name>
         <value>0xd014</value>
         <object_component_ref idref="oc-222"/>
      </symbol>
      <symbol id="sm-437">
         <name>sprintf</name>
         <value>0xd848</value>
         <object_component_ref idref="oc-b7"/>
      </symbol>
      <symbol id="sm-446">
         <name>strcat</name>
         <value>0xda66</value>
         <object_component_ref idref="oc-160"/>
      </symbol>
      <symbol id="sm-4ae">
         <name>__TI_printfi_minimal</name>
         <value>0xcf4a</value>
         <object_component_ref idref="oc-13b"/>
      </symbol>
      <symbol id="sm-4bf">
         <name>__mspabi_sral</name>
         <value>0xdb6c</value>
         <object_component_ref idref="oc-21d"/>
      </symbol>
      <symbol id="sm-4c0">
         <name>__mspabi_sral_15</name>
         <value>0xd750</value>
         <object_component_ref idref="oc-1f3"/>
      </symbol>
      <symbol id="sm-4c1">
         <name>__mspabi_sral_14</name>
         <value>0xd754</value>
         <object_component_ref idref="oc-1f3"/>
      </symbol>
      <symbol id="sm-4c2">
         <name>__mspabi_sral_13</name>
         <value>0xd758</value>
         <object_component_ref idref="oc-1f3"/>
      </symbol>
      <symbol id="sm-4c3">
         <name>__mspabi_sral_12</name>
         <value>0xd75c</value>
         <object_component_ref idref="oc-1f3"/>
      </symbol>
      <symbol id="sm-4c4">
         <name>__mspabi_sral_11</name>
         <value>0xd760</value>
         <object_component_ref idref="oc-1f3"/>
      </symbol>
      <symbol id="sm-4c5">
         <name>__mspabi_sral_10</name>
         <value>0xd764</value>
         <object_component_ref idref="oc-1f3"/>
      </symbol>
      <symbol id="sm-4c6">
         <name>__mspabi_sral_8</name>
         <value>0xd76c</value>
         <object_component_ref idref="oc-1f3"/>
      </symbol>
      <symbol id="sm-4c7">
         <name>__mspabi_sral_9</name>
         <value>0xd768</value>
         <object_component_ref idref="oc-1f3"/>
      </symbol>
      <symbol id="sm-4c8">
         <name>__mspabi_sral_6</name>
         <value>0xd774</value>
         <object_component_ref idref="oc-1f3"/>
      </symbol>
      <symbol id="sm-4c9">
         <name>__mspabi_sral_7</name>
         <value>0xd770</value>
         <object_component_ref idref="oc-1f3"/>
      </symbol>
      <symbol id="sm-4ca">
         <name>__mspabi_sral_4</name>
         <value>0xd77c</value>
         <object_component_ref idref="oc-1f3"/>
      </symbol>
      <symbol id="sm-4cb">
         <name>__mspabi_sral_5</name>
         <value>0xd778</value>
         <object_component_ref idref="oc-1f3"/>
      </symbol>
      <symbol id="sm-4cc">
         <name>__mspabi_sral_2</name>
         <value>0xd784</value>
         <object_component_ref idref="oc-1f3"/>
      </symbol>
      <symbol id="sm-4cd">
         <name>__mspabi_sral_3</name>
         <value>0xd780</value>
         <object_component_ref idref="oc-1f3"/>
      </symbol>
      <symbol id="sm-4ce">
         <name>__mspabi_sral_1</name>
         <value>0xd788</value>
         <object_component_ref idref="oc-1f3"/>
      </symbol>
      <symbol id="sm-4e4">
         <name>_auto_init</name>
         <value>0xd4ac</value>
         <object_component_ref idref="oc-6d"/>
      </symbol>
      <symbol id="sm-4f3">
         <name>memccpy</name>
         <value>0xd9fc</value>
         <object_component_ref idref="oc-23b"/>
      </symbol>
      <symbol id="sm-500">
         <name>strlen</name>
         <value>0xdbaa</value>
         <object_component_ref idref="oc-1b2"/>
      </symbol>
      <symbol id="sm-501">
         <name>__TI_exit</name>
         <value>0x1</value>
      </symbol>
      <symbol id="sm-502">
         <name>__TI_args_main</name>
         <value>0x1</value>
      </symbol>
      <symbol id="sm-503">
         <name>__TI_INITARRAY_Base</name>
         <value>0x0</value>
      </symbol>
      <symbol id="sm-504">
         <name>__TI_INITARRAY_Limit</name>
         <value>0x0</value>
      </symbol>
   </symbol_table>
   <title>Link successful</title>
</link_info>
