******************************************************************************
                  MSP430 Linker PC v4.3.3                      
******************************************************************************
>> Linked Mon Apr 13 16:45:20 2015

OUTPUT FILE NAME:   <User_Interface.out>
ENTRY POINT SYMBOL: "_c_int00"  address: 0000da18


MEMORY CONFIGURATION

         name            origin    length      used     unused   attr    fill
----------------------  --------  ---------  --------  --------  ----  --------
  SFR                   00000000   00000010  00000000  00000010  RWIX
  PERIPHERALS_8BIT      00000010   000000f0  00000000  000000f0  RWIX
  PERIPHERALS_16BIT     00000100   00000100  00000000  00000100  RWIX
  RAM                   00000200   00000200  00000086  0000017a  RWIX
  INFOD                 00001000   00000040  00000000  00000040  RWIX
  INFOC                 00001040   00000040  00000000  00000040  RWIX
  INFOB                 00001080   00000040  00000000  00000040  RWIX
  INFOA                 000010c0   00000040  00000000  00000040  RWIX
  FLASH                 0000c000   00003fe0  00001ccf  00002311  RWIX
  INT00                 0000ffe0   00000002  00000000  00000002  RWIX
  INT01                 0000ffe2   00000002  00000000  00000002  RWIX
  INT02                 0000ffe4   00000002  00000002  00000000  RWIX
  INT03                 0000ffe6   00000002  00000002  00000000  RWIX
  INT04                 0000ffe8   00000002  00000000  00000002  RWIX
  INT05                 0000ffea   00000002  00000002  00000000  RWIX
  INT06                 0000ffec   00000002  00000002  00000000  RWIX
  INT07                 0000ffee   00000002  00000002  00000000  RWIX
  INT08                 0000fff0   00000002  00000002  00000000  RWIX
  INT09                 0000fff2   00000002  00000002  00000000  RWIX
  INT10                 0000fff4   00000002  00000002  00000000  RWIX
  INT11                 0000fff6   00000002  00000002  00000000  RWIX
  INT12                 0000fff8   00000002  00000002  00000000  RWIX
  INT13                 0000fffa   00000002  00000002  00000000  RWIX
  INT14                 0000fffc   00000002  00000002  00000000  RWIX
  RESET                 0000fffe   00000002  00000002  00000000  RWIX


SECTION ALLOCATION MAP

 output                                  attributes/
section   page    origin      length       input sections
--------  ----  ----------  ----------   ----------------
.init_array 
*          0    0000c000    00000000     UNINITIALIZED

.data      0    00000200    00000032     UNINITIALIZED
                  00000200    00000032     main.obj (.data)

.TI.persistent 
*          0    00000200    00000000     UNINITIALIZED

.bss       0    00000232    00000004     UNINITIALIZED
                  00000232    00000002     (.common:i)
                  00000234    00000002     (.common:j)

.TI.noinit 
*          0    00000232    00000000     UNINITIALIZED

.stack     0    000003b0    00000050     UNINITIALIZED
                  000003b0    00000002     rts430_eabi.lib : boot.obj (.stack)
                  000003b2    0000004e     --HOLE--

.text      0    0000c000    00001bd2     
                  0000c000    000007bc     main.obj (.text:main)
                  0000c7bc    000002e8     rts430_eabi.lib : addd.obj (.text:__mspabi_addd)
                  0000caa4    00000260                     : frcaddd.obj (.text:__TI_frcaddd)
                  0000cd04    00000130                     : fs_add.obj (.text)
                  0000ce34    00000116                     : _printfi_min.obj (.text:_setfield)
                  0000cf4a    000000ca                     : _printfi_min.obj (.text:__TI_printfi_minimal)
                  0000d014    000000be                     : renormd.obj (.text:__TI_renormd)
                  0000d0d2    0000009a                     : fs_div.obj (.text)
                  0000d16c    00000096     main.obj (.text:printBolusCountdown)
                  0000d202    0000008a     main.obj (.text:Port_1)
                  0000d28c    00000080     rts430_eabi.lib : fltuld.obj (.text:__mspabi_fltuld)
                  0000d30c    00000072                     : fixdli.obj (.text:__mspabi_fixdli)
                  0000d37e    00000068                     : cvtfd.obj (.text:__mspabi_cvtfd)
                  0000d3e6    00000068                     : fs_toi.obj (.text)
                  0000d44e    0000005e                     : copy_decompress_rle.obj (.text:__TI_decompress_rle_core)
                  0000d4ac    0000005e                     : autoinit.obj (.text:_auto_init)
                  0000d50a    0000005e     main.obj (.text:recalculate_times)
                  0000d568    0000005c     rts430_eabi.lib : lsr32.obj (.text:l_lsr_const)
                  0000d5c4    00000056                     : _printfi_min.obj (.text:_ltostr)
                  0000d61a    00000054     main.obj (.text:lcd_init)
                  0000d66e    0000004e     rts430_eabi.lib : _printfi_min.obj (.text:_pproc_diouxp)
                  0000d6bc    0000004c                     : lsr16.obj (.text)
                  0000d708    00000048                     : _printfi_min.obj (.text:_pproc_str)
                  0000d750    0000003e                     : asr32.obj (.text:l_asr_const)
                  0000d78e    0000003e                     : lsl32.obj (.text:l_lsl_const)
                  0000d7cc    0000003e     main.obj (.text:send_command)
                  0000d80a    0000003e     main.obj (.text:send_data)
                  0000d848    00000038     rts430_eabi.lib : sprintf.obj (.text:sprintf)
                  0000d880    00000036                     : fs_itof.obj (.text)
                  0000d8b6    0000002e                     : _printfi_min.obj (.text:_getarg_diouxp)
                  0000d8e4    0000002e     main.obj (.text:delay)
                  0000d912    0000002c     rts430_eabi.lib : asr16.obj (.text)
                  0000d93e    0000002c                     : div16s.obj (.text)
                  0000d96a    0000002c                     : lsl16.obj (.text)
                  0000d996    00000028                     : fixdi.obj (.text:__mspabi_fixdi)
                  0000d9be    00000020     main.obj (.text:Timer_A0)
                  0000d9de    0000001e     main.obj (.text:print_screen)
                  0000d9fc    0000001c     rts430_eabi.lib : memccpy.obj (.text:memccpy)
                  0000da18    0000001a                     : boot.obj (.text:_c_int00_noexit)
                  0000da32    0000001a                     : sprintf.obj (.text:_outs)
                  0000da4c    0000001a     main.obj (.text:deliverBolusDosage)
                  0000da66    0000001a     rts430_eabi.lib : strcat.obj (.text:strcat)
                  0000da80    00000018                     : _printfi_min.obj (.text:_div)
                  0000da98    00000016     main.obj (.text:factoryReset)
                  0000daae    00000016     rts430_eabi.lib : div16u.obj (.text)
                  0000dac4    00000014                     : copy_zero_init.obj (.text:decompress:ZI:__TI_zero_init)
                  0000dad8    00000014                     : memset.obj (.text:memset)
                  0000daec    00000014                     : mult16.obj (.text)
                  0000db00    00000014     main.obj (.text:send_string)
                  0000db14    00000012     rts430_eabi.lib : sprintf.obj (.text:_outc)
                  0000db26    00000012                     : copy_decompress_none.obj (.text:decompress:none:__TI_decompress_none)
                  0000db38    00000012                     : lsr32.obj (.text:l_lsr)
                  0000db4a    00000012                     : memcpy.obj (.text:memcpy)
                  0000db5c    00000010     main.obj (.text:data_write)
                  0000db6c    00000010     rts430_eabi.lib : asr32.obj (.text:l_asr)
                  0000db7c    00000010                     : lsl32.obj (.text:l_lsl)
                  0000db8c    00000010                     : epilog.obj (.text)
                  0000db9c    0000000e     main.obj (.text:check_busy)
                  0000dbaa    0000000e     rts430_eabi.lib : strlen.obj (.text:strlen)
                  0000dbb8    00000006                     : isr_trap.obj (.text:__TI_ISR_TRAP)
                  0000dbbe    00000006                     : fltud.obj (.text:__mspabi_fltud)
                  0000dbc4    00000006                     : copy_decompress_rle.obj (.text:decompress:rle24:__TI_decompress_rle24)
                  0000dbca    00000004                     : pre_init.obj (.text:_system_pre_init)
                  0000dbce    00000004                     : exit.obj (.text:abort)

.const     0    0000dbd2    000000d7     
                  0000dbd2    000000aa     main.obj (.const:.string)
                  0000dc7c    00000014     rts430_eabi.lib : _printfi_min.obj (.const:.string)
                  0000dc90    00000014     main.obj (.const)
                  0000dca4    00000005     main.obj (.const:.string:$P$T0$1)

.cinit     0    0000dcaa    00000026     
                  0000dcaa    00000013     (.cinit..data.load) [load image, compression = rle]
                  0000dcbd    00000001     --HOLE-- [fill = 0]
                  0000dcbe    00000006     (__TI_handler_table)
                  0000dcc4    00000004     (.cinit..bss.load) [load image, compression = zero_init]
                  0000dcc8    00000008     (__TI_cinit_table)

PORT1      0    0000ffe4    00000002     
                  0000ffe4    00000002     main.obj (.int02)

PORT2      0    0000ffe6    00000002     
                  0000ffe6    00000002     rts430_eabi.lib : int03.obj (.int03)

ADC10      0    0000ffea    00000002     
                  0000ffea    00000002     rts430_eabi.lib : int05.obj (.int05)

USCIAB0TX 
*          0    0000ffec    00000002     
                  0000ffec    00000002     rts430_eabi.lib : int06.obj (.int06)

USCIAB0RX 
*          0    0000ffee    00000002     
                  0000ffee    00000002     rts430_eabi.lib : int07.obj (.int07)

TIMER0_A1 
*          0    0000fff0    00000002     
                  0000fff0    00000002     rts430_eabi.lib : int08.obj (.int08)

TIMER0_A0 
*          0    0000fff2    00000002     
                  0000fff2    00000002     main.obj (.int09)

WDT        0    0000fff4    00000002     
                  0000fff4    00000002     rts430_eabi.lib : int10.obj (.int10)

COMPARATORA 
*          0    0000fff6    00000002     
                  0000fff6    00000002     rts430_eabi.lib : int11.obj (.int11)

TIMER1_A1 
*          0    0000fff8    00000002     
                  0000fff8    00000002     rts430_eabi.lib : int12.obj (.int12)

TIMER1_A0 
*          0    0000fffa    00000002     
                  0000fffa    00000002     rts430_eabi.lib : int13.obj (.int13)

NMI        0    0000fffc    00000002     
                  0000fffc    00000002     rts430_eabi.lib : int14.obj (.int14)

.reset     0    0000fffe    00000002     
                  0000fffe    00000002     rts430_eabi.lib : boot.obj (.reset)


LINKER GENERATED COPY TABLES

__TI_cinit_table @ 0000dcc8 records: 2, size/record: 4, table size: 8
	.data: load addr=0000dcaa, load size=00000013 bytes, run addr=00000200, run size=00000032 bytes, compression=rle
	.bss: load addr=0000dcc4, load size=00000004 bytes, run addr=00000232, run size=00000004 bytes, compression=zero_init


LINKER GENERATED HANDLER TABLE

__TI_handler_table @ 0000dcbe records: 3, size/record: 2, table size: 6
	index: 0, handler: __TI_zero_init
	index: 1, handler: __TI_decompress_rle24
	index: 2, handler: __TI_decompress_none


GLOBAL SYMBOLS: SORTED ALPHABETICALLY BY Name 

address    name
--------   ----
0000004a   ADC10AE0
000001b0   ADC10CTL0
000001b2   ADC10CTL1
00000048   ADC10DTC0
00000049   ADC10DTC1
000001b4   ADC10MEM
000001bc   ADC10SA
00000057   BCSCTL1
00000058   BCSCTL2
00000053   BCSCTL3
0000dbce   C$$EXIT
00000059   CACTL1
0000005a   CACTL2
000010fb   CALBC1_12MHZ
000010f9   CALBC1_16MHZ
000010ff   CALBC1_1MHZ
000010fd   CALBC1_8MHZ
000010fa   CALDCO_12MHZ
000010f8   CALDCO_16MHZ
000010fe   CALDCO_1MHZ
000010fc   CALDCO_8MHZ
0000005b   CAPD
0000dc96   CAPSULE_VOLUME
00000056   DCOCTL
0000dc90   DEFAULT_BOLUS_DOSAGE
0000dc92   DEFAULT_BOLUS_MINS
0000dc94   DEFAULT_FLOW_RATE
00000128   FCTL1
0000012a   FCTL2
0000012c   FCTL3
00000000   IE1
00000001   IE2
00000002   IFG1
00000003   IFG2
0000dc9a   MAX_BOLUS_DOSAGE
0000dc9c   MAX_BOLUS_MINS
0000dca0   MAX_FLOW_RATE
0000dc9e   MINIMUM_BOLUS_MINS
0000dca2   MIN_FLOW_RATE
00000022   P1DIR
00000025   P1IE
00000024   P1IES
00000023   P1IFG
00000020   P1IN
00000021   P1OUT
00000027   P1REN
00000026   P1SEL
00000041   P1SEL2
0000002a   P2DIR
0000002d   P2IE
0000002c   P2IES
0000002b   P2IFG
00000028   P2IN
00000029   P2OUT
0000002f   P2REN
0000002e   P2SEL
00000042   P2SEL2
0000001a   P3DIR
00000018   P3IN
00000019   P3OUT
00000010   P3REN
0000001b   P3SEL
00000043   P3SEL2
00000202   PWM_Duty
00000200   PWM_Period
0000d202   Port_1
00000172   TA0CCR0
00000174   TA0CCR1
00000176   TA0CCR2
00000162   TA0CCTL0
00000164   TA0CCTL1
00000166   TA0CCTL2
00000160   TA0CTL
0000012e   TA0IV
00000170   TA0R
00000192   TA1CCR0
00000194   TA1CCR1
00000196   TA1CCR2
00000182   TA1CCTL0
00000184   TA1CCTL1
00000186   TA1CCTL2
00000180   TA1CTL
0000011e   TA1IV
00000190   TA1R
000010db   TLV_ADC10_1_LEN
000010da   TLV_ADC10_1_TAG
000010c0   TLV_CHECKSUM
000010f7   TLV_DCO_30_LEN
000010f6   TLV_DCO_30_TAG
0000d9be   Timer_A0
0000005d   UCA0ABCTL
00000062   UCA0BR0
00000063   UCA0BR1
00000060   UCA0CTL0
00000061   UCA0CTL1
0000005f   UCA0IRRCTL
0000005e   UCA0IRTCTL
00000064   UCA0MCTL
00000066   UCA0RXBUF
00000065   UCA0STAT
00000067   UCA0TXBUF
0000006a   UCB0BR0
0000006b   UCB0BR1
00000068   UCB0CTL0
00000069   UCB0CTL1
0000006c   UCB0I2CIE
00000118   UCB0I2COA
0000011a   UCB0I2CSA
0000006e   UCB0RXBUF
0000006d   UCB0STAT
0000006f   UCB0TXBUF
00000120   WDTCTL
00000400   __STACK_END
00000050   __STACK_SIZE
0000dcc8   __TI_CINIT_Base
0000dcd0   __TI_CINIT_Limit
0000dcbe   __TI_Handler_Table_Base
0000dcc4   __TI_Handler_Table_Limit
UNDEFED    __TI_INITARRAY_Base
UNDEFED    __TI_INITARRAY_Limit
0000dbb8   __TI_ISR_TRAP
00000001   __TI_args_main
0000db26   __TI_decompress_none
0000dbc4   __TI_decompress_rle24
00000001   __TI_exit
0000caa4   __TI_frcaddd
0000ffe4   __TI_int02
0000ffe6   __TI_int03
0000ffea   __TI_int05
0000ffec   __TI_int06
0000ffee   __TI_int07
0000fff0   __TI_int08
0000fff2   __TI_int09
0000fff4   __TI_int10
0000fff6   __TI_int11
0000fff8   __TI_int12
0000fffa   __TI_int13
0000fffc   __TI_int14
0000cf4a   __TI_printfi_minimal
0000d014   __TI_renormd
0000dac4   __TI_zero_init
ffffffff   __binit__
ffffffff   __c_args__
0000c7bc   __mspabi_addd
0000cd0a   __mspabi_addf
0000d37e   __mspabi_cvtfd
0000d0d2   __mspabi_divf
0000d93e   __mspabi_divi
0000daae   __mspabi_divu
0000d996   __mspabi_fixdi
0000d30c   __mspabi_fixdli
0000d3e6   __mspabi_fixfi
0000d880   __mspabi_fltif
0000dbbe   __mspabi_fltud
0000d28c   __mspabi_fltuld
0000db98   __mspabi_func_epilog_1
0000db96   __mspabi_func_epilog_2
0000db94   __mspabi_func_epilog_3
0000db92   __mspabi_func_epilog_4
0000db90   __mspabi_func_epilog_5
0000db8e   __mspabi_func_epilog_6
0000db8c   __mspabi_func_epilog_7
0000daec   __mspabi_mpyi
0000d93e   __mspabi_remi
0000daae   __mspabi_remu
0000d96a   __mspabi_slli
0000d992   __mspabi_slli_1
0000d980   __mspabi_slli_10
0000d97e   __mspabi_slli_11
0000d97c   __mspabi_slli_12
0000d97a   __mspabi_slli_13
0000d978   __mspabi_slli_14
0000d976   __mspabi_slli_15
0000d990   __mspabi_slli_2
0000d98e   __mspabi_slli_3
0000d98c   __mspabi_slli_4
0000d98a   __mspabi_slli_5
0000d988   __mspabi_slli_6
0000d986   __mspabi_slli_7
0000d984   __mspabi_slli_8
0000d982   __mspabi_slli_9
0000db7c   __mspabi_slll
0000d7c6   __mspabi_slll_1
0000d7a2   __mspabi_slll_10
0000d79e   __mspabi_slll_11
0000d79a   __mspabi_slll_12
0000d796   __mspabi_slll_13
0000d792   __mspabi_slll_14
0000d78e   __mspabi_slll_15
0000d7c2   __mspabi_slll_2
0000d7be   __mspabi_slll_3
0000d7ba   __mspabi_slll_4
0000d7b6   __mspabi_slll_5
0000d7b2   __mspabi_slll_6
0000d7ae   __mspabi_slll_7
0000d7aa   __mspabi_slll_8
0000d7a6   __mspabi_slll_9
0000d912   __mspabi_srai
0000d93a   __mspabi_srai_1
0000d928   __mspabi_srai_10
0000d926   __mspabi_srai_11
0000d924   __mspabi_srai_12
0000d922   __mspabi_srai_13
0000d920   __mspabi_srai_14
0000d91e   __mspabi_srai_15
0000d938   __mspabi_srai_2
0000d936   __mspabi_srai_3
0000d934   __mspabi_srai_4
0000d932   __mspabi_srai_5
0000d930   __mspabi_srai_6
0000d92e   __mspabi_srai_7
0000d92c   __mspabi_srai_8
0000d92a   __mspabi_srai_9
0000db6c   __mspabi_sral
0000d788   __mspabi_sral_1
0000d764   __mspabi_sral_10
0000d760   __mspabi_sral_11
0000d75c   __mspabi_sral_12
0000d758   __mspabi_sral_13
0000d754   __mspabi_sral_14
0000d750   __mspabi_sral_15
0000d784   __mspabi_sral_2
0000d780   __mspabi_sral_3
0000d77c   __mspabi_sral_4
0000d778   __mspabi_sral_5
0000d774   __mspabi_sral_6
0000d770   __mspabi_sral_7
0000d76c   __mspabi_sral_8
0000d768   __mspabi_sral_9
0000d6bc   __mspabi_srli
0000d702   __mspabi_srli_1
0000d6de   __mspabi_srli_10
0000d6da   __mspabi_srli_11
0000d6d6   __mspabi_srli_12
0000d6d2   __mspabi_srli_13
0000d6ce   __mspabi_srli_14
0000d6ca   __mspabi_srli_15
0000d6fe   __mspabi_srli_2
0000d6fa   __mspabi_srli_3
0000d6f6   __mspabi_srli_4
0000d6f2   __mspabi_srli_5
0000d6ee   __mspabi_srli_6
0000d6ea   __mspabi_srli_7
0000d6e6   __mspabi_srli_8
0000d6e2   __mspabi_srli_9
0000db38   __mspabi_srll
0000d5bc   __mspabi_srll_1
0000d586   __mspabi_srll_10
0000d580   __mspabi_srll_11
0000d57a   __mspabi_srll_12
0000d574   __mspabi_srll_13
0000d56e   __mspabi_srll_14
0000d568   __mspabi_srll_15
0000d5b6   __mspabi_srll_2
0000d5b0   __mspabi_srll_3
0000d5aa   __mspabi_srll_4
0000d5a4   __mspabi_srll_5
0000d59e   __mspabi_srll_6
0000d598   __mspabi_srll_7
0000d592   __mspabi_srll_8
0000d58c   __mspabi_srll_9
0000cd04   __mspabi_subf
0000d4ac   _auto_init
0000da18   _c_int00
0000da18   _c_int00_noexit
0000fffe   _reset_vector
000003b0   _stack
0000dbca   _system_pre_init
0000dbce   abort
ffffffff   binit
00000212   bolus_active
00000218   bolus_countdown
0000021a   bolus_countdown_prev
0000020a   bolus_dosage
0000021e   bolus_dosage_changed
0000020c   bolus_mins
00000204   button
0000db9c   check_busy
00000206   count
00000214   current_time
0000db5c   data_write
0000d8e4   delay
0000da4c   deliverBolusDosage
00000220   dosage_cycle
0000da98   factoryReset
00000228   fill_time
0000020e   flow_rate
0000021c   flow_rate_changed
00000232   i
00000234   j
0000d61a   lcd_init
0000c000   main
0000d9fc   memccpy
0000db4a   memcpy
0000dad8   memset
00000216   next_valve_change
0000d16c   printBolusCountdown
0000d9de   print_screen
0000d50a   recalculate_times
0000d7cc   send_command
0000d80a   send_data
0000db00   send_string
0000d848   sprintf
0000da66   strcat
0000dbaa   strlen
00000230   timercount
00000210   total_delivered
00000208   valve


GLOBAL SYMBOLS: SORTED BY Symbol Address 

address    name
--------   ----
00000000   IE1
00000001   IE2
00000001   __TI_args_main
00000001   __TI_exit
00000002   IFG1
00000003   IFG2
00000010   P3REN
00000018   P3IN
00000019   P3OUT
0000001a   P3DIR
0000001b   P3SEL
00000020   P1IN
00000021   P1OUT
00000022   P1DIR
00000023   P1IFG
00000024   P1IES
00000025   P1IE
00000026   P1SEL
00000027   P1REN
00000028   P2IN
00000029   P2OUT
0000002a   P2DIR
0000002b   P2IFG
0000002c   P2IES
0000002d   P2IE
0000002e   P2SEL
0000002f   P2REN
00000041   P1SEL2
00000042   P2SEL2
00000043   P3SEL2
00000048   ADC10DTC0
00000049   ADC10DTC1
0000004a   ADC10AE0
00000050   __STACK_SIZE
00000053   BCSCTL3
00000056   DCOCTL
00000057   BCSCTL1
00000058   BCSCTL2
00000059   CACTL1
0000005a   CACTL2
0000005b   CAPD
0000005d   UCA0ABCTL
0000005e   UCA0IRTCTL
0000005f   UCA0IRRCTL
00000060   UCA0CTL0
00000061   UCA0CTL1
00000062   UCA0BR0
00000063   UCA0BR1
00000064   UCA0MCTL
00000065   UCA0STAT
00000066   UCA0RXBUF
00000067   UCA0TXBUF
00000068   UCB0CTL0
00000069   UCB0CTL1
0000006a   UCB0BR0
0000006b   UCB0BR1
0000006c   UCB0I2CIE
0000006d   UCB0STAT
0000006e   UCB0RXBUF
0000006f   UCB0TXBUF
00000118   UCB0I2COA
0000011a   UCB0I2CSA
0000011e   TA1IV
00000120   WDTCTL
00000128   FCTL1
0000012a   FCTL2
0000012c   FCTL3
0000012e   TA0IV
00000160   TA0CTL
00000162   TA0CCTL0
00000164   TA0CCTL1
00000166   TA0CCTL2
00000170   TA0R
00000172   TA0CCR0
00000174   TA0CCR1
00000176   TA0CCR2
00000180   TA1CTL
00000182   TA1CCTL0
00000184   TA1CCTL1
00000186   TA1CCTL2
00000190   TA1R
00000192   TA1CCR0
00000194   TA1CCR1
00000196   TA1CCR2
000001b0   ADC10CTL0
000001b2   ADC10CTL1
000001b4   ADC10MEM
000001bc   ADC10SA
00000200   PWM_Period
00000202   PWM_Duty
00000204   button
00000206   count
00000208   valve
0000020a   bolus_dosage
0000020c   bolus_mins
0000020e   flow_rate
00000210   total_delivered
00000212   bolus_active
00000214   current_time
00000216   next_valve_change
00000218   bolus_countdown
0000021a   bolus_countdown_prev
0000021c   flow_rate_changed
0000021e   bolus_dosage_changed
00000220   dosage_cycle
00000228   fill_time
00000230   timercount
00000232   i
00000234   j
000003b0   _stack
00000400   __STACK_END
000010c0   TLV_CHECKSUM
000010da   TLV_ADC10_1_TAG
000010db   TLV_ADC10_1_LEN
000010f6   TLV_DCO_30_TAG
000010f7   TLV_DCO_30_LEN
000010f8   CALDCO_16MHZ
000010f9   CALBC1_16MHZ
000010fa   CALDCO_12MHZ
000010fb   CALBC1_12MHZ
000010fc   CALDCO_8MHZ
000010fd   CALBC1_8MHZ
000010fe   CALDCO_1MHZ
000010ff   CALBC1_1MHZ
0000c000   main
0000c7bc   __mspabi_addd
0000caa4   __TI_frcaddd
0000cd04   __mspabi_subf
0000cd0a   __mspabi_addf
0000cf4a   __TI_printfi_minimal
0000d014   __TI_renormd
0000d0d2   __mspabi_divf
0000d16c   printBolusCountdown
0000d202   Port_1
0000d28c   __mspabi_fltuld
0000d30c   __mspabi_fixdli
0000d37e   __mspabi_cvtfd
0000d3e6   __mspabi_fixfi
0000d4ac   _auto_init
0000d50a   recalculate_times
0000d568   __mspabi_srll_15
0000d56e   __mspabi_srll_14
0000d574   __mspabi_srll_13
0000d57a   __mspabi_srll_12
0000d580   __mspabi_srll_11
0000d586   __mspabi_srll_10
0000d58c   __mspabi_srll_9
0000d592   __mspabi_srll_8
0000d598   __mspabi_srll_7
0000d59e   __mspabi_srll_6
0000d5a4   __mspabi_srll_5
0000d5aa   __mspabi_srll_4
0000d5b0   __mspabi_srll_3
0000d5b6   __mspabi_srll_2
0000d5bc   __mspabi_srll_1
0000d61a   lcd_init
0000d6bc   __mspabi_srli
0000d6ca   __mspabi_srli_15
0000d6ce   __mspabi_srli_14
0000d6d2   __mspabi_srli_13
0000d6d6   __mspabi_srli_12
0000d6da   __mspabi_srli_11
0000d6de   __mspabi_srli_10
0000d6e2   __mspabi_srli_9
0000d6e6   __mspabi_srli_8
0000d6ea   __mspabi_srli_7
0000d6ee   __mspabi_srli_6
0000d6f2   __mspabi_srli_5
0000d6f6   __mspabi_srli_4
0000d6fa   __mspabi_srli_3
0000d6fe   __mspabi_srli_2
0000d702   __mspabi_srli_1
0000d750   __mspabi_sral_15
0000d754   __mspabi_sral_14
0000d758   __mspabi_sral_13
0000d75c   __mspabi_sral_12
0000d760   __mspabi_sral_11
0000d764   __mspabi_sral_10
0000d768   __mspabi_sral_9
0000d76c   __mspabi_sral_8
0000d770   __mspabi_sral_7
0000d774   __mspabi_sral_6
0000d778   __mspabi_sral_5
0000d77c   __mspabi_sral_4
0000d780   __mspabi_sral_3
0000d784   __mspabi_sral_2
0000d788   __mspabi_sral_1
0000d78e   __mspabi_slll_15
0000d792   __mspabi_slll_14
0000d796   __mspabi_slll_13
0000d79a   __mspabi_slll_12
0000d79e   __mspabi_slll_11
0000d7a2   __mspabi_slll_10
0000d7a6   __mspabi_slll_9
0000d7aa   __mspabi_slll_8
0000d7ae   __mspabi_slll_7
0000d7b2   __mspabi_slll_6
0000d7b6   __mspabi_slll_5
0000d7ba   __mspabi_slll_4
0000d7be   __mspabi_slll_3
0000d7c2   __mspabi_slll_2
0000d7c6   __mspabi_slll_1
0000d7cc   send_command
0000d80a   send_data
0000d848   sprintf
0000d880   __mspabi_fltif
0000d8e4   delay
0000d912   __mspabi_srai
0000d91e   __mspabi_srai_15
0000d920   __mspabi_srai_14
0000d922   __mspabi_srai_13
0000d924   __mspabi_srai_12
0000d926   __mspabi_srai_11
0000d928   __mspabi_srai_10
0000d92a   __mspabi_srai_9
0000d92c   __mspabi_srai_8
0000d92e   __mspabi_srai_7
0000d930   __mspabi_srai_6
0000d932   __mspabi_srai_5
0000d934   __mspabi_srai_4
0000d936   __mspabi_srai_3
0000d938   __mspabi_srai_2
0000d93a   __mspabi_srai_1
0000d93e   __mspabi_divi
0000d93e   __mspabi_remi
0000d96a   __mspabi_slli
0000d976   __mspabi_slli_15
0000d978   __mspabi_slli_14
0000d97a   __mspabi_slli_13
0000d97c   __mspabi_slli_12
0000d97e   __mspabi_slli_11
0000d980   __mspabi_slli_10
0000d982   __mspabi_slli_9
0000d984   __mspabi_slli_8
0000d986   __mspabi_slli_7
0000d988   __mspabi_slli_6
0000d98a   __mspabi_slli_5
0000d98c   __mspabi_slli_4
0000d98e   __mspabi_slli_3
0000d990   __mspabi_slli_2
0000d992   __mspabi_slli_1
0000d996   __mspabi_fixdi
0000d9be   Timer_A0
0000d9de   print_screen
0000d9fc   memccpy
0000da18   _c_int00
0000da18   _c_int00_noexit
0000da4c   deliverBolusDosage
0000da66   strcat
0000da98   factoryReset
0000daae   __mspabi_divu
0000daae   __mspabi_remu
0000dac4   __TI_zero_init
0000dad8   memset
0000daec   __mspabi_mpyi
0000db00   send_string
0000db26   __TI_decompress_none
0000db38   __mspabi_srll
0000db4a   memcpy
0000db5c   data_write
0000db6c   __mspabi_sral
0000db7c   __mspabi_slll
0000db8c   __mspabi_func_epilog_7
0000db8e   __mspabi_func_epilog_6
0000db90   __mspabi_func_epilog_5
0000db92   __mspabi_func_epilog_4
0000db94   __mspabi_func_epilog_3
0000db96   __mspabi_func_epilog_2
0000db98   __mspabi_func_epilog_1
0000db9c   check_busy
0000dbaa   strlen
0000dbb8   __TI_ISR_TRAP
0000dbbe   __mspabi_fltud
0000dbc4   __TI_decompress_rle24
0000dbca   _system_pre_init
0000dbce   C$$EXIT
0000dbce   abort
0000dc90   DEFAULT_BOLUS_DOSAGE
0000dc92   DEFAULT_BOLUS_MINS
0000dc94   DEFAULT_FLOW_RATE
0000dc96   CAPSULE_VOLUME
0000dc9a   MAX_BOLUS_DOSAGE
0000dc9c   MAX_BOLUS_MINS
0000dc9e   MINIMUM_BOLUS_MINS
0000dca0   MAX_FLOW_RATE
0000dca2   MIN_FLOW_RATE
0000dcbe   __TI_Handler_Table_Base
0000dcc4   __TI_Handler_Table_Limit
0000dcc8   __TI_CINIT_Base
0000dcd0   __TI_CINIT_Limit
0000ffe4   __TI_int02
0000ffe6   __TI_int03
0000ffea   __TI_int05
0000ffec   __TI_int06
0000ffee   __TI_int07
0000fff0   __TI_int08
0000fff2   __TI_int09
0000fff4   __TI_int10
0000fff6   __TI_int11
0000fff8   __TI_int12
0000fffa   __TI_int13
0000fffc   __TI_int14
0000fffe   _reset_vector
ffffffff   __binit__
ffffffff   __c_args__
ffffffff   binit
UNDEFED    __TI_INITARRAY_Base
UNDEFED    __TI_INITARRAY_Limit

[308 symbols]
