******************************************************************************
                  MSP430 Linker PC v4.3.3                      
******************************************************************************
>> Linked Tue Apr 14 04:01:14 2015

OUTPUT FILE NAME:   <User_Interface.out>
ENTRY POINT SYMBOL: "_c_int00"  address: 0000cdec


MEMORY CONFIGURATION

         name            origin    length      used     unused   attr    fill
----------------------  --------  ---------  --------  --------  ----  --------
  SFR                   00000000   00000010  00000000  00000010  RWIX
  PERIPHERALS_8BIT      00000010   000000f0  00000000  000000f0  RWIX
  PERIPHERALS_16BIT     00000100   00000100  00000000  00000100  RWIX
  RAM                   00000200   00000200  00000086  0000017a  RWIX
  INFOD                 00001000   00000040  00000000  00000040  RWIX
  INFOC                 00001040   00000040  00000000  00000040  RWIX
  INFOB                 00001080   00000040  00000000  00000040  RWIX
  INFOA                 000010c0   00000040  00000000  00000040  RWIX
  FLASH                 0000c000   00003fe0  00001001  00002fdf  RWIX
  INT00                 0000ffe0   00000002  00000000  00000002  RWIX
  INT01                 0000ffe2   00000002  00000000  00000002  RWIX
  INT02                 0000ffe4   00000002  00000002  00000000  RWIX
  INT03                 0000ffe6   00000002  00000002  00000000  RWIX
  INT04                 0000ffe8   00000002  00000000  00000002  RWIX
  INT05                 0000ffea   00000002  00000002  00000000  RWIX
  INT06                 0000ffec   00000002  00000002  00000000  RWIX
  INT07                 0000ffee   00000002  00000002  00000000  RWIX
  INT08                 0000fff0   00000002  00000002  00000000  RWIX
  INT09                 0000fff2   00000002  00000002  00000000  RWIX
  INT10                 0000fff4   00000002  00000002  00000000  RWIX
  INT11                 0000fff6   00000002  00000002  00000000  RWIX
  INT12                 0000fff8   00000002  00000002  00000000  RWIX
  INT13                 0000fffa   00000002  00000002  00000000  RWIX
  INT14                 0000fffc   00000002  00000002  00000000  RWIX
  RESET                 0000fffe   00000002  00000002  00000000  RWIX


SECTION ALLOCATION MAP

 output                                  attributes/
section   page    origin      length       input sections
--------  ----  ----------  ----------   ----------------
.init_array 
*          0    0000c000    00000000     UNINITIALIZED

.data      0    00000200    00000032     UNINITIALIZED
                  00000200    00000032     main.obj (.data)

.TI.persistent 
*          0    00000200    00000000     UNINITIALIZED

.bss       0    00000232    00000004     UNINITIALIZED
                  00000232    00000002     (.common:i)
                  00000234    00000002     (.common:j)

.TI.noinit 
*          0    00000232    00000000     UNINITIALIZED

.stack     0    000003b0    00000050     UNINITIALIZED
                  000003b0    00000002     rts430_eabi.lib : boot.obj (.stack)
                  000003b2    0000004e     --HOLE--

.text      0    0000c000    00000f20     
                  0000c000    000005aa     main.obj (.text:main)
                  0000c5aa    00000130     rts430_eabi.lib : fs_add.obj (.text)
                  0000c6da    000000c6     main.obj (.text:print)
                  0000c7a0    000000a6     main.obj (.text:printBolusCountdown)
                  0000c846    0000009a     rts430_eabi.lib : fs_div.obj (.text)
                  0000c8e0    0000008a     main.obj (.text:Port_1)
                  0000c96a    00000068     rts430_eabi.lib : fs_toi.obj (.text)
                  0000c9d2    00000066     main.obj (.text:itoa)
                  0000ca38    0000005e     rts430_eabi.lib : copy_decompress_rle.obj (.text:__TI_decompress_rle_core)
                  0000ca96    0000005e                     : autoinit.obj (.text:_auto_init)
                  0000caf4    0000005a     main.obj (.text:recalculate_times)
                  0000cb4e    00000054     main.obj (.text:lcd_init)
                  0000cba2    0000004a     main.obj (.text:Timer_A0)
                  0000cbec    0000004a     rts430_eabi.lib : fs_cmp.obj (.text)
                  0000cc36    0000003e     main.obj (.text:send_command)
                  0000cc74    0000003e     main.obj (.text:send_data)
                  0000ccb2    00000036     main.obj (.text:reverse)
                  0000cce8    00000036     rts430_eabi.lib : fs_itof.obj (.text)
                  0000cd1e    0000002e     main.obj (.text:delay)
                  0000cd4c    0000002c     rts430_eabi.lib : asr16.obj (.text)
                  0000cd78    0000002c                     : div16s.obj (.text)
                  0000cda4    0000002a     main.obj (.text:deliverBolusDosage)
                  0000cdce    0000001e     main.obj (.text:print_screen)
                  0000cdec    0000001a     rts430_eabi.lib : boot.obj (.text:_c_int00_noexit)
                  0000ce06    0000001a                     : strcat.obj (.text:strcat)
                  0000ce20    00000016     main.obj (.text:factoryReset)
                  0000ce36    00000016     rts430_eabi.lib : div16u.obj (.text)
                  0000ce4c    00000014                     : copy_zero_init.obj (.text:decompress:ZI:__TI_zero_init)
                  0000ce60    00000014                     : memset.obj (.text:memset)
                  0000ce74    00000014                     : mult16.obj (.text)
                  0000ce88    00000014     main.obj (.text:send_string)
                  0000ce9c    00000012     rts430_eabi.lib : copy_decompress_none.obj (.text:decompress:none:__TI_decompress_none)
                  0000ceae    00000012                     : memcpy.obj (.text:memcpy)
                  0000cec0    00000010     main.obj (.text:data_write)
                  0000ced0    00000010     rts430_eabi.lib : epilog.obj (.text)
                  0000cee0    00000010                     : strcpy.obj (.text:strcpy)
                  0000cef0    0000000e     main.obj (.text:check_busy)
                  0000cefe    0000000e     rts430_eabi.lib : strlen.obj (.text:strlen)
                  0000cf0c    00000006                     : isr_trap.obj (.text:__TI_ISR_TRAP)
                  0000cf12    00000006                     : copy_decompress_rle.obj (.text:decompress:rle24:__TI_decompress_rle24)
                  0000cf18    00000004                     : pre_init.obj (.text:_system_pre_init)
                  0000cf1c    00000004                     : exit.obj (.text:abort)

.const     0    0000cf20    000000bb     
                  0000cf20    000000a2     main.obj (.const:.string)
                  0000cfc2    00000014     main.obj (.const)
                  0000cfd6    00000005     main.obj (.const:.string:$P$T0$1)

.cinit     0    0000cfdc    00000026     
                  0000cfdc    00000013     (.cinit..data.load) [load image, compression = rle]
                  0000cfef    00000001     --HOLE-- [fill = 0]
                  0000cff0    00000006     (__TI_handler_table)
                  0000cff6    00000004     (.cinit..bss.load) [load image, compression = zero_init]
                  0000cffa    00000008     (__TI_cinit_table)

PORT1      0    0000ffe4    00000002     
                  0000ffe4    00000002     main.obj (.int02)

PORT2      0    0000ffe6    00000002     
                  0000ffe6    00000002     rts430_eabi.lib : int03.obj (.int03)

ADC10      0    0000ffea    00000002     
                  0000ffea    00000002     rts430_eabi.lib : int05.obj (.int05)

USCIAB0TX 
*          0    0000ffec    00000002     
                  0000ffec    00000002     rts430_eabi.lib : int06.obj (.int06)

USCIAB0RX 
*          0    0000ffee    00000002     
                  0000ffee    00000002     rts430_eabi.lib : int07.obj (.int07)

TIMER0_A1 
*          0    0000fff0    00000002     
                  0000fff0    00000002     rts430_eabi.lib : int08.obj (.int08)

TIMER0_A0 
*          0    0000fff2    00000002     
                  0000fff2    00000002     main.obj (.int09)

WDT        0    0000fff4    00000002     
                  0000fff4    00000002     rts430_eabi.lib : int10.obj (.int10)

COMPARATORA 
*          0    0000fff6    00000002     
                  0000fff6    00000002     rts430_eabi.lib : int11.obj (.int11)

TIMER1_A1 
*          0    0000fff8    00000002     
                  0000fff8    00000002     rts430_eabi.lib : int12.obj (.int12)

TIMER1_A0 
*          0    0000fffa    00000002     
                  0000fffa    00000002     rts430_eabi.lib : int13.obj (.int13)

NMI        0    0000fffc    00000002     
                  0000fffc    00000002     rts430_eabi.lib : int14.obj (.int14)

.reset     0    0000fffe    00000002     
                  0000fffe    00000002     rts430_eabi.lib : boot.obj (.reset)


LINKER GENERATED COPY TABLES

__TI_cinit_table @ 0000cffa records: 2, size/record: 4, table size: 8
	.data: load addr=0000cfdc, load size=00000013 bytes, run addr=00000200, run size=00000032 bytes, compression=rle
	.bss: load addr=0000cff6, load size=00000004 bytes, run addr=00000232, run size=00000004 bytes, compression=zero_init


LINKER GENERATED HANDLER TABLE

__TI_handler_table @ 0000cff0 records: 3, size/record: 2, table size: 6
	index: 0, handler: __TI_zero_init
	index: 1, handler: __TI_decompress_rle24
	index: 2, handler: __TI_decompress_none


GLOBAL SYMBOLS: SORTED ALPHABETICALLY BY Name 

address    name
--------   ----
0000004a   ADC10AE0
000001b0   ADC10CTL0
000001b2   ADC10CTL1
00000048   ADC10DTC0
00000049   ADC10DTC1
000001b4   ADC10MEM
000001bc   ADC10SA
00000057   BCSCTL1
00000058   BCSCTL2
00000053   BCSCTL3
0000cf1c   C$$EXIT
00000059   CACTL1
0000005a   CACTL2
000010fb   CALBC1_12MHZ
000010f9   CALBC1_16MHZ
000010ff   CALBC1_1MHZ
000010fd   CALBC1_8MHZ
000010fa   CALDCO_12MHZ
000010f8   CALDCO_16MHZ
000010fe   CALDCO_1MHZ
000010fc   CALDCO_8MHZ
0000005b   CAPD
0000cfc8   CAPSULE_VOLUME
00000056   DCOCTL
0000cfc2   DEFAULT_BOLUS_DOSAGE
0000cfc4   DEFAULT_BOLUS_MINS
0000cfc6   DEFAULT_FLOW_RATE
00000128   FCTL1
0000012a   FCTL2
0000012c   FCTL3
00000000   IE1
00000001   IE2
00000002   IFG1
00000003   IFG2
0000cfcc   MAX_BOLUS_DOSAGE
0000cfce   MAX_BOLUS_MINS
0000cfd2   MAX_FLOW_RATE
0000cfd0   MINIMUM_BOLUS_MINS
0000cfd4   MIN_FLOW_RATE
00000022   P1DIR
00000025   P1IE
00000024   P1IES
00000023   P1IFG
00000020   P1IN
00000021   P1OUT
00000027   P1REN
00000026   P1SEL
00000041   P1SEL2
0000002a   P2DIR
0000002d   P2IE
0000002c   P2IES
0000002b   P2IFG
00000028   P2IN
00000029   P2OUT
0000002f   P2REN
0000002e   P2SEL
00000042   P2SEL2
0000001a   P3DIR
00000018   P3IN
00000019   P3OUT
00000010   P3REN
0000001b   P3SEL
00000043   P3SEL2
00000202   PWM_Duty
00000200   PWM_Period
0000c8e0   Port_1
00000172   TA0CCR0
00000174   TA0CCR1
00000176   TA0CCR2
00000162   TA0CCTL0
00000164   TA0CCTL1
00000166   TA0CCTL2
00000160   TA0CTL
0000012e   TA0IV
00000170   TA0R
00000192   TA1CCR0
00000194   TA1CCR1
00000196   TA1CCR2
00000182   TA1CCTL0
00000184   TA1CCTL1
00000186   TA1CCTL2
00000180   TA1CTL
0000011e   TA1IV
00000190   TA1R
000010db   TLV_ADC10_1_LEN
000010da   TLV_ADC10_1_TAG
000010c0   TLV_CHECKSUM
000010f7   TLV_DCO_30_LEN
000010f6   TLV_DCO_30_TAG
0000cba2   Timer_A0
0000005d   UCA0ABCTL
00000062   UCA0BR0
00000063   UCA0BR1
00000060   UCA0CTL0
00000061   UCA0CTL1
0000005f   UCA0IRRCTL
0000005e   UCA0IRTCTL
00000064   UCA0MCTL
00000066   UCA0RXBUF
00000065   UCA0STAT
00000067   UCA0TXBUF
0000006a   UCB0BR0
0000006b   UCB0BR1
00000068   UCB0CTL0
00000069   UCB0CTL1
0000006c   UCB0I2CIE
00000118   UCB0I2COA
0000011a   UCB0I2CSA
0000006e   UCB0RXBUF
0000006d   UCB0STAT
0000006f   UCB0TXBUF
00000120   WDTCTL
00000400   __STACK_END
00000050   __STACK_SIZE
0000cffa   __TI_CINIT_Base
0000d002   __TI_CINIT_Limit
0000cff0   __TI_Handler_Table_Base
0000cff6   __TI_Handler_Table_Limit
UNDEFED    __TI_INITARRAY_Base
UNDEFED    __TI_INITARRAY_Limit
0000cf0c   __TI_ISR_TRAP
00000001   __TI_args_main
0000ce9c   __TI_decompress_none
0000cf12   __TI_decompress_rle24
00000001   __TI_exit
0000ffe4   __TI_int02
0000ffe6   __TI_int03
0000ffea   __TI_int05
0000ffec   __TI_int06
0000ffee   __TI_int07
0000fff0   __TI_int08
0000fff2   __TI_int09
0000fff4   __TI_int10
0000fff6   __TI_int11
0000fff8   __TI_int12
0000fffa   __TI_int13
0000fffc   __TI_int14
0000ce4c   __TI_zero_init
ffffffff   __binit__
ffffffff   __c_args__
0000c5b0   __mspabi_addf
0000cbec   __mspabi_cmpf
0000c846   __mspabi_divf
0000cd78   __mspabi_divi
0000ce36   __mspabi_divu
0000c96a   __mspabi_fixfi
0000cce8   __mspabi_fltif
0000cedc   __mspabi_func_epilog_1
0000ceda   __mspabi_func_epilog_2
0000ced8   __mspabi_func_epilog_3
0000ced6   __mspabi_func_epilog_4
0000ced4   __mspabi_func_epilog_5
0000ced2   __mspabi_func_epilog_6
0000ced0   __mspabi_func_epilog_7
0000ce74   __mspabi_mpyi
0000cd78   __mspabi_remi
0000ce36   __mspabi_remu
0000cd4c   __mspabi_srai
0000cd74   __mspabi_srai_1
0000cd62   __mspabi_srai_10
0000cd60   __mspabi_srai_11
0000cd5e   __mspabi_srai_12
0000cd5c   __mspabi_srai_13
0000cd5a   __mspabi_srai_14
0000cd58   __mspabi_srai_15
0000cd72   __mspabi_srai_2
0000cd70   __mspabi_srai_3
0000cd6e   __mspabi_srai_4
0000cd6c   __mspabi_srai_5
0000cd6a   __mspabi_srai_6
0000cd68   __mspabi_srai_7
0000cd66   __mspabi_srai_8
0000cd64   __mspabi_srai_9
0000c5aa   __mspabi_subf
0000ca96   _auto_init
0000cdec   _c_int00
0000cdec   _c_int00_noexit
0000fffe   _reset_vector
000003b0   _stack
0000cf18   _system_pre_init
0000cf1c   abort
ffffffff   binit
00000214   bolus_active
00000230   bolus_count
0000021e   bolus_countdown
00000220   bolus_countdown_prev
0000020a   bolus_dosage
00000224   bolus_dosage_changed
0000020c   bolus_mins
00000204   button
0000cef0   check_busy
00000206   count
00000216   current_time
0000cec0   data_write
0000cd1e   delay
0000cda4   deliverBolusDosage
00000226   dosage_cycle
0000ce20   factoryReset
00000228   fill_time
0000020e   flow_rate
00000222   flow_rate_changed
00000232   i
0000c9d2   itoa
00000234   j
0000cb4e   lcd_init
0000c000   main
0000022e   max_bolus_count
0000ceae   memcpy
0000ce60   memset
0000021a   next_valve_change
0000c6da   print
0000c7a0   printBolusCountdown
0000cdce   print_screen
0000caf4   recalculate_times
0000ccb2   reverse
0000cc36   send_command
0000cc74   send_data
0000ce88   send_string
0000ce06   strcat
0000cee0   strcpy
0000cefe   strlen
0000022c   timercount
00000210   total_delivered
00000208   valve


GLOBAL SYMBOLS: SORTED BY Symbol Address 

address    name
--------   ----
00000000   IE1
00000001   IE2
00000001   __TI_args_main
00000001   __TI_exit
00000002   IFG1
00000003   IFG2
00000010   P3REN
00000018   P3IN
00000019   P3OUT
0000001a   P3DIR
0000001b   P3SEL
00000020   P1IN
00000021   P1OUT
00000022   P1DIR
00000023   P1IFG
00000024   P1IES
00000025   P1IE
00000026   P1SEL
00000027   P1REN
00000028   P2IN
00000029   P2OUT
0000002a   P2DIR
0000002b   P2IFG
0000002c   P2IES
0000002d   P2IE
0000002e   P2SEL
0000002f   P2REN
00000041   P1SEL2
00000042   P2SEL2
00000043   P3SEL2
00000048   ADC10DTC0
00000049   ADC10DTC1
0000004a   ADC10AE0
00000050   __STACK_SIZE
00000053   BCSCTL3
00000056   DCOCTL
00000057   BCSCTL1
00000058   BCSCTL2
00000059   CACTL1
0000005a   CACTL2
0000005b   CAPD
0000005d   UCA0ABCTL
0000005e   UCA0IRTCTL
0000005f   UCA0IRRCTL
00000060   UCA0CTL0
00000061   UCA0CTL1
00000062   UCA0BR0
00000063   UCA0BR1
00000064   UCA0MCTL
00000065   UCA0STAT
00000066   UCA0RXBUF
00000067   UCA0TXBUF
00000068   UCB0CTL0
00000069   UCB0CTL1
0000006a   UCB0BR0
0000006b   UCB0BR1
0000006c   UCB0I2CIE
0000006d   UCB0STAT
0000006e   UCB0RXBUF
0000006f   UCB0TXBUF
00000118   UCB0I2COA
0000011a   UCB0I2CSA
0000011e   TA1IV
00000120   WDTCTL
00000128   FCTL1
0000012a   FCTL2
0000012c   FCTL3
0000012e   TA0IV
00000160   TA0CTL
00000162   TA0CCTL0
00000164   TA0CCTL1
00000166   TA0CCTL2
00000170   TA0R
00000172   TA0CCR0
00000174   TA0CCR1
00000176   TA0CCR2
00000180   TA1CTL
00000182   TA1CCTL0
00000184   TA1CCTL1
00000186   TA1CCTL2
00000190   TA1R
00000192   TA1CCR0
00000194   TA1CCR1
00000196   TA1CCR2
000001b0   ADC10CTL0
000001b2   ADC10CTL1
000001b4   ADC10MEM
000001bc   ADC10SA
00000200   PWM_Period
00000202   PWM_Duty
00000204   button
00000206   count
00000208   valve
0000020a   bolus_dosage
0000020c   bolus_mins
0000020e   flow_rate
00000210   total_delivered
00000214   bolus_active
00000216   current_time
0000021a   next_valve_change
0000021e   bolus_countdown
00000220   bolus_countdown_prev
00000222   flow_rate_changed
00000224   bolus_dosage_changed
00000226   dosage_cycle
00000228   fill_time
0000022c   timercount
0000022e   max_bolus_count
00000230   bolus_count
00000232   i
00000234   j
000003b0   _stack
00000400   __STACK_END
000010c0   TLV_CHECKSUM
000010da   TLV_ADC10_1_TAG
000010db   TLV_ADC10_1_LEN
000010f6   TLV_DCO_30_TAG
000010f7   TLV_DCO_30_LEN
000010f8   CALDCO_16MHZ
000010f9   CALBC1_16MHZ
000010fa   CALDCO_12MHZ
000010fb   CALBC1_12MHZ
000010fc   CALDCO_8MHZ
000010fd   CALBC1_8MHZ
000010fe   CALDCO_1MHZ
000010ff   CALBC1_1MHZ
0000c000   main
0000c5aa   __mspabi_subf
0000c5b0   __mspabi_addf
0000c6da   print
0000c7a0   printBolusCountdown
0000c846   __mspabi_divf
0000c8e0   Port_1
0000c96a   __mspabi_fixfi
0000c9d2   itoa
0000ca96   _auto_init
0000caf4   recalculate_times
0000cb4e   lcd_init
0000cba2   Timer_A0
0000cbec   __mspabi_cmpf
0000cc36   send_command
0000cc74   send_data
0000ccb2   reverse
0000cce8   __mspabi_fltif
0000cd1e   delay
0000cd4c   __mspabi_srai
0000cd58   __mspabi_srai_15
0000cd5a   __mspabi_srai_14
0000cd5c   __mspabi_srai_13
0000cd5e   __mspabi_srai_12
0000cd60   __mspabi_srai_11
0000cd62   __mspabi_srai_10
0000cd64   __mspabi_srai_9
0000cd66   __mspabi_srai_8
0000cd68   __mspabi_srai_7
0000cd6a   __mspabi_srai_6
0000cd6c   __mspabi_srai_5
0000cd6e   __mspabi_srai_4
0000cd70   __mspabi_srai_3
0000cd72   __mspabi_srai_2
0000cd74   __mspabi_srai_1
0000cd78   __mspabi_divi
0000cd78   __mspabi_remi
0000cda4   deliverBolusDosage
0000cdce   print_screen
0000cdec   _c_int00
0000cdec   _c_int00_noexit
0000ce06   strcat
0000ce20   factoryReset
0000ce36   __mspabi_divu
0000ce36   __mspabi_remu
0000ce4c   __TI_zero_init
0000ce60   memset
0000ce74   __mspabi_mpyi
0000ce88   send_string
0000ce9c   __TI_decompress_none
0000ceae   memcpy
0000cec0   data_write
0000ced0   __mspabi_func_epilog_7
0000ced2   __mspabi_func_epilog_6
0000ced4   __mspabi_func_epilog_5
0000ced6   __mspabi_func_epilog_4
0000ced8   __mspabi_func_epilog_3
0000ceda   __mspabi_func_epilog_2
0000cedc   __mspabi_func_epilog_1
0000cee0   strcpy
0000cef0   check_busy
0000cefe   strlen
0000cf0c   __TI_ISR_TRAP
0000cf12   __TI_decompress_rle24
0000cf18   _system_pre_init
0000cf1c   C$$EXIT
0000cf1c   abort
0000cfc2   DEFAULT_BOLUS_DOSAGE
0000cfc4   DEFAULT_BOLUS_MINS
0000cfc6   DEFAULT_FLOW_RATE
0000cfc8   CAPSULE_VOLUME
0000cfcc   MAX_BOLUS_DOSAGE
0000cfce   MAX_BOLUS_MINS
0000cfd0   MINIMUM_BOLUS_MINS
0000cfd2   MAX_FLOW_RATE
0000cfd4   MIN_FLOW_RATE
0000cff0   __TI_Handler_Table_Base
0000cff6   __TI_Handler_Table_Limit
0000cffa   __TI_CINIT_Base
0000d002   __TI_CINIT_Limit
0000ffe4   __TI_int02
0000ffe6   __TI_int03
0000ffea   __TI_int05
0000ffec   __TI_int06
0000ffee   __TI_int07
0000fff0   __TI_int08
0000fff2   __TI_int09
0000fff4   __TI_int10
0000fff6   __TI_int11
0000fff8   __TI_int12
0000fffa   __TI_int13
0000fffc   __TI_int14
0000fffe   _reset_vector
ffffffff   __binit__
ffffffff   __c_args__
ffffffff   binit
UNDEFED    __TI_INITARRAY_Base
UNDEFED    __TI_INITARRAY_Limit

[224 symbols]
