******************************************************************************
                  MSP430 Linker PC v4.3.3                      
******************************************************************************
>> Linked Tue Apr 14 03:26:42 2015

OUTPUT FILE NAME:   <User_Interface.out>
ENTRY POINT SYMBOL: "_c_int00"  address: 0000e39c


MEMORY CONFIGURATION

         name            origin    length      used     unused   attr    fill
----------------------  --------  ---------  --------  --------  ----  --------
  SFR                   00000000   00000010  00000000  00000010  RWIX
  PERIPHERALS_8BIT      00000010   000000f0  00000000  000000f0  RWIX
  PERIPHERALS_16BIT     00000100   00000100  00000000  00000100  RWIX
  RAM                   00000200   00000200  00000084  0000017c  RWIX
  INFOD                 00001000   00000040  00000000  00000040  RWIX
  INFOC                 00001040   00000040  00000000  00000040  RWIX
  INFOB                 00001080   00000040  00000000  00000040  RWIX
  INFOA                 000010c0   00000040  00000000  00000040  RWIX
  FLASH                 0000c000   00003fe0  000025ef  000019f1  RWIX
  INT00                 0000ffe0   00000002  00000000  00000002  RWIX
  INT01                 0000ffe2   00000002  00000000  00000002  RWIX
  INT02                 0000ffe4   00000002  00000002  00000000  RWIX
  INT03                 0000ffe6   00000002  00000002  00000000  RWIX
  INT04                 0000ffe8   00000002  00000000  00000002  RWIX
  INT05                 0000ffea   00000002  00000002  00000000  RWIX
  INT06                 0000ffec   00000002  00000002  00000000  RWIX
  INT07                 0000ffee   00000002  00000002  00000000  RWIX
  INT08                 0000fff0   00000002  00000002  00000000  RWIX
  INT09                 0000fff2   00000002  00000002  00000000  RWIX
  INT10                 0000fff4   00000002  00000002  00000000  RWIX
  INT11                 0000fff6   00000002  00000002  00000000  RWIX
  INT12                 0000fff8   00000002  00000002  00000000  RWIX
  INT13                 0000fffa   00000002  00000002  00000000  RWIX
  INT14                 0000fffc   00000002  00000002  00000000  RWIX
  RESET                 0000fffe   00000002  00000002  00000000  RWIX


SECTION ALLOCATION MAP

 output                                  attributes/
section   page    origin      length       input sections
--------  ----  ----------  ----------   ----------------
.init_array 
*          0    0000c000    00000000     UNINITIALIZED

.data      0    00000200    00000030     UNINITIALIZED
                  00000200    00000030     main.obj (.data)

.TI.persistent 
*          0    00000200    00000000     UNINITIALIZED

.bss       0    00000230    00000004     UNINITIALIZED
                  00000230    00000002     (.common:i)
                  00000232    00000002     (.common:j)

.TI.noinit 
*          0    00000230    00000000     UNINITIALIZED

.stack     0    000003b0    00000050     UNINITIALIZED
                  000003b0    00000002     rts430_eabi.lib : boot.obj (.stack)
                  000003b2    0000004e     --HOLE--

.text      0    0000c000    0000250e     
                  0000c000    0000056e     main.obj (.text:main)
                  0000c56e    00000462     rts430_eabi.lib : frcdivd.obj (.text:__TI_frcdivd)
                  0000c9d0    000002f4                     : frcmpyd.obj (.text:__TI_frcmpyd)
                  0000ccc4    000002e8                     : addd.obj (.text:__mspabi_addd)
                  0000cfac    0000026e                     : mpyd.obj (.text:__mspabi_mpyd)
                  0000d21a    00000260                     : frcaddd.obj (.text:__TI_frcaddd)
                  0000d47a    00000238                     : divd.obj (.text:__mspabi_divd)
                  0000d6b2    00000130                     : fs_add.obj (.text)
                  0000d7e2    0000012a     main.obj (.text:recalculate_times)
                  0000d90c    000000c6     main.obj (.text:print)
                  0000d9d2    000000be     rts430_eabi.lib : renormd.obj (.text:__TI_renormd)
                  0000da90    000000a6     main.obj (.text:printBolusCountdown)
                  0000db36    000000a2     rts430_eabi.lib : fltlid.obj (.text:__mspabi_fltlid)
                  0000dbd8    0000009a                     : fs_div.obj (.text)
                  0000dc72    0000008a     main.obj (.text:Port_1)
                  0000dcfc    00000072     rts430_eabi.lib : fixdli.obj (.text:__mspabi_fixdli)
                  0000dd6e    00000068                     : cvtfd.obj (.text:__mspabi_cvtfd)
                  0000ddd6    00000068                     : fs_toi.obj (.text)
                  0000de3e    00000066     main.obj (.text:itoa)
                  0000dea4    0000005e     rts430_eabi.lib : copy_decompress_rle.obj (.text:__TI_decompress_rle_core)
                  0000df02    0000005e                     : autoinit.obj (.text:_auto_init)
                  0000df60    0000005c                     : lsr32.obj (.text:l_lsr_const)
                  0000dfbc    00000054     main.obj (.text:lcd_init)
                  0000e010    0000004c     rts430_eabi.lib : lsr16.obj (.text)
                  0000e05c    0000004a     main.obj (.text:Timer_A0)
                  0000e0a6    0000004a     rts430_eabi.lib : fs_cmp.obj (.text)
                  0000e0f0    0000003e                     : asr32.obj (.text:l_asr_const)
                  0000e12e    0000003e                     : lsl32.obj (.text:l_lsl_const)
                  0000e16c    0000003e     main.obj (.text:send_command)
                  0000e1aa    0000003e     main.obj (.text:send_data)
                  0000e1e8    00000036     main.obj (.text:reverse)
                  0000e21e    00000036     rts430_eabi.lib : fs_itof.obj (.text)
                  0000e254    0000002e     main.obj (.text:delay)
                  0000e282    0000002c     rts430_eabi.lib : asr16.obj (.text)
                  0000e2ae    0000002c                     : div16s.obj (.text)
                  0000e2da    0000002c                     : lsl16.obj (.text)
                  0000e306    0000002a     main.obj (.text:deliverBolusDosage)
                  0000e330    00000028     rts430_eabi.lib : fixdi.obj (.text:__mspabi_fixdi)
                  0000e358    00000026                     : mult32.obj (.text)
                  0000e37e    0000001e     main.obj (.text:print_screen)
                  0000e39c    0000001a     rts430_eabi.lib : boot.obj (.text:_c_int00_noexit)
                  0000e3b6    0000001a                     : strcat.obj (.text:strcat)
                  0000e3d0    00000016     main.obj (.text:factoryReset)
                  0000e3e6    00000016     rts430_eabi.lib : div16u.obj (.text)
                  0000e3fc    00000014                     : copy_zero_init.obj (.text:decompress:ZI:__TI_zero_init)
                  0000e410    00000014                     : memset.obj (.text:memset)
                  0000e424    00000014                     : mult16.obj (.text)
                  0000e438    00000014     main.obj (.text:send_string)
                  0000e44c    00000012     rts430_eabi.lib : copy_decompress_none.obj (.text:decompress:none:__TI_decompress_none)
                  0000e45e    00000012                     : lsr32.obj (.text:l_lsr)
                  0000e470    00000012                     : memcpy.obj (.text:memcpy)
                  0000e482    00000010     main.obj (.text:data_write)
                  0000e492    00000010     rts430_eabi.lib : asr32.obj (.text:l_asr)
                  0000e4a2    00000010                     : lsl32.obj (.text:l_lsl)
                  0000e4b2    00000010                     : epilog.obj (.text)
                  0000e4c2    00000010                     : strcpy.obj (.text:strcpy)
                  0000e4d2    0000000e     main.obj (.text:check_busy)
                  0000e4e0    0000000e     rts430_eabi.lib : strlen.obj (.text:strlen)
                  0000e4ee    0000000c                     : fltid.obj (.text:__mspabi_fltid)
                  0000e4fa    00000006                     : isr_trap.obj (.text:__TI_ISR_TRAP)
                  0000e500    00000006                     : copy_decompress_rle.obj (.text:decompress:rle24:__TI_decompress_rle24)
                  0000e506    00000004                     : pre_init.obj (.text:_system_pre_init)
                  0000e50a    00000004                     : exit.obj (.text:abort)

.const     0    0000e50e    000000bb     
                  0000e50e    000000a2     main.obj (.const:.string)
                  0000e5b0    00000014     main.obj (.const)
                  0000e5c4    00000005     main.obj (.const:.string:$P$T0$1)

.cinit     0    0000e5ca    00000026     
                  0000e5ca    00000013     (.cinit..data.load) [load image, compression = rle]
                  0000e5dd    00000001     --HOLE-- [fill = 0]
                  0000e5de    00000006     (__TI_handler_table)
                  0000e5e4    00000004     (.cinit..bss.load) [load image, compression = zero_init]
                  0000e5e8    00000008     (__TI_cinit_table)

PORT1      0    0000ffe4    00000002     
                  0000ffe4    00000002     main.obj (.int02)

PORT2      0    0000ffe6    00000002     
                  0000ffe6    00000002     rts430_eabi.lib : int03.obj (.int03)

ADC10      0    0000ffea    00000002     
                  0000ffea    00000002     rts430_eabi.lib : int05.obj (.int05)

USCIAB0TX 
*          0    0000ffec    00000002     
                  0000ffec    00000002     rts430_eabi.lib : int06.obj (.int06)

USCIAB0RX 
*          0    0000ffee    00000002     
                  0000ffee    00000002     rts430_eabi.lib : int07.obj (.int07)

TIMER0_A1 
*          0    0000fff0    00000002     
                  0000fff0    00000002     rts430_eabi.lib : int08.obj (.int08)

TIMER0_A0 
*          0    0000fff2    00000002     
                  0000fff2    00000002     main.obj (.int09)

WDT        0    0000fff4    00000002     
                  0000fff4    00000002     rts430_eabi.lib : int10.obj (.int10)

COMPARATORA 
*          0    0000fff6    00000002     
                  0000fff6    00000002     rts430_eabi.lib : int11.obj (.int11)

TIMER1_A1 
*          0    0000fff8    00000002     
                  0000fff8    00000002     rts430_eabi.lib : int12.obj (.int12)

TIMER1_A0 
*          0    0000fffa    00000002     
                  0000fffa    00000002     rts430_eabi.lib : int13.obj (.int13)

NMI        0    0000fffc    00000002     
                  0000fffc    00000002     rts430_eabi.lib : int14.obj (.int14)

.reset     0    0000fffe    00000002     
                  0000fffe    00000002     rts430_eabi.lib : boot.obj (.reset)


LINKER GENERATED COPY TABLES

__TI_cinit_table @ 0000e5e8 records: 2, size/record: 4, table size: 8
	.data: load addr=0000e5ca, load size=00000013 bytes, run addr=00000200, run size=00000030 bytes, compression=rle
	.bss: load addr=0000e5e4, load size=00000004 bytes, run addr=00000230, run size=00000004 bytes, compression=zero_init


LINKER GENERATED HANDLER TABLE

__TI_handler_table @ 0000e5de records: 3, size/record: 2, table size: 6
	index: 0, handler: __TI_zero_init
	index: 1, handler: __TI_decompress_rle24
	index: 2, handler: __TI_decompress_none


GLOBAL SYMBOLS: SORTED ALPHABETICALLY BY Name 

address    name
--------   ----
0000004a   ADC10AE0
000001b0   ADC10CTL0
000001b2   ADC10CTL1
00000048   ADC10DTC0
00000049   ADC10DTC1
000001b4   ADC10MEM
000001bc   ADC10SA
00000057   BCSCTL1
00000058   BCSCTL2
00000053   BCSCTL3
0000e50a   C$$EXIT
00000059   CACTL1
0000005a   CACTL2
000010fb   CALBC1_12MHZ
000010f9   CALBC1_16MHZ
000010ff   CALBC1_1MHZ
000010fd   CALBC1_8MHZ
000010fa   CALDCO_12MHZ
000010f8   CALDCO_16MHZ
000010fe   CALDCO_1MHZ
000010fc   CALDCO_8MHZ
0000005b   CAPD
0000e5b6   CAPSULE_VOLUME
00000056   DCOCTL
0000e5b0   DEFAULT_BOLUS_DOSAGE
0000e5b2   DEFAULT_BOLUS_MINS
0000e5b4   DEFAULT_FLOW_RATE
00000128   FCTL1
0000012a   FCTL2
0000012c   FCTL3
00000000   IE1
00000001   IE2
00000002   IFG1
00000003   IFG2
0000e5ba   MAX_BOLUS_DOSAGE
0000e5bc   MAX_BOLUS_MINS
0000e5c0   MAX_FLOW_RATE
0000e5be   MINIMUM_BOLUS_MINS
0000e5c2   MIN_FLOW_RATE
00000022   P1DIR
00000025   P1IE
00000024   P1IES
00000023   P1IFG
00000020   P1IN
00000021   P1OUT
00000027   P1REN
00000026   P1SEL
00000041   P1SEL2
0000002a   P2DIR
0000002d   P2IE
0000002c   P2IES
0000002b   P2IFG
00000028   P2IN
00000029   P2OUT
0000002f   P2REN
0000002e   P2SEL
00000042   P2SEL2
0000001a   P3DIR
00000018   P3IN
00000019   P3OUT
00000010   P3REN
0000001b   P3SEL
00000043   P3SEL2
00000202   PWM_Duty
00000200   PWM_Period
0000dc72   Port_1
00000172   TA0CCR0
00000174   TA0CCR1
00000176   TA0CCR2
00000162   TA0CCTL0
00000164   TA0CCTL1
00000166   TA0CCTL2
00000160   TA0CTL
0000012e   TA0IV
00000170   TA0R
00000192   TA1CCR0
00000194   TA1CCR1
00000196   TA1CCR2
00000182   TA1CCTL0
00000184   TA1CCTL1
00000186   TA1CCTL2
00000180   TA1CTL
0000011e   TA1IV
00000190   TA1R
000010db   TLV_ADC10_1_LEN
000010da   TLV_ADC10_1_TAG
000010c0   TLV_CHECKSUM
000010f7   TLV_DCO_30_LEN
000010f6   TLV_DCO_30_TAG
0000e05c   Timer_A0
0000005d   UCA0ABCTL
00000062   UCA0BR0
00000063   UCA0BR1
00000060   UCA0CTL0
00000061   UCA0CTL1
0000005f   UCA0IRRCTL
0000005e   UCA0IRTCTL
00000064   UCA0MCTL
00000066   UCA0RXBUF
00000065   UCA0STAT
00000067   UCA0TXBUF
0000006a   UCB0BR0
0000006b   UCB0BR1
00000068   UCB0CTL0
00000069   UCB0CTL1
0000006c   UCB0I2CIE
00000118   UCB0I2COA
0000011a   UCB0I2CSA
0000006e   UCB0RXBUF
0000006d   UCB0STAT
0000006f   UCB0TXBUF
00000120   WDTCTL
00000400   __STACK_END
00000050   __STACK_SIZE
0000e5e8   __TI_CINIT_Base
0000e5f0   __TI_CINIT_Limit
0000e5de   __TI_Handler_Table_Base
0000e5e4   __TI_Handler_Table_Limit
UNDEFED    __TI_INITARRAY_Base
UNDEFED    __TI_INITARRAY_Limit
0000e4fa   __TI_ISR_TRAP
00000001   __TI_args_main
0000e44c   __TI_decompress_none
0000e500   __TI_decompress_rle24
00000001   __TI_exit
0000d21a   __TI_frcaddd
0000c56e   __TI_frcdivd
0000c9d0   __TI_frcmpyd
0000ffe4   __TI_int02
0000ffe6   __TI_int03
0000ffea   __TI_int05
0000ffec   __TI_int06
0000ffee   __TI_int07
0000fff0   __TI_int08
0000fff2   __TI_int09
0000fff4   __TI_int10
0000fff6   __TI_int11
0000fff8   __TI_int12
0000fffa   __TI_int13
0000fffc   __TI_int14
0000d9d2   __TI_renormd
0000e3fc   __TI_zero_init
ffffffff   __binit__
ffffffff   __c_args__
0000ccc4   __mspabi_addd
0000d6b8   __mspabi_addf
0000e0a6   __mspabi_cmpf
0000dd6e   __mspabi_cvtfd
0000d47a   __mspabi_divd
0000dbd8   __mspabi_divf
0000e2ae   __mspabi_divi
0000e3e6   __mspabi_divu
0000e330   __mspabi_fixdi
0000dcfc   __mspabi_fixdli
0000ddd6   __mspabi_fixfi
0000e4ee   __mspabi_fltid
0000e21e   __mspabi_fltif
0000db36   __mspabi_fltlid
0000e4be   __mspabi_func_epilog_1
0000e4bc   __mspabi_func_epilog_2
0000e4ba   __mspabi_func_epilog_3
0000e4b8   __mspabi_func_epilog_4
0000e4b6   __mspabi_func_epilog_5
0000e4b4   __mspabi_func_epilog_6
0000e4b2   __mspabi_func_epilog_7
0000cfac   __mspabi_mpyd
0000e424   __mspabi_mpyi
0000e358   __mspabi_mpyl
0000e2ae   __mspabi_remi
0000e3e6   __mspabi_remu
0000e2da   __mspabi_slli
0000e302   __mspabi_slli_1
0000e2f0   __mspabi_slli_10
0000e2ee   __mspabi_slli_11
0000e2ec   __mspabi_slli_12
0000e2ea   __mspabi_slli_13
0000e2e8   __mspabi_slli_14
0000e2e6   __mspabi_slli_15
0000e300   __mspabi_slli_2
0000e2fe   __mspabi_slli_3
0000e2fc   __mspabi_slli_4
0000e2fa   __mspabi_slli_5
0000e2f8   __mspabi_slli_6
0000e2f6   __mspabi_slli_7
0000e2f4   __mspabi_slli_8
0000e2f2   __mspabi_slli_9
0000e4a2   __mspabi_slll
0000e166   __mspabi_slll_1
0000e142   __mspabi_slll_10
0000e13e   __mspabi_slll_11
0000e13a   __mspabi_slll_12
0000e136   __mspabi_slll_13
0000e132   __mspabi_slll_14
0000e12e   __mspabi_slll_15
0000e162   __mspabi_slll_2
0000e15e   __mspabi_slll_3
0000e15a   __mspabi_slll_4
0000e156   __mspabi_slll_5
0000e152   __mspabi_slll_6
0000e14e   __mspabi_slll_7
0000e14a   __mspabi_slll_8
0000e146   __mspabi_slll_9
0000e282   __mspabi_srai
0000e2aa   __mspabi_srai_1
0000e298   __mspabi_srai_10
0000e296   __mspabi_srai_11
0000e294   __mspabi_srai_12
0000e292   __mspabi_srai_13
0000e290   __mspabi_srai_14
0000e28e   __mspabi_srai_15
0000e2a8   __mspabi_srai_2
0000e2a6   __mspabi_srai_3
0000e2a4   __mspabi_srai_4
0000e2a2   __mspabi_srai_5
0000e2a0   __mspabi_srai_6
0000e29e   __mspabi_srai_7
0000e29c   __mspabi_srai_8
0000e29a   __mspabi_srai_9
0000e492   __mspabi_sral
0000e128   __mspabi_sral_1
0000e104   __mspabi_sral_10
0000e100   __mspabi_sral_11
0000e0fc   __mspabi_sral_12
0000e0f8   __mspabi_sral_13
0000e0f4   __mspabi_sral_14
0000e0f0   __mspabi_sral_15
0000e124   __mspabi_sral_2
0000e120   __mspabi_sral_3
0000e11c   __mspabi_sral_4
0000e118   __mspabi_sral_5
0000e114   __mspabi_sral_6
0000e110   __mspabi_sral_7
0000e10c   __mspabi_sral_8
0000e108   __mspabi_sral_9
0000e010   __mspabi_srli
0000e056   __mspabi_srli_1
0000e032   __mspabi_srli_10
0000e02e   __mspabi_srli_11
0000e02a   __mspabi_srli_12
0000e026   __mspabi_srli_13
0000e022   __mspabi_srli_14
0000e01e   __mspabi_srli_15
0000e052   __mspabi_srli_2
0000e04e   __mspabi_srli_3
0000e04a   __mspabi_srli_4
0000e046   __mspabi_srli_5
0000e042   __mspabi_srli_6
0000e03e   __mspabi_srli_7
0000e03a   __mspabi_srli_8
0000e036   __mspabi_srli_9
0000e45e   __mspabi_srll
0000dfb4   __mspabi_srll_1
0000df7e   __mspabi_srll_10
0000df78   __mspabi_srll_11
0000df72   __mspabi_srll_12
0000df6c   __mspabi_srll_13
0000df66   __mspabi_srll_14
0000df60   __mspabi_srll_15
0000dfae   __mspabi_srll_2
0000dfa8   __mspabi_srll_3
0000dfa2   __mspabi_srll_4
0000df9c   __mspabi_srll_5
0000df96   __mspabi_srll_6
0000df90   __mspabi_srll_7
0000df8a   __mspabi_srll_8
0000df84   __mspabi_srll_9
0000d6b2   __mspabi_subf
0000df02   _auto_init
0000e39c   _c_int00
0000e39c   _c_int00_noexit
0000fffe   _reset_vector
000003b0   _stack
0000e506   _system_pre_init
0000e50a   abort
ffffffff   binit
00000212   bolus_active
0000022e   bolus_count
0000021c   bolus_countdown
0000021e   bolus_countdown_prev
0000020a   bolus_dosage
00000222   bolus_dosage_changed
0000020c   bolus_mins
00000204   button
0000e4d2   check_busy
00000206   count
00000214   current_time
0000e482   data_write
0000e254   delay
0000e306   deliverBolusDosage
00000224   dosage_cycle
0000e3d0   factoryReset
00000226   fill_time
0000020e   flow_rate
00000220   flow_rate_changed
00000230   i
0000de3e   itoa
00000232   j
0000dfbc   lcd_init
0000c000   main
0000022c   max_bolus_count
0000e470   memcpy
0000e410   memset
00000218   next_valve_change
0000d90c   print
0000da90   printBolusCountdown
0000e37e   print_screen
0000d7e2   recalculate_times
0000e1e8   reverse
0000e16c   send_command
0000e1aa   send_data
0000e438   send_string
0000e3b6   strcat
0000e4c2   strcpy
0000e4e0   strlen
0000022a   timercount
00000210   total_delivered
00000208   valve


GLOBAL SYMBOLS: SORTED BY Symbol Address 

address    name
--------   ----
00000000   IE1
00000001   IE2
00000001   __TI_args_main
00000001   __TI_exit
00000002   IFG1
00000003   IFG2
00000010   P3REN
00000018   P3IN
00000019   P3OUT
0000001a   P3DIR
0000001b   P3SEL
00000020   P1IN
00000021   P1OUT
00000022   P1DIR
00000023   P1IFG
00000024   P1IES
00000025   P1IE
00000026   P1SEL
00000027   P1REN
00000028   P2IN
00000029   P2OUT
0000002a   P2DIR
0000002b   P2IFG
0000002c   P2IES
0000002d   P2IE
0000002e   P2SEL
0000002f   P2REN
00000041   P1SEL2
00000042   P2SEL2
00000043   P3SEL2
00000048   ADC10DTC0
00000049   ADC10DTC1
0000004a   ADC10AE0
00000050   __STACK_SIZE
00000053   BCSCTL3
00000056   DCOCTL
00000057   BCSCTL1
00000058   BCSCTL2
00000059   CACTL1
0000005a   CACTL2
0000005b   CAPD
0000005d   UCA0ABCTL
0000005e   UCA0IRTCTL
0000005f   UCA0IRRCTL
00000060   UCA0CTL0
00000061   UCA0CTL1
00000062   UCA0BR0
00000063   UCA0BR1
00000064   UCA0MCTL
00000065   UCA0STAT
00000066   UCA0RXBUF
00000067   UCA0TXBUF
00000068   UCB0CTL0
00000069   UCB0CTL1
0000006a   UCB0BR0
0000006b   UCB0BR1
0000006c   UCB0I2CIE
0000006d   UCB0STAT
0000006e   UCB0RXBUF
0000006f   UCB0TXBUF
00000118   UCB0I2COA
0000011a   UCB0I2CSA
0000011e   TA1IV
00000120   WDTCTL
00000128   FCTL1
0000012a   FCTL2
0000012c   FCTL3
0000012e   TA0IV
00000160   TA0CTL
00000162   TA0CCTL0
00000164   TA0CCTL1
00000166   TA0CCTL2
00000170   TA0R
00000172   TA0CCR0
00000174   TA0CCR1
00000176   TA0CCR2
00000180   TA1CTL
00000182   TA1CCTL0
00000184   TA1CCTL1
00000186   TA1CCTL2
00000190   TA1R
00000192   TA1CCR0
00000194   TA1CCR1
00000196   TA1CCR2
000001b0   ADC10CTL0
000001b2   ADC10CTL1
000001b4   ADC10MEM
000001bc   ADC10SA
00000200   PWM_Period
00000202   PWM_Duty
00000204   button
00000206   count
00000208   valve
0000020a   bolus_dosage
0000020c   bolus_mins
0000020e   flow_rate
00000210   total_delivered
00000212   bolus_active
00000214   current_time
00000218   next_valve_change
0000021c   bolus_countdown
0000021e   bolus_countdown_prev
00000220   flow_rate_changed
00000222   bolus_dosage_changed
00000224   dosage_cycle
00000226   fill_time
0000022a   timercount
0000022c   max_bolus_count
0000022e   bolus_count
00000230   i
00000232   j
000003b0   _stack
00000400   __STACK_END
000010c0   TLV_CHECKSUM
000010da   TLV_ADC10_1_TAG
000010db   TLV_ADC10_1_LEN
000010f6   TLV_DCO_30_TAG
000010f7   TLV_DCO_30_LEN
000010f8   CALDCO_16MHZ
000010f9   CALBC1_16MHZ
000010fa   CALDCO_12MHZ
000010fb   CALBC1_12MHZ
000010fc   CALDCO_8MHZ
000010fd   CALBC1_8MHZ
000010fe   CALDCO_1MHZ
000010ff   CALBC1_1MHZ
0000c000   main
0000c56e   __TI_frcdivd
0000c9d0   __TI_frcmpyd
0000ccc4   __mspabi_addd
0000cfac   __mspabi_mpyd
0000d21a   __TI_frcaddd
0000d47a   __mspabi_divd
0000d6b2   __mspabi_subf
0000d6b8   __mspabi_addf
0000d7e2   recalculate_times
0000d90c   print
0000d9d2   __TI_renormd
0000da90   printBolusCountdown
0000db36   __mspabi_fltlid
0000dbd8   __mspabi_divf
0000dc72   Port_1
0000dcfc   __mspabi_fixdli
0000dd6e   __mspabi_cvtfd
0000ddd6   __mspabi_fixfi
0000de3e   itoa
0000df02   _auto_init
0000df60   __mspabi_srll_15
0000df66   __mspabi_srll_14
0000df6c   __mspabi_srll_13
0000df72   __mspabi_srll_12
0000df78   __mspabi_srll_11
0000df7e   __mspabi_srll_10
0000df84   __mspabi_srll_9
0000df8a   __mspabi_srll_8
0000df90   __mspabi_srll_7
0000df96   __mspabi_srll_6
0000df9c   __mspabi_srll_5
0000dfa2   __mspabi_srll_4
0000dfa8   __mspabi_srll_3
0000dfae   __mspabi_srll_2
0000dfb4   __mspabi_srll_1
0000dfbc   lcd_init
0000e010   __mspabi_srli
0000e01e   __mspabi_srli_15
0000e022   __mspabi_srli_14
0000e026   __mspabi_srli_13
0000e02a   __mspabi_srli_12
0000e02e   __mspabi_srli_11
0000e032   __mspabi_srli_10
0000e036   __mspabi_srli_9
0000e03a   __mspabi_srli_8
0000e03e   __mspabi_srli_7
0000e042   __mspabi_srli_6
0000e046   __mspabi_srli_5
0000e04a   __mspabi_srli_4
0000e04e   __mspabi_srli_3
0000e052   __mspabi_srli_2
0000e056   __mspabi_srli_1
0000e05c   Timer_A0
0000e0a6   __mspabi_cmpf
0000e0f0   __mspabi_sral_15
0000e0f4   __mspabi_sral_14
0000e0f8   __mspabi_sral_13
0000e0fc   __mspabi_sral_12
0000e100   __mspabi_sral_11
0000e104   __mspabi_sral_10
0000e108   __mspabi_sral_9
0000e10c   __mspabi_sral_8
0000e110   __mspabi_sral_7
0000e114   __mspabi_sral_6
0000e118   __mspabi_sral_5
0000e11c   __mspabi_sral_4
0000e120   __mspabi_sral_3
0000e124   __mspabi_sral_2
0000e128   __mspabi_sral_1
0000e12e   __mspabi_slll_15
0000e132   __mspabi_slll_14
0000e136   __mspabi_slll_13
0000e13a   __mspabi_slll_12
0000e13e   __mspabi_slll_11
0000e142   __mspabi_slll_10
0000e146   __mspabi_slll_9
0000e14a   __mspabi_slll_8
0000e14e   __mspabi_slll_7
0000e152   __mspabi_slll_6
0000e156   __mspabi_slll_5
0000e15a   __mspabi_slll_4
0000e15e   __mspabi_slll_3
0000e162   __mspabi_slll_2
0000e166   __mspabi_slll_1
0000e16c   send_command
0000e1aa   send_data
0000e1e8   reverse
0000e21e   __mspabi_fltif
0000e254   delay
0000e282   __mspabi_srai
0000e28e   __mspabi_srai_15
0000e290   __mspabi_srai_14
0000e292   __mspabi_srai_13
0000e294   __mspabi_srai_12
0000e296   __mspabi_srai_11
0000e298   __mspabi_srai_10
0000e29a   __mspabi_srai_9
0000e29c   __mspabi_srai_8
0000e29e   __mspabi_srai_7
0000e2a0   __mspabi_srai_6
0000e2a2   __mspabi_srai_5
0000e2a4   __mspabi_srai_4
0000e2a6   __mspabi_srai_3
0000e2a8   __mspabi_srai_2
0000e2aa   __mspabi_srai_1
0000e2ae   __mspabi_divi
0000e2ae   __mspabi_remi
0000e2da   __mspabi_slli
0000e2e6   __mspabi_slli_15
0000e2e8   __mspabi_slli_14
0000e2ea   __mspabi_slli_13
0000e2ec   __mspabi_slli_12
0000e2ee   __mspabi_slli_11
0000e2f0   __mspabi_slli_10
0000e2f2   __mspabi_slli_9
0000e2f4   __mspabi_slli_8
0000e2f6   __mspabi_slli_7
0000e2f8   __mspabi_slli_6
0000e2fa   __mspabi_slli_5
0000e2fc   __mspabi_slli_4
0000e2fe   __mspabi_slli_3
0000e300   __mspabi_slli_2
0000e302   __mspabi_slli_1
0000e306   deliverBolusDosage
0000e330   __mspabi_fixdi
0000e358   __mspabi_mpyl
0000e37e   print_screen
0000e39c   _c_int00
0000e39c   _c_int00_noexit
0000e3b6   strcat
0000e3d0   factoryReset
0000e3e6   __mspabi_divu
0000e3e6   __mspabi_remu
0000e3fc   __TI_zero_init
0000e410   memset
0000e424   __mspabi_mpyi
0000e438   send_string
0000e44c   __TI_decompress_none
0000e45e   __mspabi_srll
0000e470   memcpy
0000e482   data_write
0000e492   __mspabi_sral
0000e4a2   __mspabi_slll
0000e4b2   __mspabi_func_epilog_7
0000e4b4   __mspabi_func_epilog_6
0000e4b6   __mspabi_func_epilog_5
0000e4b8   __mspabi_func_epilog_4
0000e4ba   __mspabi_func_epilog_3
0000e4bc   __mspabi_func_epilog_2
0000e4be   __mspabi_func_epilog_1
0000e4c2   strcpy
0000e4d2   check_busy
0000e4e0   strlen
0000e4ee   __mspabi_fltid
0000e4fa   __TI_ISR_TRAP
0000e500   __TI_decompress_rle24
0000e506   _system_pre_init
0000e50a   C$$EXIT
0000e50a   abort
0000e5b0   DEFAULT_BOLUS_DOSAGE
0000e5b2   DEFAULT_BOLUS_MINS
0000e5b4   DEFAULT_FLOW_RATE
0000e5b6   CAPSULE_VOLUME
0000e5ba   MAX_BOLUS_DOSAGE
0000e5bc   MAX_BOLUS_MINS
0000e5be   MINIMUM_BOLUS_MINS
0000e5c0   MAX_FLOW_RATE
0000e5c2   MIN_FLOW_RATE
0000e5de   __TI_Handler_Table_Base
0000e5e4   __TI_Handler_Table_Limit
0000e5e8   __TI_CINIT_Base
0000e5f0   __TI_CINIT_Limit
0000ffe4   __TI_int02
0000ffe6   __TI_int03
0000ffea   __TI_int05
0000ffec   __TI_int06
0000ffee   __TI_int07
0000fff0   __TI_int08
0000fff2   __TI_int09
0000fff4   __TI_int10
0000fff6   __TI_int11
0000fff8   __TI_int12
0000fffa   __TI_int13
0000fffc   __TI_int14
0000fffe   _reset_vector
ffffffff   __binit__
ffffffff   __c_args__
ffffffff   binit
UNDEFED    __TI_INITARRAY_Base
UNDEFED    __TI_INITARRAY_Limit

[317 symbols]
