******************************************************************************
                  MSP430 Linker PC v4.3.3                      
******************************************************************************
>> Linked Fri Apr 03 14:49:44 2015

OUTPUT FILE NAME:   <User_Interface.out>
ENTRY POINT SYMBOL: "_c_int00"  address: 0000cc1a


MEMORY CONFIGURATION

         name            origin    length      used     unused   attr    fill
----------------------  --------  ---------  --------  --------  ----  --------
  SFR                   00000000   00000010  00000000  00000010  RWIX
  PERIPHERALS_8BIT      00000010   000000f0  00000000  000000f0  RWIX
  PERIPHERALS_16BIT     00000100   00000100  00000000  00000100  RWIX
  RAM                   00000200   00000200  00000060  000001a0  RWIX
  INFOD                 00001000   00000040  00000000  00000040  RWIX
  INFOC                 00001040   00000040  00000000  00000040  RWIX
  INFOB                 00001080   00000040  00000000  00000040  RWIX
  INFOA                 000010c0   00000040  00000000  00000040  RWIX
  FLASH                 0000c000   00003fe0  00000e6a  00003176  RWIX
  INT00                 0000ffe0   00000002  00000000  00000002  RWIX
  INT01                 0000ffe2   00000002  00000000  00000002  RWIX
  INT02                 0000ffe4   00000002  00000002  00000000  RWIX
  INT03                 0000ffe6   00000002  00000002  00000000  RWIX
  INT04                 0000ffe8   00000002  00000000  00000002  RWIX
  INT05                 0000ffea   00000002  00000002  00000000  RWIX
  INT06                 0000ffec   00000002  00000002  00000000  RWIX
  INT07                 0000ffee   00000002  00000002  00000000  RWIX
  INT08                 0000fff0   00000002  00000002  00000000  RWIX
  INT09                 0000fff2   00000002  00000002  00000000  RWIX
  INT10                 0000fff4   00000002  00000002  00000000  RWIX
  INT11                 0000fff6   00000002  00000002  00000000  RWIX
  INT12                 0000fff8   00000002  00000002  00000000  RWIX
  INT13                 0000fffa   00000002  00000002  00000000  RWIX
  INT14                 0000fffc   00000002  00000002  00000000  RWIX
  RESET                 0000fffe   00000002  00000002  00000000  RWIX


SECTION ALLOCATION MAP

 output                                  attributes/
section   page    origin      length       input sections
--------  ----  ----------  ----------   ----------------
.init_array 
*          0    0000c000    00000000     UNINITIALIZED

.data      0    00000200    0000000c     UNINITIALIZED
                  00000200    0000000c     main.obj (.data)

.TI.persistent 
*          0    00000200    00000000     UNINITIALIZED

.bss       0    0000020c    00000004     UNINITIALIZED
                  0000020c    00000002     (.common:i)
                  0000020e    00000002     (.common:j)

.TI.noinit 
*          0    0000020c    00000000     UNINITIALIZED

.stack     0    000003b0    00000050     UNINITIALIZED
                  000003b0    00000002     rts430_eabi.lib : boot.obj (.stack)
                  000003b2    0000004e     --HOLE--

.text      0    0000c000    00000d78     
                  0000c000    000005f2     main.obj (.text:main)
                  0000c5f2    00000116     rts430_eabi.lib : _printfi_min.obj (.text:_setfield)
                  0000c708    000000ca                     : _printfi_min.obj (.text:__TI_printfi_minimal)
                  0000c7d2    0000008a     main.obj (.text:Port_1)
                  0000c85c    0000005e     rts430_eabi.lib : copy_decompress_rle.obj (.text:__TI_decompress_rle_core)
                  0000c8ba    0000005e                     : autoinit.obj (.text:_auto_init)
                  0000c918    00000056                     : _printfi_min.obj (.text:_ltostr)
                  0000c96e    00000054     main.obj (.text:lcd_init)
                  0000c9c2    0000004e     rts430_eabi.lib : _printfi_min.obj (.text:_pproc_diouxp)
                  0000ca10    0000004c                     : lsr16.obj (.text)
                  0000ca5c    00000048                     : _printfi_min.obj (.text:_pproc_str)
                  0000caa4    0000003e     main.obj (.text:send_command)
                  0000cae2    0000003e     main.obj (.text:send_data)
                  0000cb20    00000038     rts430_eabi.lib : sprintf.obj (.text:sprintf)
                  0000cb58    0000002e                     : _printfi_min.obj (.text:_getarg_diouxp)
                  0000cb86    0000002e     main.obj (.text:delay)
                  0000cbb4    0000002c     rts430_eabi.lib : asr16.obj (.text)
                  0000cbe0    0000001e     main.obj (.text:print_screen)
                  0000cbfe    0000001c     rts430_eabi.lib : memccpy.obj (.text:memccpy)
                  0000cc1a    0000001a                     : boot.obj (.text:_c_int00_noexit)
                  0000cc34    0000001a                     : sprintf.obj (.text:_outs)
                  0000cc4e    00000018                     : _printfi_min.obj (.text:_div)
                  0000cc66    00000016     main.obj (.text:factoryReset)
                  0000cc7c    00000016     rts430_eabi.lib : div16u.obj (.text)
                  0000cc92    00000014                     : copy_zero_init.obj (.text:decompress:ZI:__TI_zero_init)
                  0000cca6    00000014                     : memset.obj (.text:memset)
                  0000ccba    00000014                     : mult16.obj (.text)
                  0000ccce    00000014     main.obj (.text:send_string)
                  0000cce2    00000012     rts430_eabi.lib : sprintf.obj (.text:_outc)
                  0000ccf4    00000012                     : copy_decompress_none.obj (.text:decompress:none:__TI_decompress_none)
                  0000cd06    00000012                     : memcpy.obj (.text:memcpy)
                  0000cd18    00000010     main.obj (.text:data_write)
                  0000cd28    00000010     main.obj (.text:printBolusCountdown)
                  0000cd38    00000010     rts430_eabi.lib : epilog.obj (.text)
                  0000cd48    0000000e     main.obj (.text:check_busy)
                  0000cd56    0000000e     rts430_eabi.lib : strlen.obj (.text:strlen)
                  0000cd64    00000006                     : isr_trap.obj (.text:__TI_ISR_TRAP)
                  0000cd6a    00000006                     : copy_decompress_rle.obj (.text:decompress:rle24:__TI_decompress_rle24)
                  0000cd70    00000004                     : pre_init.obj (.text:_system_pre_init)
                  0000cd74    00000004                     : exit.obj (.text:abort)

.const     0    0000cd78    000000d2     
                  0000cd78    000000ae     main.obj (.const:.string)
                  0000ce26    00000014     rts430_eabi.lib : _printfi_min.obj (.const:.string)
                  0000ce3a    00000010     main.obj (.const)

.cinit     0    0000ce4a    00000020     
                  0000ce4a    0000000d     (.cinit..data.load) [load image, compression = rle]
                  0000ce57    00000001     --HOLE-- [fill = 0]
                  0000ce58    00000006     (__TI_handler_table)
                  0000ce5e    00000004     (.cinit..bss.load) [load image, compression = zero_init]
                  0000ce62    00000008     (__TI_cinit_table)

PORT1      0    0000ffe4    00000002     
                  0000ffe4    00000002     main.obj (.int02)

PORT2      0    0000ffe6    00000002     
                  0000ffe6    00000002     rts430_eabi.lib : int03.obj (.int03)

ADC10      0    0000ffea    00000002     
                  0000ffea    00000002     rts430_eabi.lib : int05.obj (.int05)

USCIAB0TX 
*          0    0000ffec    00000002     
                  0000ffec    00000002     rts430_eabi.lib : int06.obj (.int06)

USCIAB0RX 
*          0    0000ffee    00000002     
                  0000ffee    00000002     rts430_eabi.lib : int07.obj (.int07)

TIMER0_A1 
*          0    0000fff0    00000002     
                  0000fff0    00000002     rts430_eabi.lib : int08.obj (.int08)

TIMER0_A0 
*          0    0000fff2    00000002     
                  0000fff2    00000002     rts430_eabi.lib : int09.obj (.int09)

WDT        0    0000fff4    00000002     
                  0000fff4    00000002     rts430_eabi.lib : int10.obj (.int10)

COMPARATORA 
*          0    0000fff6    00000002     
                  0000fff6    00000002     rts430_eabi.lib : int11.obj (.int11)

TIMER1_A1 
*          0    0000fff8    00000002     
                  0000fff8    00000002     rts430_eabi.lib : int12.obj (.int12)

TIMER1_A0 
*          0    0000fffa    00000002     
                  0000fffa    00000002     rts430_eabi.lib : int13.obj (.int13)

NMI        0    0000fffc    00000002     
                  0000fffc    00000002     rts430_eabi.lib : int14.obj (.int14)

.reset     0    0000fffe    00000002     
                  0000fffe    00000002     rts430_eabi.lib : boot.obj (.reset)


LINKER GENERATED COPY TABLES

__TI_cinit_table @ 0000ce62 records: 2, size/record: 4, table size: 8
	.data: load addr=0000ce4a, load size=0000000d bytes, run addr=00000200, run size=0000000c bytes, compression=rle
	.bss: load addr=0000ce5e, load size=00000004 bytes, run addr=0000020c, run size=00000004 bytes, compression=zero_init


LINKER GENERATED HANDLER TABLE

__TI_handler_table @ 0000ce58 records: 3, size/record: 2, table size: 6
	index: 0, handler: __TI_zero_init
	index: 1, handler: __TI_decompress_rle24
	index: 2, handler: __TI_decompress_none


GLOBAL SYMBOLS: SORTED ALPHABETICALLY BY Name 

address    name
--------   ----
0000004a   ADC10AE0
000001b0   ADC10CTL0
000001b2   ADC10CTL1
00000048   ADC10DTC0
00000049   ADC10DTC1
000001b4   ADC10MEM
000001bc   ADC10SA
00000057   BCSCTL1
00000058   BCSCTL2
00000053   BCSCTL3
0000cd74   C$$EXIT
00000059   CACTL1
0000005a   CACTL2
000010fb   CALBC1_12MHZ
000010f9   CALBC1_16MHZ
000010ff   CALBC1_1MHZ
000010fd   CALBC1_8MHZ
000010fa   CALDCO_12MHZ
000010f8   CALDCO_16MHZ
000010fe   CALDCO_1MHZ
000010fc   CALDCO_8MHZ
0000005b   CAPD
00000056   DCOCTL
0000ce3a   DEFAULT_BOLUS_DOSAGE
0000ce3c   DEFAULT_BOLUS_MINS
0000ce3e   DEFAULT_FLOW_RATE
00000128   FCTL1
0000012a   FCTL2
0000012c   FCTL3
00000000   IE1
00000001   IE2
00000002   IFG1
00000003   IFG2
0000ce40   MAX_BOLUS_DOSAGE
0000ce42   MAX_BOLUS_MINS
0000ce46   MAX_FLOW_RATE
0000ce44   MINIMUM_BOLUS_MINS
0000ce48   MIN_FLOW_RATE
00000022   P1DIR
00000025   P1IE
00000024   P1IES
00000023   P1IFG
00000020   P1IN
00000021   P1OUT
00000027   P1REN
00000026   P1SEL
00000041   P1SEL2
0000002a   P2DIR
0000002d   P2IE
0000002c   P2IES
0000002b   P2IFG
00000028   P2IN
00000029   P2OUT
0000002f   P2REN
0000002e   P2SEL
00000042   P2SEL2
0000001a   P3DIR
00000018   P3IN
00000019   P3OUT
00000010   P3REN
0000001b   P3SEL
00000043   P3SEL2
0000c7d2   Port_1
00000172   TA0CCR0
00000174   TA0CCR1
00000176   TA0CCR2
00000162   TA0CCTL0
00000164   TA0CCTL1
00000166   TA0CCTL2
00000160   TA0CTL
0000012e   TA0IV
00000170   TA0R
00000192   TA1CCR0
00000194   TA1CCR1
00000196   TA1CCR2
00000182   TA1CCTL0
00000184   TA1CCTL1
00000186   TA1CCTL2
00000180   TA1CTL
0000011e   TA1IV
00000190   TA1R
000010db   TLV_ADC10_1_LEN
000010da   TLV_ADC10_1_TAG
000010c0   TLV_CHECKSUM
000010f7   TLV_DCO_30_LEN
000010f6   TLV_DCO_30_TAG
0000005d   UCA0ABCTL
00000062   UCA0BR0
00000063   UCA0BR1
00000060   UCA0CTL0
00000061   UCA0CTL1
0000005f   UCA0IRRCTL
0000005e   UCA0IRTCTL
00000064   UCA0MCTL
00000066   UCA0RXBUF
00000065   UCA0STAT
00000067   UCA0TXBUF
0000006a   UCB0BR0
0000006b   UCB0BR1
00000068   UCB0CTL0
00000069   UCB0CTL1
0000006c   UCB0I2CIE
00000118   UCB0I2COA
0000011a   UCB0I2CSA
0000006e   UCB0RXBUF
0000006d   UCB0STAT
0000006f   UCB0TXBUF
00000120   WDTCTL
00000400   __STACK_END
00000050   __STACK_SIZE
0000ce62   __TI_CINIT_Base
0000ce6a   __TI_CINIT_Limit
0000ce58   __TI_Handler_Table_Base
0000ce5e   __TI_Handler_Table_Limit
UNDEFED    __TI_INITARRAY_Base
UNDEFED    __TI_INITARRAY_Limit
0000cd64   __TI_ISR_TRAP
00000001   __TI_args_main
0000ccf4   __TI_decompress_none
0000cd6a   __TI_decompress_rle24
00000001   __TI_exit
0000ffe4   __TI_int02
0000ffe6   __TI_int03
0000ffea   __TI_int05
0000ffec   __TI_int06
0000ffee   __TI_int07
0000fff0   __TI_int08
0000fff2   __TI_int09
0000fff4   __TI_int10
0000fff6   __TI_int11
0000fff8   __TI_int12
0000fffa   __TI_int13
0000fffc   __TI_int14
0000c708   __TI_printfi_minimal
0000cc92   __TI_zero_init
ffffffff   __binit__
ffffffff   __c_args__
0000cc7c   __mspabi_divu
0000cd44   __mspabi_func_epilog_1
0000cd42   __mspabi_func_epilog_2
0000cd40   __mspabi_func_epilog_3
0000cd3e   __mspabi_func_epilog_4
0000cd3c   __mspabi_func_epilog_5
0000cd3a   __mspabi_func_epilog_6
0000cd38   __mspabi_func_epilog_7
0000ccba   __mspabi_mpyi
0000cc7c   __mspabi_remu
0000cbb4   __mspabi_srai
0000cbdc   __mspabi_srai_1
0000cbca   __mspabi_srai_10
0000cbc8   __mspabi_srai_11
0000cbc6   __mspabi_srai_12
0000cbc4   __mspabi_srai_13
0000cbc2   __mspabi_srai_14
0000cbc0   __mspabi_srai_15
0000cbda   __mspabi_srai_2
0000cbd8   __mspabi_srai_3
0000cbd6   __mspabi_srai_4
0000cbd4   __mspabi_srai_5
0000cbd2   __mspabi_srai_6
0000cbd0   __mspabi_srai_7
0000cbce   __mspabi_srai_8
0000cbcc   __mspabi_srai_9
0000ca10   __mspabi_srli
0000ca56   __mspabi_srli_1
0000ca32   __mspabi_srli_10
0000ca2e   __mspabi_srli_11
0000ca2a   __mspabi_srli_12
0000ca26   __mspabi_srli_13
0000ca22   __mspabi_srli_14
0000ca1e   __mspabi_srli_15
0000ca52   __mspabi_srli_2
0000ca4e   __mspabi_srli_3
0000ca4a   __mspabi_srli_4
0000ca46   __mspabi_srli_5
0000ca42   __mspabi_srli_6
0000ca3e   __mspabi_srli_7
0000ca3a   __mspabi_srli_8
0000ca36   __mspabi_srli_9
0000c8ba   _auto_init
0000cc1a   _c_int00
0000cc1a   _c_int00_noexit
0000fffe   _reset_vector
000003b0   _stack
0000cd70   _system_pre_init
0000cd74   abort
ffffffff   binit
00000204   bolus_dosage
00000206   bolus_mins
00000200   button
0000cd48   check_busy
00000202   count
0000cd18   data_write
0000cb86   delay
0000cc66   factoryReset
00000208   flow_rate
0000020c   i
0000020e   j
0000c96e   lcd_init
0000c000   main
0000cbfe   memccpy
0000cd06   memcpy
0000cca6   memset
0000cd28   printBolusCountdown
0000cbe0   print_screen
0000caa4   send_command
0000cae2   send_data
0000ccce   send_string
0000cb20   sprintf
0000cd56   strlen
0000020a   total_delivered


GLOBAL SYMBOLS: SORTED BY Symbol Address 

address    name
--------   ----
00000000   IE1
00000001   IE2
00000001   __TI_args_main
00000001   __TI_exit
00000002   IFG1
00000003   IFG2
00000010   P3REN
00000018   P3IN
00000019   P3OUT
0000001a   P3DIR
0000001b   P3SEL
00000020   P1IN
00000021   P1OUT
00000022   P1DIR
00000023   P1IFG
00000024   P1IES
00000025   P1IE
00000026   P1SEL
00000027   P1REN
00000028   P2IN
00000029   P2OUT
0000002a   P2DIR
0000002b   P2IFG
0000002c   P2IES
0000002d   P2IE
0000002e   P2SEL
0000002f   P2REN
00000041   P1SEL2
00000042   P2SEL2
00000043   P3SEL2
00000048   ADC10DTC0
00000049   ADC10DTC1
0000004a   ADC10AE0
00000050   __STACK_SIZE
00000053   BCSCTL3
00000056   DCOCTL
00000057   BCSCTL1
00000058   BCSCTL2
00000059   CACTL1
0000005a   CACTL2
0000005b   CAPD
0000005d   UCA0ABCTL
0000005e   UCA0IRTCTL
0000005f   UCA0IRRCTL
00000060   UCA0CTL0
00000061   UCA0CTL1
00000062   UCA0BR0
00000063   UCA0BR1
00000064   UCA0MCTL
00000065   UCA0STAT
00000066   UCA0RXBUF
00000067   UCA0TXBUF
00000068   UCB0CTL0
00000069   UCB0CTL1
0000006a   UCB0BR0
0000006b   UCB0BR1
0000006c   UCB0I2CIE
0000006d   UCB0STAT
0000006e   UCB0RXBUF
0000006f   UCB0TXBUF
00000118   UCB0I2COA
0000011a   UCB0I2CSA
0000011e   TA1IV
00000120   WDTCTL
00000128   FCTL1
0000012a   FCTL2
0000012c   FCTL3
0000012e   TA0IV
00000160   TA0CTL
00000162   TA0CCTL0
00000164   TA0CCTL1
00000166   TA0CCTL2
00000170   TA0R
00000172   TA0CCR0
00000174   TA0CCR1
00000176   TA0CCR2
00000180   TA1CTL
00000182   TA1CCTL0
00000184   TA1CCTL1
00000186   TA1CCTL2
00000190   TA1R
00000192   TA1CCR0
00000194   TA1CCR1
00000196   TA1CCR2
000001b0   ADC10CTL0
000001b2   ADC10CTL1
000001b4   ADC10MEM
000001bc   ADC10SA
00000200   button
00000202   count
00000204   bolus_dosage
00000206   bolus_mins
00000208   flow_rate
0000020a   total_delivered
0000020c   i
0000020e   j
000003b0   _stack
00000400   __STACK_END
000010c0   TLV_CHECKSUM
000010da   TLV_ADC10_1_TAG
000010db   TLV_ADC10_1_LEN
000010f6   TLV_DCO_30_TAG
000010f7   TLV_DCO_30_LEN
000010f8   CALDCO_16MHZ
000010f9   CALBC1_16MHZ
000010fa   CALDCO_12MHZ
000010fb   CALBC1_12MHZ
000010fc   CALDCO_8MHZ
000010fd   CALBC1_8MHZ
000010fe   CALDCO_1MHZ
000010ff   CALBC1_1MHZ
0000c000   main
0000c708   __TI_printfi_minimal
0000c7d2   Port_1
0000c8ba   _auto_init
0000c96e   lcd_init
0000ca10   __mspabi_srli
0000ca1e   __mspabi_srli_15
0000ca22   __mspabi_srli_14
0000ca26   __mspabi_srli_13
0000ca2a   __mspabi_srli_12
0000ca2e   __mspabi_srli_11
0000ca32   __mspabi_srli_10
0000ca36   __mspabi_srli_9
0000ca3a   __mspabi_srli_8
0000ca3e   __mspabi_srli_7
0000ca42   __mspabi_srli_6
0000ca46   __mspabi_srli_5
0000ca4a   __mspabi_srli_4
0000ca4e   __mspabi_srli_3
0000ca52   __mspabi_srli_2
0000ca56   __mspabi_srli_1
0000caa4   send_command
0000cae2   send_data
0000cb20   sprintf
0000cb86   delay
0000cbb4   __mspabi_srai
0000cbc0   __mspabi_srai_15
0000cbc2   __mspabi_srai_14
0000cbc4   __mspabi_srai_13
0000cbc6   __mspabi_srai_12
0000cbc8   __mspabi_srai_11
0000cbca   __mspabi_srai_10
0000cbcc   __mspabi_srai_9
0000cbce   __mspabi_srai_8
0000cbd0   __mspabi_srai_7
0000cbd2   __mspabi_srai_6
0000cbd4   __mspabi_srai_5
0000cbd6   __mspabi_srai_4
0000cbd8   __mspabi_srai_3
0000cbda   __mspabi_srai_2
0000cbdc   __mspabi_srai_1
0000cbe0   print_screen
0000cbfe   memccpy
0000cc1a   _c_int00
0000cc1a   _c_int00_noexit
0000cc66   factoryReset
0000cc7c   __mspabi_divu
0000cc7c   __mspabi_remu
0000cc92   __TI_zero_init
0000cca6   memset
0000ccba   __mspabi_mpyi
0000ccce   send_string
0000ccf4   __TI_decompress_none
0000cd06   memcpy
0000cd18   data_write
0000cd28   printBolusCountdown
0000cd38   __mspabi_func_epilog_7
0000cd3a   __mspabi_func_epilog_6
0000cd3c   __mspabi_func_epilog_5
0000cd3e   __mspabi_func_epilog_4
0000cd40   __mspabi_func_epilog_3
0000cd42   __mspabi_func_epilog_2
0000cd44   __mspabi_func_epilog_1
0000cd48   check_busy
0000cd56   strlen
0000cd64   __TI_ISR_TRAP
0000cd6a   __TI_decompress_rle24
0000cd70   _system_pre_init
0000cd74   C$$EXIT
0000cd74   abort
0000ce3a   DEFAULT_BOLUS_DOSAGE
0000ce3c   DEFAULT_BOLUS_MINS
0000ce3e   DEFAULT_FLOW_RATE
0000ce40   MAX_BOLUS_DOSAGE
0000ce42   MAX_BOLUS_MINS
0000ce44   MINIMUM_BOLUS_MINS
0000ce46   MAX_FLOW_RATE
0000ce48   MIN_FLOW_RATE
0000ce58   __TI_Handler_Table_Base
0000ce5e   __TI_Handler_Table_Limit
0000ce62   __TI_CINIT_Base
0000ce6a   __TI_CINIT_Limit
0000ffe4   __TI_int02
0000ffe6   __TI_int03
0000ffea   __TI_int05
0000ffec   __TI_int06
0000ffee   __TI_int07
0000fff0   __TI_int08
0000fff2   __TI_int09
0000fff4   __TI_int10
0000fff6   __TI_int11
0000fff8   __TI_int12
0000fffa   __TI_int13
0000fffc   __TI_int14
0000fffe   _reset_vector
ffffffff   __binit__
ffffffff   __c_args__
ffffffff   binit
UNDEFED    __TI_INITARRAY_Base
UNDEFED    __TI_INITARRAY_Limit

[211 symbols]
